04-29 10:01:20.816109  6396  6396 D AstScreen.AssistantWindow: (main)reallyCloseWindow, mWindowIsAttachedtrue, DispalyUtilRealScreenWidth=1240, mWindowSlideView.getWidth=1240
04-29 10:01:20.816494  6396  6396 D AstScreen.LauncherOverlayCallbackProxy: (main)overlayScrollChanged: progress = 0.0
04-29 10:01:20.817419  2486  2545 D ZoomController: onRecentHomeClicked
04-29 10:01:20.819369  2810  2810 D OrientationRectF: Transforming rotation due to forceTransform, deltaRotation: 0mRotation: 0 this: RectF(0.0, 2695.0, 1240.0, 2772.0) rotation: 0
04-29 10:01:20.819455  2810  2810 I Launcher: OplusPagedViewImpl#onTouchEvent(), DOWN, scrollX=12352
04-29 10:01:20.819915  2810  2810 D Launcher.QuickStep: OplusBaseSwipeUpHandler#updateScrimIfNeed: showScrim=true, scrimAnimate=true, values: 0.3,os =0.3bs: 0.0
04-29 10:01:20.819972  2810  2810 D Launcher: DisplayDensityUtils#getDefaultDisplayContext=560,oriDensity=3.5,sDefaultDensityDpi=560,applicationInvertedScale=1.0, {560dpi always-compat}
04-29 10:01:20.820306  6396  6396 I AstScreen.AssistantViewCtrlWindow: (main)endScrollToLauncher mAssistantViewCtrl
04-29 10:01:20.820771  2810  2810 I Launcher: LauncherClient-OverlayCallbackProxy#onverlayScrollChanged, value:0.0, mAssistScreenShowing:false
04-29 10:01:20.821372  6396  6396 D AstScreen.AssistantViewCtrl: (main)scroll    0
04-29 10:01:20.821494  6396  6396 D AstScreen.RxAssistantCtrlStateChangeMonitor: (main)CTRL_STATE_SCROLL_IDLE idleState1001
04-29 10:01:20.821550  6396  6396 D AstScreen.AssistantHostView: (main)scroll, state: 0
04-29 10:01:20.821610  6396  6396 D AstScreen.AssistantScreenContainer: (main)scroll state:0
04-29 10:01:20.822734  1071  1071 D OplusLayer: setFlags sequence=22213, flags[0x00000000], mask[0x00000001], newFlags[0x00000000], name=Input Consumer recents_animation_input_consumer#22213
04-29 10:01:20.823026 31636 32321 D cutils-dev: properties changed in otrace_seq_number_changed!
04-29 10:01:20.824229  1848  1869 I FocusResolver: updateFocusedWindow, recents_animation_input_consumer on display 0, reason: setFocusedWindow, result:   FocusedWindows:
04-29 10:01:20.824229  1848  1869 I FocusResolver:     displayId=0, name='recents_animation_input_consumer'
04-29 10:01:20.824953  1848  1869 V InputDispatcher: currInputWindows displayId=0 {recents_animation_input_consumer,0,iC=0x100,a=1.00,tR=[0,0][1240,2772]} {c1df517 com.oplus.logkit/com.oplus.logkit.collect.activity.CollectActivity,0,iC=0x120,a=1.00,tR=[0,0][1240,2772]} {7460141 ActivityRecordInputSink com.oplus.logkit/.collect.activity.CollectActivity,0,iC=0xd,a=1.00,tR=[0,0][1240,2772]} {16b8b7c ActivityRecordInputSink com.oplus.logkit/.activity.MainActivity,0,iC=0xd,a=1.00,tR=[0,0][1240,2772]} {17ae47d ActivityRecordInputSink com.android.contacts/com.customize.contacts.activities.ContactsTabActivity,0,iC=0xf,a=1.00,tR=[-12399,-27719][12400,27720]} {acaa0f0 ActivityRecordInputSink com.tencent.mm/.ui.LauncherUI,0,iC=0xf,a=1.00,tR=[-12399,-27719][12400,27720]} {ecb9d4d ActivityRecordInputSink com.heytap.browser/com.android.browser.BrowserActivity,0,iC=0xf,a=1.00,tR=[-12399,-27719][12400,27720]} {bd580d6 ActivityRecordInputSink com.github.android/.activities.MainActivity,0,iC=0xf,a=1.00,tR=[-12399,-27719][12400,27720]} {f6455f4 ActivityRecordInputSink com.teamta
04-29 10:01:20.825343  1848  2123 V InputDispatcher: channel 'c1df517 com.oplus.logkit/com.oplus.logkit.collect.activity.CollectActivity (server)' ~  publishFocusEvent(hasFocus=false)
04-29 10:01:20.825482 24478 24478 D VRI[CollectActivity]: onFocusEvent false
04-29 10:01:20.825506  1848  2123 V InputDispatcher: channel 'recents_animation_input_consumer (server)' ~  publishFocusEvent(hasFocus=true)
04-29 10:01:20.825621 24478 24478 D VRI[CollectActivity]: send msg MSG_WINDOW_FOCUS_CHANGED with caller android.view.ViewRootImplExtImpl.markAndDumpWindowFocusChangeMsg:956 android.view.ViewRootImpl.windowFocusChanged:9837 android.view.ViewRootImpl$WindowInputEventReceiver.onFocusEvent:9550 android.os.MessageQueue.nativePollOnce:-2 android.os.MessageQueue.next:349 android.os.Looper.loopOnce:186 android.os.Looper.loop:351 android.app.ActivityThread.main:8399 java.lang.reflect.Method.invoke:-2 com.android.internal.os.RuntimeInit$MethodAndArgsCaller.run:584 com.android.internal.os.ZygoteInit.main:1013 <bottom of call stack> <bottom of call stack> <bottom of call stack> <bottom of call stack> <bottom of call stack> <bottom of call stack> <bottom of call stack> <bottom of call stack> <bottom of call stack> 
04-29 10:01:20.825747 24478 24478 D VRI[CollectActivity]: handleWindowFocusChanged mWindowFocusChanged true mUpcomingWindowFocus false mAdded true
04-29 10:01:20.825782 24478 24478 V ImeFocusController: updateImeFocusable hasImeFocus = true
04-29 10:01:20.825791 24478 24478 V ImeFocusController: onPreWindowFocus hasWindowFocus = false mViewRootImpl = android.view.ViewRootImpl@1c33c2f
04-29 10:01:20.826042  2810  2822 W System  : A resource failed to call release. 
04-29 10:01:20.826213  1071  1149 D OplusLayer: SurfaceControl destroy layer sequence=32763, seq[2], name=Surface(name=WallpaperWindowToken{c40069c token=android.os.Binder@d642370})/@0x12fe38a - animation-leash of window_animation#32763
04-29 10:01:20.827805  2810  2810 D OrientationRectF: Transforming rotation due to forceTransform, deltaRotation: 0mRotation: 0 this: RectF(0.0, 2695.0, 1240.0, 2772.0) rotation: 0
04-29 10:01:20.828553  2810  2822 W System  : A resource failed to call release. 
04-29 10:01:20.828663  2810  2822 W System  : A resource failed to call release. 
04-29 10:01:20.828664  1071  1149 D OplusLayer: SurfaceControl destroy layer sequence=32745, seq[2], name=Surface(name=WallpaperWindowToken{c40069c token=android.os.Binder@d642370})/@0x12fe38a - animation-leash of window_animation#32745
04-29 10:01:20.828700  1071  1149 D OplusLayer: SurfaceControl destroy layer sequence=32743, seq[50], name=Surface(name=Task=2)/@0x70e7991 - animation-leash of app_transition#32743
04-29 10:01:20.828956  2810  2822 W System  : A resource failed to call release. 
04-29 10:01:20.829047  1071  1149 D OplusLayer: SurfaceControl destroy layer sequence=32744, seq[133], name=Surface(name=Task=3412)/@0x4ae6821 - animation-leash of app_transition#32744
04-29 10:01:20.829085  2810  2822 W System  : A resource failed to call release. 
04-29 10:01:20.829127  2810  2822 W System  : A resource failed to call release. 
04-29 10:01:20.829140  1071  1149 D OplusLayer: SurfaceControl destroy layer sequence=32717, seq[2], name=Surface(name=WallpaperWindowToken{c40069c token=android.os.Binder@d642370})/@0x12fe38a - animation-leash of window_animation#32717
04-29 10:01:20.829166  2810  2822 W System  : A resource failed to call release. 
04-29 10:01:20.829183  1071  1605 D OplusLayer: SurfaceControl destroy layer sequence=32715, seq[182], name=Surface(name=Task=3412)/@0x4ae6821 - animation-leash of app_transition#32715
04-29 10:01:20.829273  1071  1605 D OplusLayer: SurfaceControl destroy layer sequence=32716, seq[48], name=Surface(name=Task=2)/@0x70e7991 - animation-leash of app_transition#32716
04-29 10:01:20.829447 13462 31445 D CCodecBufferChannel: queue an empty work to hal
04-29 10:01:20.830018   956 31451 D C2MtkVdec: [0xB400007E99264A00] dummy work received, wake up fetch thread
04-29 10:01:20.830058   956 31451 D C2MtkBufferManager: [0xB400007E98073020] wakeUpFetchThread release mThreadSem mCcThreadSem
04-29 10:01:20.830076   956 31451 D C2MtkVdec: [0xB400007E99264A00] updateRuntimeInfo: isTextureView 1, mConsumerUsage 256, hasPostproc 0, width 1344, height 2432, opRate 0.000000
04-29 10:01:20.830098   956 31451 D C2MtkComponentStore: onRuntimeInfoUpdated[0xB400007E99277020]: runtime info updated.
04-29 10:01:20.830107   956 31451 D C2MtkComponentStore: onRuntimeInfoUpdated[0xB400007E99277020]: valid, cUid 10251, cPid 13462, psDisabled 0, isCpuDemanding 1, cluster , minFreq 
04-29 10:01:20.830114   956 31451 D C2MtkComponentStore: onRuntimeInfoUpdated[0xB400007E99277020]: normal mode. isHeavyLoading 1, numOfValInst 1, psDisable 0
04-29 10:01:20.830125   956 31451 D C2MtkVdec: [0xB400007E99264A00] No future processing required.
04-29 10:01:20.830194  2810  2822 W System  : A resource failed to call release. 
04-29 10:01:20.830277  2810  2822 W System  : A resource failed to call release. 
04-29 10:01:20.830280 24478 32296 D OplusTraceHandler: Start Trace Looper
04-29 10:01:20.830284  1071  1605 D OplusLayer: SurfaceControl destroy layer sequence=32625, seq[181], name=Surface(name=Task=3411)/@0x86acae8 - animation-leash of app_transition#32625
04-29 10:01:20.830421  1071  1605 D OplusLayer: SurfaceControl destroy layer sequence=32626, seq[48], name=Surface(name=Task=2)/@0x70e7991 - animation-leash of app_transition#32626
04-29 10:01:20.831482  6396  6396 D AstScreen.MainPageFixedCard: (main)card: (60, 1, 0)   onScrollState:: 0
04-29 10:01:20.831993  6396  6396 D AstScreen.MainPageFixedCard: (main)card: (0, 1, 0)   onScrollState:: 0
04-29 10:01:20.832019  1071  1071 I DispPerfService: updateLayerMask 9
04-29 10:01:20.832361  1071  1071 I CompositionEngine: intentInfo:i:303,c:1,h:0,p3:1,hh:0,h10+:0,db:0
04-29 10:01:20.832397 24478 32322 I OneTrace:ForegroundObs: Register ActivityLifecycleCallback
04-29 10:01:20.832481  6396  6396 D AstScreen.MainPageCardView: (main)card: (100086, 1, 0)   onScrollState:: 0
04-29 10:01:20.832605  6396  6396 D AstScreen.InstantCardStatusHelper: (main)widgetCode:: 100086&1&0 ===0 
04-29 10:01:20.832620 24478 32322 D OneTrace:ForegroundObs: Register ActivityLifecycleCallback succeed!
04-29 10:01:20.833350 24478 32322 D OplusTraceManager: Add duration limit listener for thread=32322
04-29 10:01:20.833485  2486  2486 D SystemUi--NavBar: NavigationBar-->onSystemBarAttributesChanged: newAppearance:8 nbModeChanged:false mNavigationBarMode:0 oldBehavior:1 newBehavior:1
04-29 10:01:20.833971   971   999 I mtkpower@impl: [setMode] type:6, enabled:1
04-29 10:01:20.833998   971   999 E mtkpower@impl: [setMode] unknown type
04-29 10:01:20.835418  6396  6396 D AstScreen.QuickAppEngineManager: (main)setScrollState: url = hap://widget/com.gly.topwidget/, widgetCode = 100086&1&0, state = 0
04-29 10:01:20.835555  6396  6396 D AstScreen.MainPageCardView: (main)card: (2, 1, 0)   onScrollState:: 0
04-29 10:01:20.835588  6396  6396 D AstScreen.MainPageCardView: (main)card: (7, 1, 0)   onScrollState:: 0
04-29 10:01:20.835612  6396  6396 D AstScreen.MainPageCardView: (main)card: (77, 1, 0)   onScrollState:: 0
04-29 10:01:20.835629  6396  6396 D AstScreen.MainPageCardView: (main)card: (57, 2, 0)   onScrollState:: 0
04-29 10:01:20.835653  6396  6396 D AstScreen.AssistantViewCtrl: (main)AssistantViewCtrl exit
04-29 10:01:20.835685  6396  6396 D AstScreen.RxAssistantCtrlStateChangeMonitor: (main)CTRL_STATE_EXIT
04-29 10:01:20.835753  6396  6396 D AstScreen.AssistantHostView: (main)exit, hashCode: 77384480
04-29 10:01:20.835783  6396  6396 D AstScreen.BasedHostView: (main)exit
04-29 10:01:20.835808  6396  6396 D AstScreen.AssistantScreenContainer: (main)exit isEnter:false
04-29 10:01:20.835830  6396  6396 I AstScreen.AssistantServiceMediator: (main)exitToLauncher
04-29 10:01:20.835854  6396  6396 D AstScreen.RxCompatibleWindowStateMonitor: (main)COMPATIBLE_WINDOW_STATE_CLOSE
04-29 10:01:20.836092  2810  2810 D OrientationRectF: Transforming rotation due to forceTransform, deltaRotation: 0mRotation: 0 this: RectF(0.0, 2695.0, 1240.0, 2772.0) rotation: 0
04-29 10:01:20.836289  6396 30726 D AstScreen.VisualMessageConfigImpl: (RxCachedThreadScheduler-297)window state : 1000
04-29 10:01:20.838207 24478 31756 D OplusTraceManager: Filter changed: hashCode=-1619277793, pid=24478
04-29 10:01:20.838480  6396 30726 D AstScreen.OperatingCardsManager: (RxCachedThreadScheduler-297)window state : 1000
04-29 10:01:20.838660 24478 31756 D OneTrace: converted 91 element(s)
04-29 10:01:20.838695  6396  7500 D AstScreen.VisualMessageConfigImpl: (card_model_thread)not satisfy request isRequesting=false windowState=1000
04-29 10:01:20.838896  6396  6396 D AstScreen.MainThreadIdleHandler: (main)is run on main thread: true
04-29 10:01:20.838972  6396  6396 D AstScreen.MainPageProcessTrack: (main)onExit()
04-29 10:01:20.839016  6396  6396 D AstScreen.MainPageProcessTrack: (main)onExit() is not effect
04-29 10:01:20.839037  6396  6396 D AstScreen.MainPageScene: (main)releaseTrace() null
04-29 10:01:20.839063  6396  6396 D AstScreen.AssistantScreenContainer: (main)showContainerView
04-29 10:01:20.839975  6396  6396 D AstScreen.RxWindowStateChangeMonitor: (main)WINDOW_STATE_CLOSE
04-29 10:01:20.840148  6396  6396 D AstScreen.AnimationManagerImpl: (main)onRecentsAnimationStart: targetView = null
04-29 10:01:20.840767  6396  7872 D AstScreen.OperatingCardsManager: (card_model_thread)requestDataAndRunTask cardInsertSwitchStatus=0 windowState=1000 lastRequestTime=-1 editMode=false
04-29 10:01:20.842526  1848 32251 D OplusTraceHandler: Start Trace Looper
04-29 10:01:20.843343  6396  6396 D AstScreen.ShortcutsCardView: (main)windowStateChange, it=1001
04-29 10:01:20.843506  6396  6396 D AstScreen.RxScrollBehaviorStateMonitor: (main)notifyStateChange value = false animState = 0 scrollState = 0 windowScrollState = 0 dragState = 0
04-29 10:01:20.843578  6396  6396 D AstScreen.BasedCardListView: (main)window state close
04-29 10:01:20.843630  6396  6396 D AstScreen.MainThreadIdleHandler: (main)runOnIdleHandler
04-29 10:01:20.843649  6396  6396 D AstScreen.SauHelper: (main)stop check sau
04-29 10:01:20.844191  1848  1848 D EyeProtect: AiCurveManager:decisionDataUsage front average lux is  134.2  back average lux is   5.0
04-29 10:01:20.844202  1848  1848 D EyeProtect: AiCurveManager:decisionDataUsage use front data 
04-29 10:01:20.844215  1848  1848 I AICCTModule: SensorFilter: findSecondNearestValue, cct
04-29 10:01:20.844222  1848  1848 I AICCTModule: SensorFilter: findSecondNearestValue, nearestMaxLux:5357.0
04-29 10:01:20.844227  1848  1848 I AICCTModule: SensorFilter: findSecondNearestValue, secondNearestLux:5359.0
04-29 10:01:20.844283  1848  3699 D AICCTModule: AICurveModel: handleMessage MSG_SENSOR_CHANGED, mSensorValue:5359.0
04-29 10:01:20.844307  1848  3699 D AICCTModule: AICurveModel: handleUpdateCCT mSensorValue:5359.0, isReset:false
04-29 10:01:20.844307  2810  2810 D OrientationRectF: Transforming rotation due to forceTransform, deltaRotation: 0mRotation: 0 this: RectF(0.0, 2695.0, 1240.0, 2772.0) rotation: 0
04-29 10:01:20.844329  1848  3699 I AICCTModule: AICurveModel: findPointByX x:12.720519, rightPoint:Point:(12.73, 6129.5215, 6129.5215)
04-29 10:01:20.844337  1848  3699 I AICCTModule: AICurveModel: StablePoints has no dragSplineLine
04-29 10:01:20.844343  1848  3699 I AICCTModule: AICurveModel: findPointByY y:6118.9927, rightPoint:Point:(12.719999, 6118.9927, 6118.9927)
04-29 10:01:20.844348  1848  3699 I AICCTModule: AICurveModel: findPointByY y:6118.9927, rightPoint:Point:(12.719999, 6118.9927, 6118.9927)
04-29 10:01:20.844355  1848  3699 I AICCTModule: AICurveModel: findPointByY y:6118.9927, rightPoint:Point:(12.719999, 6118.9927, 6118.9927)
04-29 10:01:20.844359  1848  3699 I AICCTModule: AICurveModel: StablePoints y1Left:6118.9927, y2Left:0.0, leftY:6118.9927
04-29 10:01:20.844363  1848  3699 I AICCTModule: AICurveModel: findPointByY y:6118.9927, rightPoint:Point:(12.719999, 6118.9927, 6118.9927)
04-29 10:01:20.844367  1848  3699 I AICCTModule: AICurveModel: findPointByY y:6118.9927, rightPoint:Point:(12.719999, 6118.9927, 6118.9927)
04-29 10:01:20.844370  1848  3699 I AICCTModule: AICurveModel: getNextPoint isLargeChange, 5372.889, 6129.5215
04-29 10:01:20.844374  1848  3699 I AICCTModule: AICurveModel: handleUpdateCCT cct change from 6118.9927, to 6129.5215
04-29 10:01:20.844377  1848  3699 I AICCTModule: AICurveModel: handleUpdateCCT TargetEffectPoint update, 5372.889, 6129.5215
04-29 10:01:20.844402  1848  3699 I AICCTModule: AICurveModel: onTargetCCTChange cct change to 6129.5215
04-29 10:01:20.844439  1848  1848 D EyeProtect: AiCurveManager:msg_on_target_changed_ai:6130
04-29 10:01:20.844449  1848  1848 D EyeProtect: AiCurveManager:average:134.2
04-29 10:01:20.844493  1848  1848 D EyeProtect: AnimationManager:showForAnimation  cct:6130   enable:false  grayOnOrNot:0  during:4000 is color temperature enable changed  false
04-29 10:01:20.844502  1848  1848 D EyeProtect: AnimationManager:animationDuring:4000   current:6119  target:6130  mRate:0.00275 mAnimating  false
04-29 10:01:20.845138 32020 32130 I LogHandler/AbstractLogInstance: getResponse, responseStr = get_sublog_list,AndroidLog_1;KernelLog_1;ATFLog_1;BSPLog_1;SCPLog_1;SSPMLog_1;ADSPLog_1;MCUPMLog_1;ConnsysPicusLog_1;APUSYSLog_1;VCPLog_1;DpmaifLog_1 and waiting time = 100
04-29 10:01:20.845154 32020 32130 I LogHandler/AbstractLogInstance: <--getValueFromServer(), serverValue = AndroidLog_1;KernelLog_1;ATFLog_1;BSPLog_1;SCPLog_1;SSPMLog_1;ADSPLog_1;MCUPMLog_1;ConnsysPicusLog_1;APUSYSLog_1;VCPLog_1;DpmaifLog_1
04-29 10:01:20.845188 32020 32130 I LogHandler/AbstractLogInstance: -->executeCommand(), command = sublog_SSPMLog=1, isWaitingResponse = false
04-29 10:01:20.845195 32020 32130 I LogHandler/AbstractLogConnection: sendToServer() mServerName = mobilelogd data = sublog_SSPMLog=1
04-29 10:01:20.847221  1848 32324 I OneTrace:ForegroundObs: Register ActivityLifecycleCallback
04-29 10:01:20.847381  1848 32324 D OneTrace:ForegroundObs: Persist disable filter for system_server
04-29 10:01:20.847665  1848 32324 D OneTrace:ForegroundObs: Register ActivityLifecycleCallback succeed!
04-29 10:01:20.848367  1848 32324 D OplusTraceManager: Add duration limit listener for thread=32324
04-29 10:01:20.849677 13462 31445 D CCodecBufferChannel: queue an empty work to hal
04-29 10:01:20.850039   956 31451 D C2MtkVdec: [0xB400007E99264A00] dummy work received, wake up fetch thread
04-29 10:01:20.850059   956 31451 D C2MtkBufferManager: [0xB400007E98073020] wakeUpFetchThread release mThreadSem mCcThreadSem
04-29 10:01:20.850066   956 31451 D C2MtkVdec: [0xB400007E99264A00] updateRuntimeInfo: isTextureView 1, mConsumerUsage 256, hasPostproc 0, width 1344, height 2432, opRate 0.000000
04-29 10:01:20.850079   956 31451 D C2MtkComponentStore: onRuntimeInfoUpdated[0xB400007E99277020]: runtime info updated.
04-29 10:01:20.850081   956 31451 D C2MtkComponentStore: onRuntimeInfoUpdated[0xB400007E99277020]: valid, cUid 10251, cPid 13462, psDisabled 0, isCpuDemanding 1, cluster , minFreq 
04-29 10:01:20.850084   956 31451 D C2MtkComponentStore: onRuntimeInfoUpdated[0xB400007E99277020]: normal mode. isHeavyLoading 1, numOfValInst 1, psDisable 0
04-29 10:01:20.850087   956 31451 D C2MtkVdec: [0xB400007E99264A00] No future processing required.
04-29 10:01:20.851298  1848  2098 D OplusTraceManager: Filter changed: hashCode=-1619277793, pid=1848
04-29 10:01:20.851753  1848  2098 D OneTrace: converted 91 element(s)
04-29 10:01:20.852509  2810  2810 D OrientationRectF: Transforming rotation due to forceTransform, deltaRotation: 0mRotation: 0 this: RectF(0.0, 2695.0, 1240.0, 2772.0) rotation: 0
04-29 10:01:20.853680  1848  1893 D EyeProtect: AnimationManager:Calculate rate is 1.0 my rate is 0.00275 color temperature change is  false
04-29 10:01:20.854472  1848  1848 I OplusBinderProxy: pb uid: 10300 pid: 13884 desc: android.database.IContentObserver/2
04-29 10:01:20.861641  1848  1893 D EyeProtect: AnimationManager:Calculate rate is 1.0 my rate is 0.00275 color temperature change is  false
04-29 10:01:20.861851  2810  2810 D OrientationRectF: Transforming rotation due to forceTransform, deltaRotation: 0mRotation: 0 this: RectF(0.0, 2695.0, 1240.0, 2772.0) rotation: 0
04-29 10:01:20.861906  1848  1893 W SettingsProvider: notifyForSettingsChange delay for eyeprotect_display_cct, value: 6121, delta: 8, lastNotifyTimestamp: 71186341, minInterval: 10
04-29 10:01:20.869215  2810  2810 D OrientationRectF: Transforming rotation due to forceTransform, deltaRotation: 0mRotation: 0 this: RectF(0.0, 2695.0, 1240.0, 2772.0) rotation: 0
04-29 10:01:20.869231  1848  1893 D EyeProtect: AnimationManager:Calculate rate is 1.0 my rate is 0.00275 color temperature change is  false
04-29 10:01:20.870333  1848  1893 W SettingsProvider: notifyForSettingsChange delay for eyeprotect_display_cct, value: 6122, delta: 7, lastNotifyTimestamp: 71186351, minInterval: 10
04-29 10:01:20.877433  2810  2810 D OrientationRectF: Transforming rotation due to forceTransform, deltaRotation: 0mRotation: 0 this: RectF(0.0, 2695.0, 1240.0, 2772.0) rotation: 0
04-29 10:01:20.877666  1848  1893 D EyeProtect: AnimationManager:Calculate rate is 1.0 my rate is 0.00275 color temperature change is  false
04-29 10:01:20.878008  1848  1893 W SettingsProvider: notifyForSettingsChange delay for eyeprotect_display_cct, value: 6123, delta: 4, lastNotifyTimestamp: 71186361, minInterval: 10
04-29 10:01:20.880085 13462 31445 D BufferPoolAccessor2.0: bufferpool2 0xb400007ebc8c4028 : 8(41943040 size) total buffers - 7(36700160 size) used buffers - 473/482 (recycle/alloc) - 9/782 (fetch/transfer)
04-29 10:01:20.880583 13462 31445 D CCodecBuffers: [c2.mtk.hevc.decoder#654:1D-Input.Impl[N]] Client returned a buffer it does not own according to our record: 3
04-29 10:01:20.881541 13462 20232 D BufferPoolAccessor2.0: bufferpool2 0xb400007e345b7628 : 0(0 size) total buffers - 0(0 size) used buffers - 174/183 (recycle/alloc) - 9/273 (fetch/transfer)
04-29 10:01:20.881639 13462 20232 D BufferPoolAccessor2.0: Destruction - bufferpool2 0xb400007e345b7628 cached: 0/0M, 0/0% in use; allocs: 183, 95% recycled; transfers: 273, 97% unfetched
04-29 10:01:20.882735 13462 31445 D CCodecBuffers: [c2.mtk.hevc.decoder#654:1D-Input.Impl[N]] Client returned a buffer it does not own according to our record: 0
04-29 10:01:20.885619  2810  2810 D OrientationRectF: Transforming rotation due to forceTransform, deltaRotation: 0mRotation: 0 this: RectF(0.0, 2695.0, 1240.0, 2772.0) rotation: 0
04-29 10:01:20.886299  1848  1893 D EyeProtect: AnimationManager:Calculate rate is 1.0 my rate is 0.00275 color temperature change is  false
04-29 10:01:20.886847  1848  1893 W SettingsProvider: notifyForSettingsChange delay for eyeprotect_display_cct, value: 6124, delta: 3, lastNotifyTimestamp: 71186371, minInterval: 10
04-29 10:01:20.889510  1848  2124 V InputDispatcher: notifyMotion - id=1668b891 eventTime=71186377206000, deviceId=2, source=0x1002, displayId=0, policyFlags=0x0, action=0x1, actionButton=0x0, flags=0x0, metaState=0x0, buttonState=0x0, edgeFlags=0x0, xPrecision=10.000000, yPrecision=10.000000, xCursorPosition=nan, yCursorPosition=nan, downTime=71186176450000
04-29 10:01:20.889572  1848  2124 V InputDispatcher:   Pointer 0: id=0, toolType=1, x=703.299988, y=2215.000000, pressure=1.000000, size=0.019608, touchMajor=0.500000, touchMinor=0.500000, toolMajor=0.500000, toolMinor=0.500000, orientation=0.000000
04-29 10:01:20.889707  1848  2124 I OsenseResManagerService: osense native set notification: src 1000 type 1 p1 -1 p2 -1 p3 -1 p4 
04-29 10:01:20.890199  1848  2123 V InputDispatcher: dispatchMotion - eventTime=71186377206000, deviceId=2, source=0x1002, displayId=0, policyFlags=0x62000000, action=UP, actionButton=0x0, flags=0x0, metaState=0x0, buttonState=0x0,edgeFlags=0x0, xPrecision=10.000000, yPrecision=10.000000, downTime=71186176450000
04-29 10:01:20.890258  1848  2123 V InputDispatcher:   Pointer 0: id=0, toolType=1, x=703.299988, y=2215.000000, pressure=1.000000, size=0.019608, touchMajor=0.500000, touchMinor=0.500000, toolMajor=0.500000, toolMinor=0.500000, orientation=0.000000
04-29 10:01:20.890359  1071  1653 D VRR [OTI]: updateInputKey type: 1 [eMotionUp]
04-29 10:01:20.890383  1071  1653 D VRR [OTI]: scheduleIdle with 3500000000
04-29 10:01:20.890414   971  1115 I libPowerHal: [perfLockRel] hdl:79107, idx:0
04-29 10:01:20.890491   971  1115 I libPowerHal: [PD] MTKPOWER_HINT_APP_TOUCH update cmd:3408b00 param:0
04-29 10:01:20.890671  1848  2123 V InputDispatcher: channel '[Gesture Monitor] swipe-up (server)' ~ eventTime=71186377206000, downTime=71186176450000
04-29 10:01:20.890701  1848  2123 V InputDispatcher: Pointer 0: id=0, toolType=1, x=703.299988, y=2215.000000
04-29 10:01:20.890855  2810  2810 D OrientationRectF: Transforming rotation due to forceTransform, deltaRotation: 0mRotation: 0 this: RectF(0.0, 2695.0, 1240.0, 2772.0) rotation: 0
04-29 10:01:20.890882  2810  2810 D Launcher: OplusInputInterceptHelper#interceptAndInjectMotionEvent: event finished, and action is 1
04-29 10:01:20.890888  2810  2810 D Launcher: OplusInputInterceptHelper#resetState()
04-29 10:01:20.890931  1848  2123 V InputDispatcher: channel '[Gesture Monitor] edge-swipe (server)' ~ eventTime=71186377206000, downTime=71186176450000
04-29 10:01:20.890953  2810  2810 D Launcher: OplusPagedViewImpl#interceptUpEventWhenDragged(), velocity=2631, delta=159.09998, pageOrientedSize=899, isSignificantMove=false, isDeltaLeft=true, isVelocityLeft=true, passedSlop=true, isFling=true, mFreeScroll=false, mMaxScroll=12352, mMinScroll=0, mCurrentPage=0, childCount=18
04-29 10:01:20.890957  1848  2123 V InputDispatcher: Pointer 0: id=0, toolType=1, x=703.299988, y=2215.000000
04-29 10:01:20.891102  1848  2123 V InputDispatcher: channel '[Gesture Monitor] OplusExInputReceiver1 (server)' ~ eventTime=71186377206000, downTime=71186176450000
04-29 10:01:20.891147  2810  2810 D Launcher: PagedView# mCurrentPage ref validateNewPage this = com.android.quickstep.views.LauncherRecentsView{4e76214 I.ED..... ......ID 0,0-1240,2772 #7f0a03a3 app:id/overview_panel viewInfo = } newPage = 1  call = com.android.launcher.OplusPagedViewImpl.snapToPageWithVelocity:1 com.android.launcher.OplusPagedViewImpl.interceptUpEventWhenDragged:37 com.android.launcher3.PagedView.onTouchEvent:67 com.android.launcher.OplusPagedViewImpl.onTouchEvent:22 com.android.quickstep.views.RecentsView.lambda$getEventDispatcher$32:1 com.android.quickstep.views.RecentsView.L:0 com.android.quickstep.views.p.accept:90 com.android.quickstep.util.CachedEventDispatcher.dispatchEvent:2  
04-29 10:01:20.891152  1848  2123 V InputDispatcher: Pointer 0: id=0, toolType=1, x=703.299988, y=2215.000000
04-29 10:01:20.891272  2810  2810 D Launcher: PagedView# mCurrentPage ref validateNewPage this = com.android.quickstep.views.LauncherRecentsView{4e76214 I.ED..... ......ID 0,0-1240,2772 #7f0a03a3 app:id/overview_panel viewInfo = } newPage = 1  call = com.android.launcher.OplusPagedViewImpl.oplusSnapToPage:3 com.android.launcher.OplusPagedViewImpl.snapToPage:7 com.android.quickstep.views.OplusRecentsViewImpl.snapToPage:2 com.android.launcher3.PagedView.snapToPage:7 com.android.launcher.OplusPagedViewImpl.snapToPageWithVelocity:15 com.android.launcher.OplusPagedViewImpl.interceptUpEventWhenDragged:37 com.android.launcher3.PagedView.onTouchEvent:67 com.android.launcher.OplusPagedViewImpl.onTouchEvent:22  
04-29 10:01:20.891312  2810  2810 I Launcher: OplusPagedViewImpl#snapToPage(), whichPage=1, delta=-680, duration=680, immediate=false
04-29 10:01:20.891322  1848  2123 V InputDispatcher: channel 'PointerEventDispatcher0 (server)' ~ eventTime=71186377206000, downTime=71186176450000
04-29 10:01:20.891350  2810  2810 D Launcher.QuickStep: OplusOtherActivityInputConsumer#finishTouchTracking(), mPassedWindowMoveSlop=true, mInteractionHandler null ? false, action=1
04-29 10:01:20.891345  1848  2123 V InputDispatcher: Pointer 0: id=0, toolType=1, x=703.299988, y=2215.000000
04-29 10:01:20.891603  2810  2810 D Launcher.QuickStep: OplusBaseSwipeUpHandler#onGestureEnded: endVelocity = -4.1181054, velocity = PointF(2.2442229, -4.1181054), downPos = PointF(544.2, 2710.6)
04-29 10:01:20.891652  2810  2810 D MultiStateCallback: [14245926] Adding [STATE_GESTURE_COMPLETED (1024)] to [STATE_LAUNCHER_PRESENT, STATE_LAUNCHER_STARTED, STATE_LAUNCHER_DRAWN, STATE_LAUNCHER_BIND_TO_SERVICE, STATE_APP_CONTROLLER_RECEIVED, STATE_GESTURE_STARTED (287)]
04-29 10:01:20.892290  2486  2486 D SystemUi--NavBar: EventInterceptInjectHelper-->finish this dragging process, reset state
04-29 10:01:20.894018  1848  1893 D EyeProtect: AnimationManager:Calculate rate is 1.0 my rate is 0.00275 color temperature change is  false
04-29 10:01:20.894358  1848  1893 W SettingsProvider: notifyForSettingsChange delay for eyeprotect_display_cct, value: 6125, delta: 1, lastNotifyTimestamp: 71186381, minInterval: 10
04-29 10:01:20.895994  1265  1320 I MobileLogD: recv sublog_SSPMLog=1 from 6
04-29 10:01:20.896291  2810  2810 D Launcher.QuickStep: OplusBaseSwipeUpHandler#calculateEndTarget: endTarget = HOME, runningTaskId=3413, nextPage=1, hasTargets=true, velocity = PointF(2.2442229, -4.1181054), endVelocity = -4.1181054, isFling = true, mUpPos = PointF(703.3, 2215.0), isCancel = false, goingToNewTask = true, reachedOverviewThreshold = true, mGestureStarted = true
04-29 10:01:20.896429  2810  2810 D MultiStateCallback: [132287360] Adding [STATE_END_TARGET_SET (1)] to [STATE_RECENTS_ANIMATION_INITIALIZED, STATE_RECENTS_ANIMATION_STARTED (12)]
04-29 10:01:20.896618  2810  2810 D Launcher.QuickStep: BaseActivityInterface#setEndTarget=Normal
04-29 10:01:20.896746  2810  2810 D Launcher.QuickStep: OplusBaseSwipeUpHandler#jumpToAppIconPageIfNeeded()
04-29 10:01:20.897305  2810  2810 D Launcher.Common: OplusWorkspace#findAppIconAndChangePageIfNeeded: packageName = com.oplus.logkit, className = com.oplus.logkit.activity.MainActivity
04-29 10:01:20.897367  2810  2810 D Launcher.Common: OplusWorkspace#findAppIconAndChangePageIfNeeded: isAppStartFromCard = false, finalLaunchCookieItemId = -2147483648, bigFolderMaxItemCountOnePage = 9
04-29 10:01:20.897559  2810  2810 D Launcher: RecentsBooster#closeCpu: mIsCpuBoostOpened = true, isGestureRunning = false
04-29 10:01:20.897590  2810  2810 D Launcher: LauncherBooster#notify uifirst, scene=InRecentsView, pkg=com.android.launcher, type=4, pid=2810, renderTid=0, uxValue=1, flag=0, needNotify=true, uiFirstmanager null ? false
04-29 10:01:20.897753  2810  2810 D Launcher.QuickStep: OplusBaseSwipeUpHandler#animateToProgress: start = 0.6859235, end = 1.0, currentProgress = 0.6497216, target = HOME, mActivity: isFinishing=false, isDestroyed=false, mRecentsView null ? false, isPageInTransitiontrue
04-29 10:01:20.897811  2810  2810 D Launcher.QuickStep: OplusBaseSwipeUpHandler#animateToProgressInternal: start = 0.6497216, end = 1.0, duration=250, target = HOME
04-29 10:01:20.897826  2810  2810 D Launcher.QuickStep: OplusBaseSwipeUpHandler#cancelScrimFadeAnimIfNeed
04-29 10:01:20.897902  2810  2810 D Launcher.QuickStep: OplusBaseSwipeUpHandler#updateScrimIfNeed: showScrim=false, scrimAnimate=true, values: 0.0,os =0.3bs: 0.0
04-29 10:01:20.897925  2810  2810 D Launcher.QuickStep: AbsSwipeUpHandler#maybeUpdateRecentsAttachedState: , animate=true, recentsAttachedToAppWindow = false, mContinuingLastGesture = false, mIsLikelyToStartNewTask = false
04-29 10:01:20.897998  2810  2810 D Launcher: OplusLauncherSwipeHandlerV2Impl#createHomeAnimationFactory: , runningTaskIndex= 0, currentPage= 0, runningTaskView= 3413, currentPageTaskView= 3413
04-29 10:01:20.898120  1265  1320 D MobileLogD: write sublog_SSPMLog=1,1 to client 6 
04-29 10:01:20.898168  2810  2810 D Launcher: OLauncher#getFirstMatchForAppClose: cachedClickedItemInfo = com.oplus.logkit
04-29 10:01:20.898168  2810  2810 D Launcher: ,info = WorkspaceItemInfo(id=42 type=APP container=hotseat targetComponent=ComponentInfo{com.android.contacts/com.android.contacts.DialtactsActivityAlias} screen=0 cell(0,0) span(1,1) minSpan(1,1) rank=1 user=UserHandle{0} title=, update=false, limit=false, runtime=101000000, status=0 intent=Intent { act=android.intent.action.MAIN cat=[android.intent.category.LAUNCHER] flg=0x10200000 cmp=com.android.contacts/.DialtactsActivityAlias bnds=[44,2424][333,2718] })
04-29 10:01:20.898176  1265  1320 D MobileLogD: write to client over
04-29 10:01:20.898217  2810  2810 D Launcher: OLauncher#getFirstMatchForAppClose: cachedClickedItemInfo = com.oplus.logkit
04-29 10:01:20.898217  2810  2810 D Launcher: ,info = WorkspaceItemInfo(id=43 type=APP container=hotseat targetComponent=ComponentInfo{com.android.mms/com.android.mms.ui.ConversationList} screen=1 cell(1,0) span(1,1) minSpan(1,1) rank=0 user=UserHandle{0} title=, update=false, limit=false, runtime=101000000, status=0 intent=Intent { act=android.intent.action.MAIN cat=[android.intent.category.LAUNCHER] flg=0x10200000 cmp=com.android.mms/.ui.ConversationList bnds=[338,2429][627,2723] })
04-29 10:01:20.898270  2810  2810 D Launcher: OLauncher#getFirstMatchForAppClose: cachedClickedItemInfo = com.oplus.logkit
04-29 10:01:20.898270  2810  2810 D Launcher: ,info = WorkspaceItemInfo(id=1108 type=APP container=hotseat targetComponent=ComponentInfo{com.github.android/com.github.android.activities.MainActivity} screen=2 cell(2,0) span(1,1) minSpan(1,1) rank=0 user=UserHandle{0} title=GitHub, update=false, limit=false, runtime=110000000, status=0 intent=Intent { act=android.intent.action.MAIN cat=[android.intent.category.LAUNCHER] flg=0x10200000 cmp=com.github.android/.activities.MainActivity })
04-29 10:01:20.898321  2810  2810 D Launcher: OLauncher#getFirstMatchForAppClose: cachedClickedItemInfo = com.oplus.logkit
04-29 10:01:20.898321  2810  2810 D Launcher: ,info = WorkspaceItemInfo(id=896 type=APP container=hotseat targetComponent=ComponentInfo{com.tencent.mm/com.tencent.mm.ui.LauncherUI} screen=3 cell(3,0) span(1,1) minSpan(1,1) rank=0 user=UserHandle{0} title=, update=false, limit=false, runtime=110000000, status=0 intent=Intent { act=android.intent.action.MAIN cat=[android.intent.category.LAUNCHER] flg=0x10200000 cmp=com.tencent.mm/.ui.LauncherUI bnds=[919,2432][1208,2726] })
04-29 10:01:20.898371  2810  2810 D Launcher: OLauncher#getFirstMatchForAppClose: cachedClickedItemInfo = com.oplus.logkit
04-29 10:01:20.898371  2810  2810 D Launcher: ,info = WorkspaceItemInfo(id=2 type=APP container=desktop targetComponent=ComponentInfo{com.coloros.calendar/com.android.calendar.AllInOneActivity} screen=0 cell(0,3) span(1,1) minSpan(1,1) rank=1 user=UserHandle{0} title=, update=false, limit=false, runtime=110000000, status=0 intent=Intent { act=android.intent.action.MAIN cat=[android.intent.category.LAUNCHER] flg=0x10200000 cmp=com.coloros.calendar/com.android.calendar.AllInOneActivity })
04-29 10:01:20.898415  2810  2810 D Launcher: OLauncher#getFirstMatchForAppClose: cachedClickedItemInfo = com.oplus.logkit
04-29 10:01:20.898415  2810  2810 D Launcher: ,info = WorkspaceItemInfo(id=3 type=APP container=desktop targetComponent=ComponentInfo{com.coloros.weather2/com.oplus.weather.main.view.WeatherMainActivity} screen=0 cell(1,3) span(1,1) minSpan(1,1) rank=0 user=UserHandle{0} title=, update=true, limit=false, runtime=110000000, status=0 intent=Intent { act=android.intent.action.MAIN cat=[android.intent.category.LAUNCHER] flg=0x10200000 cmp=com.coloros.weather2/com.oplus.weather.main.view.WeatherMainActivity })
04-29 10:01:20.898463  2810  2810 D Launcher: OLauncher#getFirstMatchForAppClose: cachedClickedItemInfo = com.oplus.logkit
04-29 10:01:20.898463  2810  2810 D Launcher: ,info = WorkspaceItemInfo(id=4 type=APP container=desktop targetComponent=ComponentInfo{com.coloros.alarmclock/com.oplus.alarmclock.AlarmClock} screen=0 cell(2,3) span(1,1) minSpan(1,1) rank=0 user=UserHandle{0} title=, update=false, limit=false, runtime=110000000, status=0 intent=Intent { act=android.intent.action.MAIN cat=[android.intent.category.LAUNCHER] flg=0x10200000 cmp=com.coloros.alarmclock/com.oplus.alarmclock.AlarmClock })
04-29 10:01:20.898472 32020 32130 I DebugLoggerUI/DebugLoggerUIService: Receive adb command,, command=set_sublog_7_1, logCluster= 1
04-29 10:01:20.898497  2810  2810 D Launcher: OLauncher#getFirstMatchForAppClose: cachedClickedItemInfo = com.oplus.logkit
04-29 10:01:20.898497  2810  2810 D Launcher: ,info = FolderInfo(id=13 type=FOLDER container=desktop targetComponent=null screen=0 cell(3,3) span(1,1) minSpan(1,1) rank=0 user=UserHandle{0} title=, mRecommendId: -1)
04-29 10:01:20.898501 32020 32130 I DebugLoggerUI/DebugLoggerUIService: -->dealWithAdbCommand(), logTypeCluster=1, command=set_sublog_7_1
04-29 10:01:20.898535  2810  2810 D Launcher: OLauncher#getFirstMatchForAppClose: cachedClickedItemInfo = com.oplus.logkit
04-29 10:01:20.898535  2810  2810 D Launcher: ,info = WorkspaceItemInfo(id=26 type=APP container=desktop targetComponent=ComponentInfo{com.finshell.wallet/com.nearme.wallet.SplashActivity} screen=0 cell(0,4) span(1,1) minSpan(1,1) rank=0 user=UserHandle{0} title=, update=false, limit=false, runtime=110000000, status=0 intent=Intent { act=android.intent.action.MAIN cat=[android.intent.category.LAUNCHER] flg=0x10200000 cmp=com.finshell.wallet/com.nearme.wallet.SplashActivity })
04-29 10:01:20.898545 32020 32130 I LogHandler/AbstractLogInstance: -->getValueFromServer(), command = get_sublog_list
04-29 10:01:20.898568 32020 32130 I LogHandler/AbstractLogConnection: sendToServer() mServerName = mobilelogd data = get_sublog_list
04-29 10:01:20.898578  2810  2810 D Launcher: OLauncher#getFirstMatchForAppClose: cachedClickedItemInfo = com.oplus.logkit
04-29 10:01:20.898578  2810  2810 D Launcher: ,info = WorkspaceItemInfo(id=1199 type=APP container=desktop targetComponent=ComponentInfo{com.deepl.mobiletranslator/com.deepl.mobiletranslator.MainActivity} screen=0 cell(1,4) span(1,1) minSpan(1,1) rank=0 user=UserHandle{0} title=DeepL, update=false, limit=false, runtime=110000000, status=0 intent=Intent { act=android.intent.action.MAIN cat=[android.intent.category.LAUNCHER] flg=0x10200000 cmp=com.deepl.mobiletranslator/.MainActivity })
04-29 10:01:20.898619  2810  2810 D Launcher: OLauncher#getFirstMatchForAppClose: cachedClickedItemInfo = com.oplus.logkit
04-29 10:01:20.898619  2810  2810 D Launcher: ,info = WorkspaceItemInfo(id=8 type=APP container=desktop targetComponent=ComponentInfo{com.coloros.gallery3d/com.coloros.gallery3d.app.MainActivity} screen=0 cell(2,4) span(1,1) minSpan(1,1) rank=1 user=UserHandle{0} title=, update=false, limit=false, runtime=101000000, status=0 intent=Intent { act=android.intent.action.MAIN cat=[android.intent.category.LAUNCHER] flg=0x10200000 cmp=com.coloros.gallery3d/.app.MainActivity })
04-29 10:01:20.898653  2810  2810 D Launcher: OLauncher#getFirstMatchForAppClose: cachedClickedItemInfo = com.oplus.logkit
04-29 10:01:20.898653  2810  2810 D Launcher: ,info = WorkspaceItemInfo(id=744 type=APP container=desktop targetComponent=ComponentInfo{org.videolan.vlc/org.videolan.vlc.StartActivity} screen=0 cell(3,4) span(1,1) minSpan(1,1) rank=5 user=UserHandle{0} title=VLC, update=false, limit=false, runtime=110000000, status=0 intent=Intent { act=android.intent.action.MAIN cat=[android.intent.category.LAUNCHER] flg=0x10200000 cmp=org.videolan.vlc/.StartActivity })
04-29 10:01:20.898688  2810  2810 D Launcher: OLauncher#getFirstMatchForAppClose: cachedClickedItemInfo = com.oplus.logkit
04-29 10:01:20.898688  2810  2810 D Launcher: ,info = WorkspaceItemInfo(id=45 type=APP container=desktop targetComponent=ComponentInfo{com.oplus.camera/com.oplus.camera.Camera} screen=0 cell(0,5) span(1,1) minSpan(1,1) rank=0 user=UserHandle{0} title=, update=false, limit=false, runtime=101000000, status=0 intent=Intent { act=android.intent.action.MAIN cat=[android.intent.category.LAUNCHER] flg=0x10200000 cmp=com.oplus.camera/.Camera })
04-29 10:01:20.898736  2810  2810 D Launcher: OLauncher#getFirstMatchForAppClose: cachedClickedItemInfo = com.oplus.logkit
04-29 10:01:20.898736  2810  2810 D Launcher: ,info = WorkspaceItemInfo(id=766 type=APP container=desktop targetComponent=ComponentInfo{com.tencent.mtt/com.tencent.mtt.SplashActivity} screen=0 cell(1,5) span(1,1) minSpan(1,1) rank=0 user=UserHandle{0} title=QQ, update=false, limit=false, runtime=110000000, status=0 intent=Intent { act=android.intent.action.MAIN cat=[android.intent.category.LAUNCHER] flg=0x10200000 cmp=com.tencent.mtt/.SplashActivity bnds=[343,1914][632,2258] })
04-29 10:01:20.898785  2810  2810 D Launcher: OLauncher#getFirstMatchForAppClose: cachedClickedItemInfo = com.oplus.logkit
04-29 10:01:20.898785  2810  2810 D Launcher: ,info = WorkspaceItemInfo(id=1208 type=APP container=desktop targetComponent=ComponentInfo{com.netease.cloudmusic/com.netease.cloudmusic.activity.LoadingActivity} screen=0 cell(2,5) span(1,1) minSpan(1,1) rank=0 user=UserHandle{0} title=, update=false, limit=false, runtime=110000000, status=0 intent=Intent { act=android.intent.action.MAIN cat=[android.intent.category.LAUNCHER] flg=0x10200000 cmp=com.netease.cloudmusic/.activity.LoadingActivity })
04-29 10:01:20.898829  2810  2810 D Launcher: OLauncher#getFirstMatchForAppClose: cachedClickedItemInfo = com.oplus.logkit
04-29 10:01:20.898829  2810  2810 D Launcher: ,info = WorkspaceItemInfo(id=54 type=APP container=desktop targetComponent=ComponentInfo{com.eg.android.AlipayGphone/com.eg.android.AlipayGphone.AlipayLogin} screen=0 cell(3,5) span(1,1) minSpan(1,1) rank=1 user=UserHandle{0} title=, update=false, limit=false, runtime=110000000, status=0 intent=Intent { act=android.intent.action.MAIN cat=[android.intent.category.LAUNCHER] flg=0x10200000 cmp=com.eg.android.AlipayGphone/.AlipayLogin })
04-29 10:01:20.898871  2810  2810 D Launcher: OLauncher#getFirstMatchForAppClose: cachedClickedItemInfo = com.oplus.logkit
04-29 10:01:20.898871  2810  2810 D Launcher: ,info = LauncherAppWidgetInfo(id=1582 type=WIDGET container=desktop targetComponent=ComponentInfo{com.coloros.alarmclock/com.coloros.widget.smallweather.OppoWeatherVertical} screen=0 cell(0,0) span(4,3) minSpan(0,0) rank=0 user=UserHandle{0} title=null providerName=ComponentInfo{com.coloros.alarmclock/com.coloros.widget.smallweather.OppoWeatherVertical} appWidgetId=10 cardType = -1)
04-29 10:01:20.898915  2810  2810 D Launcher: OLauncher#getFirstMatchForAppClose: cachedClickedItemInfo = com.oplus.logkit
04-29 10:01:20.898915  2810  2810 D Launcher: ,info = WorkspaceItemInfo(id=16 type=APP container=13 targetComponent=ComponentInfo{com.coloros.filemanager/com.oplus.filemanager.main.ui.MainActivity} screen=0 cell(0,0) span(1,1) minSpan(1,1) rank=0 user=UserHandle{0} title=, update=false, limit=false, runtime=110000000, status=0 intent=Intent { act=android.intent.action.MAIN cat=[android.intent.category.LAUNCHER] flg=0x10200000 cmp=com.coloros.filemanager/com.oplus.filemanager.main.ui.MainActivity })
04-29 10:01:20.898956  2810  2810 D Launcher: OLauncher#getFirstMatchForAppClose: cachedClickedItemInfo = com.oplus.logkit
04-29 10:01:20.898956  2810  2810 D Launcher: ,info = WorkspaceItemInfo(id=15 type=APP container=13 targetComponent=ComponentInfo{com.coloros.calculator/com.android.calculator2.Calculator} screen=0 cell(1,0) span(1,1) minSpan(1,1) rank=1 user=UserHandle{0} title=, update=false, limit=false, runtime=110000000, status=0 intent=Intent { act=android.intent.action.MAIN cat=[android.intent.category.LAUNCHER] flg=0x10200000 cmp=com.coloros.calculator/com.android.calculator2.Calculator bnds=[390,732][690,1059] })
04-29 10:01:20.898990  2810  2810 D Launcher: OLauncher#getFirstMatchForAppClose: cachedClickedItemInfo = com.oplus.logkit
04-29 10:01:20.898990  2810  2810 D Launcher: ,info = WorkspaceItemInfo(id=12 type=APP container=13 targetComponent=ComponentInfo{com.heytap.market/com.heytap.market.activity.MainActivity} screen=0 cell(2,0) span(1,1) minSpan(1,1) rank=2 user=UserHandle{0} title=, update=false, limit=false, runtime=101000000, status=0 intent=Intent { act=android.intent.action.MAIN cat=[android.intent.category.LAUNCHER] flg=0x10200000 cmp=com.heytap.market/.activity.MainActivity })
04-29 10:01:20.899026  2810  2810 D Launcher: OLauncher#getFirstMatchForAppClose: cachedClickedItemInfo = com.oplus.logkit
04-29 10:01:20.899026  2810  2810 D Launcher: ,info = WorkspaceItemInfo(id=19 type=APP container=13 targetComponent=ComponentInfo{com.coloros.backuprestore/com.oplus.phoneclone.PhoneCloneMainActivity} screen=0 cell(0,1) span(1,1) minSpan(1,1) rank=3 user=UserHandle{0} title=, update=true, limit=false, runtime=110000000, status=0 intent=Intent { act=android.intent.action.MAIN cat=[android.intent.category.LAUNCHER] flg=0x10200000 cmp=com.coloros.backuprestore/com.oplus.phoneclone.PhoneCloneMainActivity })
04-29 10:01:20.899065  2810  2810 D Launcher: OLauncher#getFirstMatchForAppClose: cachedClickedItemInfo = com.oplus.logkit
04-29 10:01:20.899065  2810  2810 D Launcher: ,info = WorkspaceItemInfo(id=20 type=APP container=13 targetComponent=ComponentInfo{com.coloros.soundrecorder/oplus.multimedia.soundrecorder.filebrowser.BrowseFile} screen=0 cell(1,1) span(1,1) minSpan(1,1) rank=4 user=UserHandle{0} title=, update=false, limit=false, runtime=110000000, status=0 intent=Intent { act=android.intent.action.MAIN cat=[android.intent.category.LAUNCHER] flg=0x10200000 cmp=com.coloros.soundrecorder/oplus.multimedia.soundrecorder.filebrowser.BrowseFile })
04-29 10:01:20.899098  2810  2810 D Launcher: OLauncher#getFirstMatchForAppClose: cachedClickedItemInfo = com.oplus.logkit
04-29 10:01:20.899098  2810  2810 D Launcher: ,info = WorkspaceItemInfo(id=22 type=APP container=13 targetComponent=ComponentInfo{com.android.contacts/com.android.contacts.PeopleActivityAlias} screen=0 cell(2,1) span(1,1) minSpan(1,1) rank=5 user=UserHandle{0} title=, update=false, limit=false, runtime=101000000, status=0 intent=Intent { act=android.intent.action.MAIN cat=[android.intent.category.LAUNCHER] flg=0x10200000 cmp=com.android.contacts/.PeopleActivityAlias })
04-29 10:01:20.899136  2810  2810 D Launcher: OLauncher#getFirstMatchForAppClose: cachedClickedItemInfo = com.oplus.logkit
04-29 10:01:20.899136  2810  2810 D Launcher: ,info = WorkspaceItemInfo(id=23 type=APP container=13 targetComponent=ComponentInfo{com.coloros.compass2/com.coloros.compass.flat.FlatCompass} screen=0 cell(0,2) span(1,1) minSpan(1,1) rank=6 user=UserHandle{0} title=, update=false, limit=false, runtime=110000000, status=0 intent=Intent { act=android.intent.action.MAIN cat=[android.intent.category.LAUNCHER] flg=0x10200000 cmp=com.coloros.compass2/com.coloros.compass.flat.FlatCompass bnds=[690,1446][990,1743] })
04-29 10:01:20.899174  2810  2810 D Launcher: OLauncher#getFirstMatchForAppClose: cachedClickedItemInfo = com.oplus.logkit
04-29 10:01:20.899174  2810  2810 D Launcher: ,info = WorkspaceItemInfo(id=10 type=APP container=13 targetComponent=ComponentInfo{com.heytap.themestore/com.nearme.themespace.activities.ThemeActivity} screen=0 cell(1,2) span(1,1) minSpan(1,1) rank=7 user=UserHandle{0} title=, update=true, limit=false, runtime=110000000, status=0 intent=Intent { act=android.intent.action.MAIN cat=[android.intent.category.LAUNCHER] flg=0x10200000 cmp=com.heytap.themestore/com.nearme.themespace.activities.ThemeActivity })
04-29 10:01:20.899220  2810  2810 D Launcher: OLauncher#getFirstMatchForAppClose: cachedClickedItemInfo = com.oplus.logkit
04-29 10:01:20.899220  2810  2810 D Launcher: ,info = WorkspaceItemInfo(id=36 type=APP container=13 targetComponent=ComponentInfo{com.coloros.shortcuts/com.coloros.shortcuts.ui.MainActivity} screen=0 cell(2,2) span(1,1) minSpan(1,1) rank=8 user=UserHandle{0} title=, update=false, limit=false, runtime=110000000, status=0 intent=Intent { act=android.intent.action.MAIN cat=[android.intent.category.LAUNCHER] flg=0x10200000 cmp=com.coloros.shortcuts/.ui.MainActivity })
04-29 10:01:20.899265  2810  2810 D Launcher: OLauncher#getFirstMatchForAppClose: cachedClickedItemInfo = com.oplus.logkit
04-29 10:01:20.899265  2810  2810 D Launcher: ,info = WorkspaceItemInfo(id=1553 type=APP container=13 targetComponent=ComponentInfo{com.oplus.member/com.oppo.usercenter.vip.UCVIPMainActivity} screen=0 cell(0,3) span(1,1) minSpan(1,1) rank=9 user=UserHandle{0} title= OPPO, update=false, limit=false, runtime=110000000, status=0 intent=Intent { act=android.intent.action.MAIN cat=[android.intent.category.LAUNCHER] flg=0x10200000 cmp=com.oplus.member/com.oppo.usercenter.vip.UCVIPMainActivity })
04-29 10:01:20.899436  2810  2810 D Launcher.QuickStep: OplusBaseSwipeUpHandler#getClosingSourceWinBounds: x = 0, y = 0
04-29 10:01:20.899493  2810  2810 D Launcher.QuickStep: OplusBaseSwipeUpHandler#createWindowAnimationToHome: isStarted = null, currentAnimateRectF = [0.0,0.0][0.0,0.0], startProgress = 0.6497216
04-29 10:01:20.899638  2810  2810 D Launcher: OplusBaseSwipeUpHandler#createWindowAnimationToHome: mRecentsViewScrollLinked = true, defferExecuteAnimation = false, currentScroll = 92.0, shouldUseCurrentScrollOffset = true, currentScrollOffset = 92.0
04-29 10:01:20.899686  2810  2810 D Launcher: OplusBaseSwipeUpHandler#createWindowAnimationToHome: current running index is 0
04-29 10:01:20.899898  2810  2810 D Launcher.QuickStep: OplusRectFSpringAnim#mStartRect=RectF(285.79745, 236.72368, 1185.2365, 2247.8997), mTargetRect=RectF(496.0, 609.0, 744.0, 1071.0)
04-29 10:01:20.900443  2810  2810 D IconConfigParser: parseConfig::icon config =: IconConfig = [ isForeign : false,theme : 2,iconSize : 5000,iconShape : 0,foregroundSize : 5600,artPlusOn : 1,iconRadius 42,darkModeIcon:1,localSpecial:false,iconThemeEnable:false ]
04-29 10:01:20.900489  2810  2810 D Launcher.QuickStep: OplusBaseSwipeUpHandler#getIconVisualSize : 175.0
04-29 10:01:20.900551  2810  2810 D Launcher.QuickStep: OplusBaseSwipeUpHandler# createWindowAnimationToHome: prepare
04-29 10:01:20.900551  2810  2810 D Launcher.QuickStep: defferExecuteAnimation: false
04-29 10:01:20.900551  2810  2810 D Launcher.QuickStep: targetRect: [496.0,609.0][744.0,1071.0]
04-29 10:01:20.900551  2810  2810 D Launcher.QuickStep: startRect: [285.79745,236.72368][1185.2365,2247.8997]
04-29 10:01:20.900551  2810  2810 D Launcher.QuickStep: iconRadius: 42.0
04-29 10:01:20.900551  2810  2810 D Launcher.QuickStep: winRadius: 95.0
04-29 10:01:20.900551  2810  2810 D Launcher.QuickStep: iconSize: 175.0
04-29 10:01:20.900551  2810  2810 D Launcher.QuickStep: progressWindowRadius: 95.0
04-29 10:01:20.900623  2810  2810 D Launcher: SwipeUpSpringAnim#initSpringForce: speed = 1, animType = 0, springDurationScale:1.0
