04-29 10:01:20.739273  2810  2810 D DockIconView: onIconListVisibilityChanged: mTask = [id=3381 windowingMode=1 user=0 lastActiveTime=148532264, displayId=0] null,alpha=1.0,l=1425,t=0,r=1565,b=140
04-29 10:01:20.739362  2810  2810 D Launcher.QuickStep: OplusTaskThumbnailView#onDetachedFromWindow
04-29 10:01:20.739424  2810  2810 D Launcher.QuickStep: OplusTaskThumbnailView#cancelLightningAnimation: this=com.android.quickstep.views.OplusTaskThumbnailViewImpl{7dfbfcf V.ED..... ......ID 0,175-716,1776 #7f0a04a5 app:id/snapshot viewInfo = }, task=[id=3335 windowingMode=1 user=0 lastActiveTime=137722342, displayId=0] null, lightningAnimator=null
04-29 10:01:20.739541  2810  2810 D Launcher.QuickStep: TaskHeaderViewAnimation#showHeaderWithoutAnimation()
04-29 10:01:20.739587  2810  2810 D Launcher.QuickStep: OplusTaskThumbnailView#setThumbnail(), data: null, mData null ? true, refreshNow=true, task: id=3335, wm=1, mTask=id=3335, wm=1
04-29 10:01:20.739622  2810  2810 D Launcher.QuickStep: OplusTaskView#onTaskListVisibilityChanged: id =3335, visible = false, dispatchDrawVisible = false, alpha = 1.0
04-29 10:01:20.739640  2810  2810 D Launcher.QuickStep: OplusTaskThumbnailView#setThumbnail(), data: null, mData null ? true, refreshNow=true, task: null, mTask=id=3335, wm=1
04-29 10:01:20.739682  2810  2810 D Launcher.QuickStep: OplusTaskThumbnailView#onDetachedFromWindow
04-29 10:01:20.739728  2810  2810 D Launcher.QuickStep: OplusTaskThumbnailView#cancelLightningAnimation: this=com.android.quickstep.views.OplusTaskThumbnailViewImpl{fcfed5c V.ED..... ......ID 0,175-716,1776 #7f0a04a5 app:id/snapshot viewInfo = }, task=[id=3340 windowingMode=1 user=0 lastActiveTime=138978624, displayId=-1] null, lightningAnimator=null
04-29 10:01:20.739838  2810  2810 D Launcher.QuickStep: TaskHeaderViewAnimation#showHeaderWithoutAnimation()
04-29 10:01:20.740985  2810  2810 D Launcher.QuickStep: OplusTaskThumbnailView#setThumbnail(), data: null, mData null ? true, refreshNow=true, task: id=3340, wm=1, mTask=id=3340, wm=1
04-29 10:01:20.741011  2810  2810 D Launcher.QuickStep: OplusTaskView#onTaskListVisibilityChanged: id =3340, visible = false, dispatchDrawVisible = false, alpha = 1.0
04-29 10:01:20.741020  2810  2810 D Launcher.QuickStep: OplusTaskThumbnailView#setThumbnail(), data: null, mData null ? true, refreshNow=true, task: null, mTask=id=3340, wm=1
04-29 10:01:20.741046  2810  2810 D Launcher.QuickStep: OplusTaskThumbnailView#onDetachedFromWindow
04-29 10:01:20.741091  2810  2810 D Launcher.QuickStep: OplusTaskThumbnailView#cancelLightningAnimation: this=com.android.quickstep.views.OplusTaskThumbnailViewImpl{7024865 V.ED..... ......ID 0,175-716,1776 #7f0a04a5 app:id/snapshot viewInfo = }, task=[id=3350 windowingMode=1 user=0 lastActiveTime=139410258, displayId=-1] null, lightningAnimator=null
04-29 10:01:20.741156  2810  2810 D Launcher.QuickStep: TaskHeaderViewAnimation#showHeaderWithoutAnimation()
04-29 10:01:20.741181  2810  2810 D Launcher.QuickStep: OplusTaskThumbnailView#setThumbnail(), data: null, mData null ? true, refreshNow=true, task: id=3350, wm=1, mTask=id=3350, wm=1
04-29 10:01:20.741195  2810  2810 D Launcher.QuickStep: OplusTaskView#onTaskListVisibilityChanged: id =3350, visible = false, dispatchDrawVisible = false, alpha = 1.0
04-29 10:01:20.741200  2810  2810 D Launcher.QuickStep: OplusTaskThumbnailView#setThumbnail(), data: null, mData null ? true, refreshNow=true, task: null, mTask=id=3350, wm=1
04-29 10:01:20.741216  2810  2810 D Launcher.QuickStep: OplusTaskThumbnailView#onDetachedFromWindow
04-29 10:01:20.741257  2810  2810 D Launcher.QuickStep: OplusTaskThumbnailView#cancelLightningAnimation: this=com.android.quickstep.views.OplusTaskThumbnailViewImpl{125c93a V.ED..... ......ID 0,175-716,1776 #7f0a04a5 app:id/snapshot viewInfo = }, task=[id=3357 windowingMode=1 user=0 lastActiveTime=140050888, displayId=0] null, lightningAnimator=null
04-29 10:01:20.741317  2810  2810 D Launcher.QuickStep: TaskHeaderViewAnimation#showHeaderWithoutAnimation()
04-29 10:01:20.741353  2810  2810 D Launcher.QuickStep: OplusTaskThumbnailView#setThumbnail(), data: null, mData null ? true, refreshNow=true, task: id=3357, wm=1, mTask=id=3357, wm=1
04-29 10:01:20.741362  2810  2810 D Launcher.QuickStep: OplusTaskView#onTaskListVisibilityChanged: id =3357, visible = false, dispatchDrawVisible = false, alpha = 1.0
04-29 10:01:20.741370  2810  2810 D Launcher.QuickStep: OplusTaskThumbnailView#setThumbnail(), data: null, mData null ? true, refreshNow=true, task: null, mTask=id=3357, wm=1
04-29 10:01:20.741388  2810  2810 D Launcher.QuickStep: OplusTaskThumbnailView#onDetachedFromWindow
04-29 10:01:20.741418  2810  2810 D Launcher.QuickStep: OplusTaskThumbnailView#cancelLightningAnimation: this=com.android.quickstep.views.OplusTaskThumbnailViewImpl{d4289eb V.ED..... ......ID 0,175-716,1776 #7f0a04a5 app:id/snapshot viewInfo = }, task=[id=3359 windowingMode=1 user=0 lastActiveTime=140063336, displayId=0] null, lightningAnimator=null
04-29 10:01:20.741468  2810  2810 D Launcher.QuickStep: TaskHeaderViewAnimation#showHeaderWithoutAnimation()
04-29 10:01:20.741493  2810  2810 D Launcher.QuickStep: OplusTaskThumbnailView#setThumbnail(), data: null, mData null ? true, refreshNow=true, task: id=3359, wm=1, mTask=id=3359, wm=1
04-29 10:01:20.741508  2810  2810 D Launcher.QuickStep: OplusTaskView#onTaskListVisibilityChanged: id =3359, visible = false, dispatchDrawVisible = false, alpha = 1.0
04-29 10:01:20.741518  2810  2810 D Launcher.QuickStep: OplusTaskThumbnailView#setThumbnail(), data: null, mData null ? true, refreshNow=true, task: null, mTask=id=3359, wm=1
04-29 10:01:20.741535  2810  2810 D Launcher.QuickStep: OplusTaskThumbnailView#onDetachedFromWindow
04-29 10:01:20.741561  2810  2810 D Launcher.QuickStep: OplusTaskThumbnailView#cancelLightningAnimation: this=com.android.quickstep.views.OplusTaskThumbnailViewImpl{21c8348 V.ED..... ......ID 0,175-716,1776 #7f0a04a5 app:id/snapshot viewInfo = }, task=[id=3360 windowingMode=1 user=0 lastActiveTime=140151020, displayId=0] Google, lightningAnimator=null
04-29 10:01:20.741697  2810  2810 D Launcher.QuickStep: TaskHeaderViewAnimation#showHeaderWithoutAnimation()
04-29 10:01:20.741725  2810  2810 D Launcher.QuickStep: OplusTaskThumbnailView#setThumbnail(), data: null, mData null ? true, refreshNow=true, task: id=3360, wm=1, mTask=id=3360, wm=1
04-29 10:01:20.741734  2810  2810 D Launcher.QuickStep: OplusTaskView#onTaskListVisibilityChanged: id =3360, visible = false, dispatchDrawVisible = false, alpha = 1.0
04-29 10:01:20.741805  2810  2810 D Launcher.QuickStep: OplusTaskThumbnailView#setThumbnail(), data: null, mData null ? true, refreshNow=true, task: null, mTask=id=3360, wm=1
04-29 10:01:20.741841  2810  2810 D Launcher.QuickStep: OplusTaskThumbnailView#onDetachedFromWindow
04-29 10:01:20.741880  2810  2810 D Launcher.QuickStep: OplusTaskThumbnailView#cancelLightningAnimation: this=com.android.quickstep.views.OplusTaskThumbnailViewImpl{7d405e1 V.ED..... ......ID 0,175-716,1776 #7f0a04a5 app:id/snapshot viewInfo = }, task=[id=3381 windowingMode=1 user=0 lastActiveTime=148532264, displayId=0] Google, lightningAnimator=null
04-29 10:01:20.741945  2810  2810 D Launcher.QuickStep: TaskHeaderViewAnimation#showHeaderWithoutAnimation()
04-29 10:01:20.741977  2810  2810 D Launcher.QuickStep: OplusTaskThumbnailView#setThumbnail(), data: null, mData null ? true, refreshNow=true, task: id=3381, wm=1, mTask=id=3381, wm=1
04-29 10:01:20.741987  2810  2810 D Launcher.QuickStep: OplusTaskView#onTaskListVisibilityChanged: id =3381, visible = false, dispatchDrawVisible = false, alpha = 1.0
04-29 10:01:20.741992  2810  2810 D Launcher.QuickStep: OplusTaskThumbnailView#setThumbnail(), data: null, mData null ? true, refreshNow=true, task: null, mTask=id=3381, wm=1
04-29 10:01:20.742011  2810  2810 D Launcher.QuickStep: OplusTaskThumbnailView#onDetachedFromWindow
04-29 10:01:20.742055  2810  2810 D Launcher.QuickStep: OplusTaskThumbnailView#cancelLightningAnimation: this=com.android.quickstep.views.OplusTaskThumbnailViewImpl{c173f06 V.ED..... ......ID 0,175-716,1776 #7f0a04a5 app:id/snapshot viewInfo = }, task=[id=3386 windowingMode=1 user=0 lastActiveTime=154617381, displayId=-1] , lightningAnimator=null
04-29 10:01:20.742113  2810  2810 D Launcher.QuickStep: TaskHeaderViewAnimation#showHeaderWithoutAnimation()
04-29 10:01:20.742139  2810  2810 D Launcher.QuickStep: OplusTaskThumbnailView#setThumbnail(), data: null, mData null ? true, refreshNow=true, task: id=3386, wm=1, mTask=id=3386, wm=1
04-29 10:01:20.742155  2810  2810 D Launcher.QuickStep: OplusTaskView#onTaskListVisibilityChanged: id =3386, visible = false, dispatchDrawVisible = false, alpha = 1.0
04-29 10:01:20.742165  2810  2810 D Launcher.QuickStep: OplusTaskThumbnailView#setThumbnail(), data: null, mData null ? true, refreshNow=true, task: null, mTask=id=3386, wm=1
04-29 10:01:20.742185  2810  2810 D Launcher.QuickStep: OplusTaskThumbnailView#onDetachedFromWindow
04-29 10:01:20.742220  2810  2810 D Launcher.QuickStep: OplusTaskThumbnailView#cancelLightningAnimation: this=com.android.quickstep.views.OplusTaskThumbnailViewImpl{fbdd9c7 V.ED..... ......ID 0,175-716,1776 #7f0a04a5 app:id/snapshot viewInfo = }, task=[id=3387 windowingMode=1 user=0 lastActiveTime=175684680, displayId=-1] VLC, lightningAnimator=null
04-29 10:01:20.742286  2810  2810 D Launcher.QuickStep: TaskHeaderViewAnimation#showHeaderWithoutAnimation()
04-29 10:01:20.742333  2810  2810 D Launcher.QuickStep: OplusTaskThumbnailView#setThumbnail(), data: null, mData null ? true, refreshNow=true, task: id=3387, wm=1, mTask=id=3387, wm=1
04-29 10:01:20.742346  2810  2810 D Launcher.QuickStep: OplusTaskView#onTaskListVisibilityChanged: id =3387, visible = false, dispatchDrawVisible = false, alpha = 1.0
04-29 10:01:20.742353  2810  2810 D Launcher.QuickStep: OplusTaskThumbnailView#setThumbnail(), data: null, mData null ? true, refreshNow=true, task: null, mTask=id=3387, wm=1
04-29 10:01:20.742371  2810  2810 D Launcher.QuickStep: OplusTaskThumbnailView#onDetachedFromWindow
04-29 10:01:20.742419  2810  2810 D Launcher.QuickStep: OplusTaskThumbnailView#cancelLightningAnimation: this=com.android.quickstep.views.OplusTaskThumbnailViewImpl{31a8bf4 V.ED..... ......ID 0,175-716,1776 #7f0a04a5 app:id/snapshot viewInfo = }, task=[id=3380 windowingMode=1 user=0 lastActiveTime=175766334, displayId=0] 1.1.1.1, lightningAnimator=null
04-29 10:01:20.742485  2810  2810 D Launcher.QuickStep: TaskHeaderViewAnimation#showHeaderWithoutAnimation()
04-29 10:01:20.742512  2810  2810 D Launcher.QuickStep: OplusTaskThumbnailView#setThumbnail(), data: null, mData null ? true, refreshNow=true, task: id=3380, wm=1, mTask=id=3380, wm=1
04-29 10:01:20.742527  2810  2810 D Launcher.QuickStep: OplusTaskView#onTaskListVisibilityChanged: id =3380, visible = false, dispatchDrawVisible = false, alpha = 1.0
04-29 10:01:20.742534  2810  2810 D Launcher.QuickStep: OplusTaskThumbnailView#setThumbnail(), data: null, mData null ? true, refreshNow=true, task: null, mTask=id=3380, wm=1
04-29 10:01:20.742553  2810  2810 D Launcher.QuickStep: OplusTaskThumbnailView#onDetachedFromWindow
04-29 10:01:20.742587  2810  2810 D Launcher.QuickStep: OplusTaskThumbnailView#cancelLightningAnimation: this=com.android.quickstep.views.OplusTaskThumbnailViewImpl{baa1f1d V.ED..... ......ID 0,175-716,1776 #7f0a04a5 app:id/snapshot viewInfo = }, task=[id=3398 windowingMode=1 user=0 lastActiveTime=183608024, displayId=0] Solid Explorer, lightningAnimator=null
04-29 10:01:20.742656  2810  2810 D Launcher.QuickStep: TaskHeaderViewAnimation#showHeaderWithoutAnimation()
04-29 10:01:20.742679  2810  2810 D Launcher.QuickStep: OplusTaskThumbnailView#setThumbnail(), data: null, mData null ? true, refreshNow=true, task: id=3398, wm=1, mTask=id=3398, wm=1
04-29 10:01:20.742687  2810  2810 D Launcher.QuickStep: OplusTaskView#onTaskListVisibilityChanged: id =3398, visible = false, dispatchDrawVisible = false, alpha = 1.0
04-29 10:01:20.742700  2810  2810 D Launcher.QuickStep: OplusTaskThumbnailView#setThumbnail(), data: null, mData null ? true, refreshNow=true, task: null, mTask=id=3398, wm=1
04-29 10:01:20.742730  2810  2810 D Launcher.QuickStep: OplusTaskThumbnailView#onDetachedFromWindow
04-29 10:01:20.742764  2810  2810 D Launcher.QuickStep: OplusTaskThumbnailView#cancelLightningAnimation: this=com.android.quickstep.views.OplusTaskThumbnailViewImpl{a584592 V.ED..... ......ID 0,175-716,1776 #7f0a04a5 app:id/snapshot viewInfo = }, task=null, lightningAnimator=null
04-29 10:01:20.742824  2810  2810 D Launcher.QuickStep: TaskHeaderViewAnimation#showHeaderWithoutAnimation()
04-29 10:01:20.742848  2810  2810 D Launcher.QuickStep: OplusTaskThumbnailView#setThumbnail(), data: null, mData null ? true, refreshNow=true, task: id=3404, wm=1, mTask=null
04-29 10:01:20.742862  2810  2810 D Launcher.QuickStep: OplusTaskView#onTaskListVisibilityChanged: id =3404, visible = false, dispatchDrawVisible = false, alpha = 1.0
04-29 10:01:20.742868  2810  2810 D Launcher.QuickStep: OplusTaskThumbnailView#setThumbnail(), data: null, mData null ? true, refreshNow=true, task: null, mTask=id=3404, wm=1
04-29 10:01:20.742885  2810  2810 D Launcher.QuickStep: OplusTaskThumbnailView#onDetachedFromWindow
04-29 10:01:20.742892 13462 13462 I Col_ALog Wallpaper: resume===============
04-29 10:01:20.742921  2810  2810 D Launcher.QuickStep: OplusTaskThumbnailView#cancelLightningAnimation: this=com.android.quickstep.views.OplusTaskThumbnailViewImpl{aefe6e0 V.ED..... ......ID 0,175-716,1776 #7f0a04a5 app:id/snapshot viewInfo = }, task=null, lightningAnimator=null
04-29 10:01:20.742926 13462 13462 I Col_ALog Wallpaper: resume:255,255,255
04-29 10:01:20.742946 13462 13462 I Col_ALog Wallpaper: resume:/storage/emulated/0/Android/data/com.heytap.themestore/files/10024/wallpaper/video/sc01_cut0010.mp4
04-29 10:01:20.742977 13462 13462 I Col_SceneManager: TBLPlayer:TBLExoPlayer msg=start
04-29 10:01:20.742983  2810  2810 D Launcher.QuickStep: TaskHeaderViewAnimation#showHeaderWithoutAnimation()
04-29 10:01:20.742995 13462 13462 I Col_SceneManager: TBLPlayer:AnalyticsMonitor msg=startSession: checkSessionStateValid is true
04-29 10:01:20.743002  2810  2810 D Launcher.QuickStep: OplusTaskThumbnailView#setThumbnail(), data: null, mData null ? true, refreshNow=true, task: id=3401, wm=1, mTask=null
04-29 10:01:20.743018  2810  2810 D Launcher.QuickStep: OplusTaskView#onTaskListVisibilityChanged: id =3401, visible = false, dispatchDrawVisible = false, alpha = 1.0
04-29 10:01:20.743023  2810  2810 D Launcher.QuickStep: OplusTaskThumbnailView#setThumbnail(), data: null, mData null ? true, refreshNow=true, task: null, mTask=id=3401, wm=1
04-29 10:01:20.743041  2810  2810 D Launcher.QuickStep: OplusTaskThumbnailView#onDetachedFromWindow
04-29 10:01:20.743068  2810  2810 D Launcher.QuickStep: OplusTaskThumbnailView#cancelLightningAnimation: this=com.android.quickstep.views.OplusTaskThumbnailViewImpl{db44b63 V.ED..... ......ID 0,175-716,1776 #7f0a04a5 app:id/snapshot viewInfo = }, task=null, lightningAnimator=null
04-29 10:01:20.743093 13462 31135 D BufferingStuckDetector: startDetector isEnabled:false
04-29 10:01:20.743107 13462 31135 D BufferingStuckDetector: can't start detector
04-29 10:01:20.743119  2810  2810 D Launcher.QuickStep: TaskHeaderViewAnimation#showHeaderWithoutAnimation()
04-29 10:01:20.743132 13462 13462 I Col_SceneManager: TBLPlayer:TBLExoPlayer msg=onPlayerStateChanged: playWhenReady = true, state = READY
04-29 10:01:20.743142  2810  2810 D Launcher.QuickStep: OplusTaskThumbnailView#setThumbnail(), data: null, mData null ? true, refreshNow=true, task: id=3403, wm=1, mTask=null
04-29 10:01:20.743150  2810  2810 D Launcher.QuickStep: OplusTaskView#onTaskListVisibilityChanged: id =3403, visible = false, dispatchDrawVisible = false, alpha = 1.0
04-29 10:01:20.743155  2810  2810 D Launcher.QuickStep: OplusTaskThumbnailView#setThumbnail(), data: null, mData null ? true, refreshNow=true, task: null, mTask=id=3403, wm=1
04-29 10:01:20.743153 13462 13462 I Col_SceneManager: TBLPlayer:AnalyticsMonitor msg=onPlayerStateChanged: playWhenReady = true, state = READY
04-29 10:01:20.743171  2810  2810 D Launcher.QuickStep: OplusTaskThumbnailView#onDetachedFromWindow
04-29 10:01:20.743171 13462 13462 I Col_SceneManager: TBLPlayer:TBLExoPlayer msg=handleInternalPlayerStateChanged: ExoPlayer playWhenReady = true, playbackState = READY
04-29 10:01:20.743188 13462 13462 I Col_SceneManager: TBLPlayer:TBLExoPlayer msg=maybeUpdatePlaybackState: current state : Paused, target state : Started
04-29 10:01:20.743190  2810  2810 D Launcher.QuickStep: OplusTaskThumbnailView#cancelLightningAnimation: this=com.android.quickstep.views.OplusTaskThumbnailViewImpl{b68582e V.ED..... ......ID 0,175-716,1776 #7f0a04a5 app:id/snapshot viewInfo = }, task=null, lightningAnimator=null
04-29 10:01:20.743243  2810  2810 D Launcher.QuickStep: TaskHeaderViewAnimation#showHeaderWithoutAnimation()
04-29 10:01:20.743250 13462 13462 D EffectsEngine_VideoElement: start
04-29 10:01:20.743278  2810  2810 D Launcher.QuickStep: OplusTaskThumbnailView#setThumbnail(), data: null, mData null ? true, refreshNow=true, task: id=3407, wm=1, mTask=null
04-29 10:01:20.743288  2810  2810 D Launcher.QuickStep: OplusTaskView#onTaskListVisibilityChanged: id =3407, visible = false, dispatchDrawVisible = false, alpha = 1.0
04-29 10:01:20.743295 13462 13462 D EffectsEngine_RenderScene: on scene resume
04-29 10:01:20.743299  2810  2810 D Launcher.QuickStep: OplusTaskThumbnailView#setThumbnail(), data: null, mData null ? true, refreshNow=true, task: null, mTask=id=3407, wm=1
04-29 10:01:20.743321  2810  2810 D Launcher.QuickStep: OplusTaskThumbnailView#onDetachedFromWindow
04-29 10:01:20.743346  2810  2810 D Launcher.QuickStep: OplusTaskThumbnailView#cancelLightningAnimation: this=com.android.quickstep.views.OplusTaskThumbnailViewImpl{2d2aaa9 V.ED..... ......ID 0,175-716,1776 #7f0a04a5 app:id/snapshot viewInfo = }, task=null, lightningAnimator=null
04-29 10:01:20.743404  2810  2810 D Launcher.QuickStep: TaskHeaderViewAnimation#showHeaderWithoutAnimation()
04-29 10:01:20.743427  2810  2810 D Launcher.QuickStep: OplusTaskThumbnailView#setThumbnail(), data: null, mData null ? true, refreshNow=true, task: id=3376, wm=1, mTask=null
04-29 10:01:20.743435  2810  2810 D Launcher.QuickStep: OplusTaskView#onTaskListVisibilityChanged: id =3376, visible = false, dispatchDrawVisible = false, alpha = 1.0
04-29 10:01:20.743450  2810  2810 D Launcher.QuickStep: OplusTaskThumbnailView#setThumbnail(), data: null, mData null ? true, refreshNow=true, task: null, mTask=id=3376, wm=1
04-29 10:01:20.743471  2810  2810 D Launcher.QuickStep: OplusTaskThumbnailView#onDetachedFromWindow
04-29 10:01:20.743505  2810  2810 D Launcher.QuickStep: OplusTaskThumbnailView#cancelLightningAnimation: this=com.android.quickstep.views.OplusTaskThumbnailViewImpl{e5f1e30 V.ED..... ......ID 0,175-716,1776 #7f0a04a5 app:id/snapshot viewInfo = }, task=[id=3413 windowingMode=1 user=0 lastActiveTime=189053884, displayId=0] null, lightningAnimator=null
04-29 10:01:20.743525  1071  1071 E SurfaceFlinger: Attempt to set frame rate on an unrecognized IGraphicBufferProducer
04-29 10:01:20.743565  2810  2810 D Launcher.QuickStep: TaskHeaderViewAnimation#showHeaderWithoutAnimation()
04-29 10:01:20.743566 13462 13462 D EffectsEngine_DisplayController: view::resume
04-29 10:01:20.743593  2810  2810 D Launcher.QuickStep: OplusTaskThumbnailView#setThumbnail(), data: null, mData null ? true, refreshNow=true, task: id=3413, wm=1, mTask=id=3413, wm=1
04-29 10:01:20.743601  2810  2810 D Launcher.QuickStep: OplusTaskView#onTaskListVisibilityChanged: id =3413, visible = false, dispatchDrawVisible = false, alpha = 1.0
04-29 10:01:20.743606  2810  2810 D Launcher.QuickStep: OplusTaskThumbnailView#setThumbnail(), data: null, mData null ? true, refreshNow=true, task: null, mTask=id=3413, wm=1
04-29 10:01:20.743586 13462 31135 D VideoStuckDetector: isEnabled:false
04-29 10:01:20.743696  2810  2810 D Launcher.QuickStep: OplusTaskThumbnailView#onContentProtectStateChanged: isContentProtection=false, isContentProtect=false, animate=false
04-29 10:01:20.743713  2810  2810 D Launcher.QuickStep: OplusTaskThumbnailView#bind: pkg=com.oplus.logkit, colorBackground=-328966, lighting=false, protect=false
04-29 10:01:20.743723 13462 13462 I Col_SceneManager: TBLPlayer:TBLExoPlayer msg=start
04-29 10:01:20.743737 13462 13462 D EffectsEngine_VideoElement: start
04-29 10:01:20.743751 13462 13462 I Col_Scene: resume end=false
04-29 10:01:20.743756 13462 13462 I Col_EngineRender: 
04-29 10:01:20.743759 13462 13462 I Col_EngineRender: app==
04-29 10:01:20.743764 13462 13462 I Col_Scene: scene receive EVENT:SYSTEM_EVENT
04-29 10:01:20.743770 13462 13462 I Col_Scene: BACKDESKTOP
04-29 10:01:20.743769  2810  2810 D Launcher.QuickStep: OplusTaskThumbnailView#onContentProtectStateChanged: isContentProtection=false, isContentProtect=false, animate=false
04-29 10:01:20.743784  2810  2810 D Launcher.QuickStep: OplusTaskThumbnailView#bind: pkg=com.android.contacts, colorBackground=-328966, lighting=false, protect=false
04-29 10:01:20.743828  2810  2810 D Launcher.QuickStep: OplusTaskThumbnailView#onContentProtectStateChanged: isContentProtection=false, isContentProtect=false, animate=false
04-29 10:01:20.743846  2810  2810 D Launcher.QuickStep: OplusTaskThumbnailView#bind: pkg=com.tencent.mm, colorBackground=-328966, lighting=false, protect=false
04-29 10:01:20.743891  2810  2810 D Launcher.QuickStep: OplusTaskThumbnailView#onContentProtectStateChanged: isContentProtection=false, isContentProtect=false, animate=false
04-29 10:01:20.743921  2810  2810 D Launcher.QuickStep: OplusTaskThumbnailView#bind: pkg=com.android.mms, colorBackground=-328966, lighting=false, protect=false
04-29 10:01:20.743963  2810  2810 D Launcher.QuickStep: OplusTaskThumbnailView#onContentProtectStateChanged: isContentProtection=false, isContentProtect=false, animate=false
04-29 10:01:20.743986  2810  2810 D Launcher.QuickStep: OplusTaskThumbnailView#bind: pkg=com.heytap.browser, colorBackground=-328966, lighting=false, protect=false
04-29 10:01:20.744034  2810  2810 D Launcher.QuickStep: OplusTaskThumbnailView#onContentProtectStateChanged: isContentProtection=false, isContentProtect=false, animate=false
04-29 10:01:20.744055  2810  2810 D Launcher.QuickStep: OplusTaskThumbnailView#bind: pkg=com.github.android, colorBackground=-1052427, lighting=false, protect=false
04-29 10:01:20.744103  2810  2810 D Launcher.QuickStep: OplusTaskThumbnailView#onContentProtectStateChanged: isContentProtection=false, isContentProtect=false, animate=false
04-29 10:01:20.744166  2810  2810 D Launcher.QuickStep: OplusTaskThumbnailView#bind: pkg=com.teamtalk.im, colorBackground=-1118482, lighting=false, protect=false
04-29 10:01:20.744214  2810  2810 D Launcher.QuickStep: OplusTaskThumbnailView#onContentProtectStateChanged: isContentProtection=false, isContentProtect=false, animate=false
04-29 10:01:20.744243  2810  2810 D Launcher.QuickStep: OplusTaskThumbnailView#bind: pkg=pl.solidexplorer2, colorBackground=-328966, lighting=false, protect=false
04-29 10:01:20.744288  2810  2810 D Launcher.QuickStep: OplusTaskThumbnailView#onContentProtectStateChanged: isContentProtection=false, isContentProtect=false, animate=false
04-29 10:01:20.744316  2810  2810 D Launcher.QuickStep: OplusTaskThumbnailView#bind: pkg=com.cloudflare.onedotonedotonedotone, colorBackground=-13619152, lighting=false, protect=false
04-29 10:01:20.744362  2810  2810 D Launcher.QuickStep: OplusTaskThumbnailView#onContentProtectStateChanged: isContentProtection=false, isContentProtect=false, animate=false
04-29 10:01:20.744381  2810  2810 D Launcher.QuickStep: OplusTaskThumbnailView#bind: pkg=org.videolan.vlc, colorBackground=-1, lighting=false, protect=false
04-29 10:01:20.744430  2810  2810 D Launcher.QuickStep: OplusTaskThumbnailView#onContentProtectStateChanged: isContentProtection=false, isContentProtect=false, animate=false
04-29 10:01:20.744450  2810  2810 D Launcher.QuickStep: OplusTaskThumbnailView#bind: pkg=com.coloros.filemanager, colorBackground=-328966, lighting=false, protect=false
04-29 10:01:20.744499  2810  2810 D Launcher.QuickStep: OplusTaskThumbnailView#onContentProtectStateChanged: isContentProtection=false, isContentProtect=false, animate=false
04-29 10:01:20.744514  2810  2810 D Launcher.QuickStep: OplusTaskThumbnailView#bind: pkg=com.google.android.apps.searchlite, colorBackground=-1, lighting=false, protect=false
04-29 10:01:20.744555  2810  2810 D Launcher.QuickStep: OplusTaskThumbnailView#onContentProtectStateChanged: isContentProtection=false, isContentProtect=false, animate=false
04-29 10:01:20.744583  2810  2810 D Launcher.QuickStep: OplusTaskThumbnailView#bind: pkg=com.google.android.apps.searchlite, colorBackground=-1, lighting=false, protect=false
04-29 10:01:20.744627  2810  2810 D Launcher.QuickStep: OplusTaskThumbnailView#onContentProtectStateChanged: isContentProtection=false, isContentProtect=false, animate=false
04-29 10:01:20.744598   956 31451 D C2MtkVdec: [0xB400007E99264A00] dummy work received, wake up fetch thread
04-29 10:01:20.744654  2810  2810 D Launcher.QuickStep: OplusTaskThumbnailView#bind: pkg=org.thunderdog.challegram, colorBackground=-328966, lighting=false, protect=false
04-29 10:01:20.744682   956 31451 D C2MtkBufferManager: [0xB400007E98073020] wakeUpFetchThread release mThreadSem mCcThreadSem
04-29 10:01:20.744691   956 31451 D C2MtkVdec: [0xB400007E99264A00] updateRuntimeInfo: isTextureView 1, mConsumerUsage 256, hasPostproc 0, width 1344, height 2432, opRate 0.000000
04-29 10:01:20.744699  2810  2810 D Launcher.QuickStep: OplusTaskThumbnailView#onContentProtectStateChanged: isContentProtection=false, isContentProtect=false, animate=false
04-29 10:01:20.744705   956 31451 D C2MtkComponentStore: onRuntimeInfoUpdated[0xB400007E99277020]: new instance added.
04-29 10:01:20.744715  2810  2810 D Launcher.QuickStep: OplusTaskThumbnailView#bind: pkg=com.google.android.apps.searchlite, colorBackground=-1, lighting=false, protect=false
04-29 10:01:20.744748   956 31457 W C2BqBuffer: last successful dequeue was 18886712 us ago, 315 consecutive failures
04-29 10:01:20.744801   956 31451 D C2MtkComponentStore: onRuntimeInfoUpdated[0xB400007E99277020]: valid, cUid 10251, cPid 13462, psDisabled 0, isCpuDemanding 1, cluster , minFreq 
04-29 10:01:20.744817   956 31451 D C2MtkComponentStore: onRuntimeInfoUpdated[0xB400007E99277020]: normal mode. isHeavyLoading 1, numOfValInst 1, psDisable 0
04-29 10:01:20.744824   956 31451 D C2MtkVdec: [0xB400007E99264A00] No future processing required.
04-29 10:01:20.744889  2810  2810 D Launcher.QuickStep: OplusTaskThumbnailView#onContentProtectStateChanged: isContentProtection=false, isContentProtect=false, animate=false
04-29 10:01:20.744913  2810  2810 D Launcher.QuickStep: OplusTaskThumbnailView#bind: pkg=com.tencent.mobileqq, colorBackground=-16777216, lighting=false, protect=false
04-29 10:01:20.744974  2810  2810 D Launcher.QuickStep: OplusTaskThumbnailView#onContentProtectStateChanged: isContentProtection=false, isContentProtect=false, animate=false
04-29 10:01:20.744997  2810  2810 D Launcher.QuickStep: OplusTaskThumbnailView#bind: pkg=com.android.settings, colorBackground=-328966, lighting=false, protect=false
04-29 10:01:20.745051 13462 31445 D CCodecBufferChannel: [c2.mtk.hevc.decoder#654] queue dummy work to c2!
04-29 10:01:20.745082  2810  2810 D Launcher.QuickStep: RecentsView#applyLoadPlan: currentTaskId = 3413, runningTaskId = 3413, focusedTaskId = 3413, mRunningTaskId = -1, mRunningTaskViewId = 216, mNextPage = -1, mCurrentPage = 0
04-29 10:01:20.745099  2810  2810 D Launcher.QuickStep: OplusRecentsView#setCurrentPage(), current=0, next=-1, inTransition=false, mOrientationHandlerChanged=false, mGestureAnimationStarted=false, mGestureActive = true, lastLoadTaskDataCenterIndex = 0, reloadVisibleTaskData = false
04-29 10:01:20.745150  1265  1320 I MobileLogD: recv get_sublog_list from 6
04-29 10:01:20.745172  2810 10327 D Launcher.QuickStep: OplusTaskUtils#convertIconByTheme(), src invalid: null, task=[id=3413 windowingMode=1 user=0 lastActiveTime=189069167, displayId=0] null
04-29 10:01:20.745264  2810  2810 D Launcher: PagedView# mCurrentPage ref validateNewPage this = com.android.quickstep.views.LauncherRecentsView{4e76214 I.ED..... ......ID 0,0-1240,2772 #7f0a03a3 app:id/overview_panel viewInfo = } newPage = 0  call = com.android.launcher3.PagedView.setCurrentPage:3 com.android.launcher.OplusPagedViewImpl.setCurrentPage:1 com.android.launcher3.PagedView.setCurrentPage:1 com.android.quickstep.views.OplusRecentsViewImpl.setCurrentPage:14 com.android.quickstep.views.RecentsView.applyLoadPlan:35 com.android.quickstep.views.OplusRecentsViewImpl.applyLoadPlan:10 com.android.quickstep.views.p.accept:26 com.android.quickstep.RecentTasksList.lambda$getTasks$3:4  
04-29 10:01:20.745295  2810  2810 D Launcher.QuickStep: OplusRecentsView#forceFinishScroller()
04-29 10:01:20.745303  1265  1320 I MobileLogD: handle_client_msg get sublog list get_sublog_list,AndroidLog_1;KernelLog_1;ATFLog_1;BSPLog_1;SCPLog_1;SSPMLog_1;ADSPLog_1;MCUPMLog_1;ConnsysPicusLog_1;APUSYSLog_1;VCPLog_1;DpmaifLog_1
04-29 10:01:20.745308  1265  1320 D MobileLogD: write get_sublog_list,AndroidLog_1;KernelLog_1;ATFLog_1;BSPLog_1;SCPLog_1;SSPMLog_1;ADSPLog_1;MCUPMLog_1;ConnsysPicusLog_1;APUSYSLog_1;VCPLog_1;DpmaifLog_1 to client 6 
04-29 10:01:20.745313  1265  1320 D MobileLogD: write to client over
04-29 10:01:20.745345  2810  2810 D Launcher.QuickStep: DockView#updateCurrentPage(), snap=false, index=16, mCurrentPage=15, i=16, mUpdatePageOnRotationChanged=false mLinkScrollState = -1 set = true
04-29 10:01:20.745448 13462 13462 I Col_BatteryHelper: :4 ,batteryChargeInfo.isCharge : false
04-29 10:01:20.745472 13462 13462 I Col_BatteryHelper: :4 , : 0.8 ,isLowPower : false
04-29 10:01:20.745487 13462 13462 I Col_Scene: backDesktopChooseScene:false,preview=false
04-29 10:01:20.745520 13462 13462 I Col_EngineRender: 
04-29 10:01:20.745838 13462 13829 W OpenGLRenderer: Surface doesn't have any previously queued frames, nothing to readback from
04-29 10:01:20.745925 32020 32163 I LogHandler/AbstractLogConnection: setResponseFromServer() mServerName = mobilelogd serverData = sublog_SCPLog=1,1
04-29 10:01:20.746009 32020 32163 I LogHandler/AbstractLogConnection: setResponseFromServer() mServerName = mobilelogd serverData = get_sublog_list,AndroidLog_1;KernelLog_1;ATFLog_1;BSPLog_1;SCPLog_1;SSPMLog_1;ADSPLog_1;MCUPMLog_1;ConnsysPicusLog_1;APUSYSLog_1;VCPLog_1;DpmaifLog_1
04-29 10:01:20.746153   961  1702 I sensors-hal-HfLooper: pwm_rgb: lux:136, time_delta:100, pwm_turbo:0, bri:1645, r:17486, g:11621, b:7517, c:7517
04-29 10:01:20.746216  2810 10327 D Launcher.QuickStep: TaskIconCache#getCacheEntry: activityInfo is null false
04-29 10:01:20.746317 13462 13829 W OpenGLRenderer: Surface doesn't have any previously queued frames, nothing to readback from
04-29 10:01:20.746329  1848  2080 D FusionLightNextGen: process type = 33171070, lux = 136, time_delta = 100, pwm_turbo = 0, brightness = 1645, r = 17486, g = 11621, b = 7517, c = 31339
04-29 10:01:20.746348  1848  2080 D FusionLightNextGen: process end reported = 1 outEvent->light = 136.000000 mLastBrightLevel = 1645
04-29 10:01:20.746558  2810 10327 D UxIconPackageManagerExt: UxIcon checkChooseIconsRootPath false
04-29 10:01:20.746997  2810  2810 D Launcher: PagedView# mCurrentPage ref validateNewPage this = com.oplus.quickstep.dock.DockView{161d475 I.ED..... ......ID 0,110-1240,250 #7f0a01d7 app:id/dockview_panel viewInfo = } newPage = 16  call = com.android.launcher3.PagedView.setCurrentPage:3 com.android.launcher.OplusPagedViewImpl.setCurrentPage:1 com.android.launcher3.PagedView.setCurrentPage:1 com.oplus.quickstep.dock.DockView.updateCurrentPage:19 com.oplus.quickstep.dock.DockView.updateCurrentPage:2 com.android.quickstep.views.OplusRecentsViewImpl.setCurrentPage:15 com.android.quickstep.views.RecentsView.applyLoadPlan:35 com.android.quickstep.views.OplusRecentsViewImpl.applyLoadPlan:10  
04-29 10:01:20.747051  2810  2810 D DockIconView: updatePaintFilter: mBitmapShader = null,mul=204,alpha=1.0,mDimAlpha=0.0
04-29 10:01:20.747065  2810  2810 D DockIconView: updatePaintFilter: mBitmapShader = null,mul=204,alpha=1.0,mDimAlpha=0.0
04-29 10:01:20.747069  2810  2810 D DockIconView: updatePaintFilter: mBitmapShader = null,mul=204,alpha=1.0,mDimAlpha=0.0
04-29 10:01:20.747073  2810  2810 D DockIconView: updatePaintFilter: mBitmapShader = null,mul=204,alpha=1.0,mDimAlpha=0.0
04-29 10:01:20.747077  2810  2810 D DockIconView: updatePaintFilter: mBitmapShader = null,mul=204,alpha=1.0,mDimAlpha=0.0
04-29 10:01:20.747080  2810  2810 D DockIconView: updatePaintFilter: mBitmapShader = null,mul=204,alpha=1.0,mDimAlpha=0.0
04-29 10:01:20.747091  2810  2810 D DockIconView: onIconListVisibilityChanged: mTask = [id=3360 windowingMode=1 user=0 lastActiveTime=140151020, displayId=0] null,alpha=1.0,l=1250,t=0,r=1390,b=140
04-29 10:01:20.747102  2810  2810 D DockIconView: onIconListVisibilityChanged: mTask = [id=3359 windowingMode=1 user=0 lastActiveTime=140063336, displayId=0] null,alpha=1.0,l=1075,t=0,r=1215,b=140
04-29 10:01:20.747106  2810  2810 D DockIconView: onIconListVisibilityChanged: mTask = [id=3357 windowingMode=1 user=0 lastActiveTime=140050888, displayId=0] null,alpha=1.0,l=900,t=0,r=1040,b=140
04-29 10:01:20.747114  2810  2810 D DockIconView: onIconListVisibilityChanged: mTask = [id=3350 windowingMode=1 user=0 lastActiveTime=139410258, displayId=-1] null,alpha=1.0,l=725,t=0,r=865,b=140
04-29 10:01:20.747120  2810  2810 D DockIconView: onIconListVisibilityChanged: mTask = [id=3335 windowingMode=1 user=0 lastActiveTime=137722342, displayId=0] null,alpha=1.0,l=550,t=0,r=690,b=140
04-29 10:01:20.747135  2810  2810 D Launcher.QuickStep: OplusRecentsView#setCurrentPage(), reloadVisibleTaskData=false, ScrollForPage=11580
04-29 10:01:20.747199  2810  2810 D Launcher.QuickStep: OplusRecentsView#updateGridProperties(), taskCount=17, showAsGrid()=false, isTaskDismissal=false ,mOverviewGridEnabled=false 
04-29 10:01:20.747269  2810  2810 D Launcher.QuickStep: TaskHeaderViewAnimation#showHeaderWithoutAnimation()
04-29 10:01:20.747280  2810  2810 D Launcher.QuickStep: TaskHeaderViewAnimation#showHeaderWithoutAnimation()
04-29 10:01:20.747289  2810  2810 D Launcher.QuickStep: TaskHeaderViewAnimation#showHeaderWithoutAnimation()
04-29 10:01:20.747296  2810  2810 D Launcher.QuickStep: TaskHeaderViewAnimation#showHeaderWithoutAnimation()
04-29 10:01:20.747300  2810  2810 D Launcher.QuickStep: TaskHeaderViewAnimation#showHeaderWithoutAnimation()
04-29 10:01:20.747304  2810  2810 D Launcher.QuickStep: TaskHeaderViewAnimation#showHeaderWithoutAnimation()
04-29 10:01:20.747309  2810  2810 D Launcher.QuickStep: TaskHeaderViewAnimation#showHeaderWithoutAnimation()
04-29 10:01:20.747314  2810  2810 D Launcher.QuickStep: TaskHeaderViewAnimation#showHeaderWithoutAnimation()
04-29 10:01:20.747320  2810  2810 D Launcher.QuickStep: TaskHeaderViewAnimation#showHeaderWithoutAnimation()
04-29 10:01:20.747330  2810  2810 D Launcher.QuickStep: TaskHeaderViewAnimation#showHeaderWithoutAnimation()
04-29 10:01:20.747337  2810  2810 D Launcher.QuickStep: TaskHeaderViewAnimation#showHeaderWithoutAnimation()
04-29 10:01:20.747344  2810  2810 D Launcher.QuickStep: TaskHeaderViewAnimation#showHeaderWithoutAnimation()
04-29 10:01:20.747348  2810  2810 D Launcher.QuickStep: TaskHeaderViewAnimation#showHeaderWithoutAnimation()
04-29 10:01:20.747354  2810  2810 D Launcher.QuickStep: TaskHeaderViewAnimation#showHeaderWithoutAnimation()
04-29 10:01:20.747359  2810  2810 D Launcher.QuickStep: TaskHeaderViewAnimation#showHeaderWithoutAnimation()
04-29 10:01:20.747370  2810  2810 D Launcher.QuickStep: TaskHeaderViewAnimation#showHeaderWithoutAnimation()
04-29 10:01:20.747378  2810  2810 D Launcher.QuickStep: TaskHeaderViewAnimation#showHeaderWithoutAnimation()
04-29 10:01:20.747390  2810  2810 D Launcher.QuickStep: OplusRecentsView#setRunningTaskHidden(), old=true, isHidden=true, runningTask null ? false, mContentAlpha=0.0
04-29 10:01:20.747501  2810 10327 D UxIconPackageManagerExt: UxIcon checkChooseIconsRootPath false
04-29 10:01:20.747663  2810  2810 D VRI[Launcher]: setWindowStopped stopped:false
04-29 10:01:20.747979  2810  2810 D Launcher.QuickStep: BaseDraggingActivity#onStart: mOnStartCallback = com.android.quickstep.c@b3db467
04-29 10:01:20.748012  2810  2810 D Launcher.QuickStep: OplusBaseSwipeUpHandler#onLauncherStart: mActivity = com.android.launcher.Launcher@ddb539, activity = com.android.launcher.Launcher@ddb539, mWasLauncherAlreadyVisible=false
04-29 10:01:20.748722  2810  2810 D Launcher.QuickStep: OplusRecentsOrientedStateImpl#current RecentsOrientedState: [this=OplusRecentsOrientedStateImpl@109869903 mOrientationHandler=PortraitPagedViewHandler@258727784 mDisplayRotation=0 mTouchRotation=0 mRecentsActivityRotation=0 mRecentsRotation=0 isRecentsActivityRotationAllowed=false mSystemRotation=false mStateId=4480 mFlags=35])
04-29 10:01:20.748759  2810  2810 D Launcher.QuickStep: BaseActivityInterface#initBackgroundStateUI(), mStartState=Normal
04-29 10:01:20.748776  2810  2810 D Launcher: StateManager#goToState: new state=Background, last state=Normal, delay=0
04-29 10:01:20.749002  1848  1848 D EyeProtect: AiCurveManager:decisionDataUsage front average lux is  134.0  back average lux is   5.0
04-29 10:01:20.749035  1848  1848 D EyeProtect: AiCurveManager:decisionDataUsage use front data 
04-29 10:01:20.750368  2810  2810 D Launcher: StateManager#goToState, state = Background, mState = Normal, animated = false, delay:0, caller = com.android.launcher3.statemanager.StateManager.goToState:21 com.android.launcher3.statemanager.StateManager.goToState:2 com.android.quickstep.BaseActivityInterface$DefaultAnimationFactory.initBackgroundStateUI:6 com.android.quickstep.LauncherActivityInterface.prepareRecentsUI:3 com.oplus.quickstep.gesture.OplusBaseSwipeUpHandler.onLauncherStart$lambda-7:1 com.oplus.quickstep.gesture.OplusBaseSwipeUpHandler.i0:0 com.oplus.quickstep.gesture.f.run:51 com.oplus.quickstep.gesture.OplusBaseSwipeUpHandler.onLauncherStart:20 com.android.quickstep.c.run:32 com.android.launcher3.BaseDraggingActivity.onStart:4 com.android.launcher3.Launcher.onStart:2 com.android.launcher.Launcher.onStart:3 android.app.Instrumentation.callActivityOnStart:1529 android.app.Activity.performStart:8447 android.app.ActivityThread.handleStartActivity:3901 
04-29 10:01:20.750386  1848  2485 D Osense-OfreezerPolicy: notifyAppStatus:IntegratedData{mResId=21, mTime=1682733680749, mInfo=Bundle[{pkgName=10251, uid=10251, isAdded=true}]}
04-29 10:01:20.750553  2810  2810 D Launcher: StateManager#onStateTransitionStart, new state=Background, last state=Normal, caller=com.android.launcher3.statemanager.StateManager.goToState:25 com.android.launcher3.statemanager.StateManager.goToState:2 com.android.quickstep.BaseActivityInterface$DefaultAnimationFactory.initBackgroundStateUI:6 com.android.quickstep.LauncherActivityInterface.prepareRecentsUI:3 com.oplus.quickstep.gesture.OplusBaseSwipeUpHandler.onLauncherStart$lambda-7:1 com.oplus.quickstep.gesture.OplusBaseSwipeUpHandler.i0:0 com.oplus.quickstep.gesture.f.run:51 com.oplus.quickstep.gesture.OplusBaseSwipeUpHandler.onLauncherStart:20 com.android.quickstep.c.run:32 com.android.launcher3.BaseDraggingActivity.onStart:4 com.android.launcher3.Launcher.onStart:2 com.android.launcher.Launcher.onStart:3 android.app.Instrumentation.callActivityOnStart:1529 android.app.Activity.performStart:8447 android.app.ActivityThread.handleStartActivity:3901 
04-29 10:01:20.750561  1848  2485 D Osense-OfreezerPolicy: notifyAppStatus:IntegratedData{mResId=21, mTime=1682733680749, mInfo=Bundle[{pkgName=10251, uid=10251, isAdded=true}]}
04-29 10:01:20.750602  2810  2810 D Launcher: OplusWorkspaceTouchController#onStateTransitionStart toState = Background
04-29 10:01:20.750621  2810  2810 D Launcher: GuidePageManager#onStateTransitionStart, toStateBackground
04-29 10:01:20.750684  2810  2810 D Launcher.QuickStep: OplusRecentsOrientedStateImpl#current RecentsOrientedState: [this=OplusRecentsOrientedStateImpl@109869903 mOrientationHandler=PortraitPagedViewHandler@258727784 mDisplayRotation=0 mTouchRotation=0 mRecentsActivityRotation=0 mRecentsRotation=0 isRecentsActivityRotationAllowed=false mSystemRotation=false mStateId=12672 mFlags=99])
04-29 10:01:20.750711  7089  8566 I DeepThinker: DispatcherPolicy: onBaseEvent EventId=26	INPUT_VIDEO_START	TimeStamp =1682733680750	Intent =null	Content =null	Pid =0	PkgName =null	ExtraDta =Bundle[mParcelledData.dataSize=76]
04-29 10:01:20.750767  2810  2810 D b/223498680: LRV onStateTransitionStart setFreezeVisibility=true, toState=Background
04-29 10:01:20.750771  7089  8566 I DeepThinker: VideoScene: onInputEvent : INPUT_VIDEO_START
04-29 10:01:20.750812  7089  8566 I DeepThinker: VideoScene: updateVideoPlayInfo : playing = true uid = 10251 pkg = com.heytap.themestore
04-29 10:01:20.750858  2810  2810 D Launcher: WorkspaceStateTransitionAnimation#applyChildState, alpha = 1.0, screen id = 0, state = Background
04-29 10:01:20.750897  7089  8566 I DeepThinker: DispatcherPolicy: onBaseEvent EventId=26	INPUT_VIDEO_START	TimeStamp =1682733680750	Intent =null	Content =null	Pid =0	PkgName =null	ExtraDta =Bundle[mParcelledData.dataSize=76]
04-29 10:01:20.750900  2810  2810 D Launcher: WorkspaceStateTransitionAnimation#applyChildState, alpha = 1.0, screen id = 1, state = Background
04-29 10:01:20.750917  2810  2810 D Launcher: WorkspaceStateTransitionAnimation#applyChildState, alpha = 1.0, screen id = 2, state = Background
04-29 10:01:20.750921  7089  8566 I DeepThinker: VideoScene: onInputEvent : INPUT_VIDEO_START
04-29 10:01:20.750941  7089  8566 I DeepThinker: VideoScene: updateVideoPlayInfo : playing = true uid = 10251 pkg = com.heytap.themestore
04-29 10:01:20.751097  2810  2810 D Launcher: ToggleBarTransitionController#setToggleBarProperty -- scaleAndTranslation = {alpha= 0.0, scale=1.0, transX=0.0, transY=525.0}, stateBackground
04-29 10:01:20.751172  2810  2810 D Launcher: DisplayDensityUtils#getDefaultDisplayContext=560,oriDensity=3.5,sDefaultDensityDpi=560,applicationInvertedScale=1.0, {560dpi always-compat}
04-29 10:01:20.751266  2810  2810 D Launcher.QuickStep: OplusRecentsViewStateController#setState(), to=Background, from=Normal, scaleAndOffset=[1.7314179, 0.0], isRecentInTransition=false
04-29 10:01:20.751375  2810  2810 D Launcher.QuickStep: DockView#prepareEnterAnimation return toState: Background, checkLastState=true, mLastState=Normal
04-29 10:01:20.751438  2810  2810 D Launcher.QuickStep: OplusClearAllPanelView#playEnterAnimation(), check=true, rotation=0, needReturn=true, curState=Background, tragetState=Background
04-29 10:01:20.751484  2810  2810 D Launcher.QuickStep: OplusRecentsView#setVisibility: alpha = 1.0, to VISIBLE
04-29 10:01:20.751567  2810  2810 D Launcher.QuickStep: TaskHeaderViewAnimation#showHeaderWithoutAnimation()
04-29 10:01:20.751597  2810  2810 D Launcher.QuickStep: TaskHeaderViewAnimation#showHeaderWithoutAnimation()
04-29 10:01:20.751606  2810  2810 D Launcher.QuickStep: TaskHeaderViewAnimation#showHeaderWithoutAnimation()
04-29 10:01:20.751615  2810  2810 D Launcher.QuickStep: TaskHeaderViewAnimation#showHeaderWithoutAnimation()
04-29 10:01:20.751624  2810  2810 D Launcher.QuickStep: TaskHeaderViewAnimation#showHeaderWithoutAnimation()
04-29 10:01:20.751635  2810  2810 D Launcher.QuickStep: TaskHeaderViewAnimation#showHeaderWithoutAnimation()
04-29 10:01:20.751641  2810  2810 D Launcher.QuickStep: TaskHeaderViewAnimation#showHeaderWithoutAnimation()
04-29 10:01:20.751647  2810  2810 D Launcher.QuickStep: TaskHeaderViewAnimation#showHeaderWithoutAnimation()
04-29 10:01:20.751652  2810  2810 D Launcher.QuickStep: TaskHeaderViewAnimation#showHeaderWithoutAnimation()
04-29 10:01:20.751658  2810  2810 D Launcher.QuickStep: TaskHeaderViewAnimation#showHeaderWithoutAnimation()
04-29 10:01:20.751663  2810  2810 D Launcher.QuickStep: TaskHeaderViewAnimation#showHeaderWithoutAnimation()
04-29 10:01:20.751668  2810  2810 D Launcher.QuickStep: TaskHeaderViewAnimation#showHeaderWithoutAnimation()
04-29 10:01:20.751674  2810  2810 D Launcher.QuickStep: TaskHeaderViewAnimation#showHeaderWithoutAnimation()
04-29 10:01:20.751682  2810  2810 D Launcher.QuickStep: TaskHeaderViewAnimation#showHeaderWithoutAnimation()
04-29 10:01:20.751687  2810  2810 D Launcher.QuickStep: TaskHeaderViewAnimation#showHeaderWithoutAnimation()
04-29 10:01:20.751692  2810  2810 D Launcher.QuickStep: TaskHeaderViewAnimation#showHeaderWithoutAnimation()
04-29 10:01:20.751697  2810  2810 D Launcher.QuickStep: TaskHeaderViewAnimation#showHeaderWithoutAnimation()
04-29 10:01:20.751716  2810  2810 D Launcher.QuickStep: OplusRecentsView#setRunningTaskHidden(), old=true, isHidden=true, runningTask null ? false, mContentAlpha=1.0
04-29 10:01:20.751801  2810  2810 D Launcher.QuickStep: OplusRecentsView#loadVisibleTaskData(), numChildren=18,dataChanges=3, lower=0, upper=2, mTmpRunningTasks=[Lcom.android.systemui.shared.recents.model.Task;@2075262, curPage=0, scroll=11580, scale=1.7314179, pivotX=620.2084, pivotY=1143.3612, centerPageIndex=0
04-29 10:01:20.751835  2810  2810 D Launcher.QuickStep: OplusTaskView#onTaskListVisibilityChanged: id =3413, visible = true, dispatchDrawVisible = true, alpha = 0.0
04-29 10:01:20.751871  2810  2810 D Launcher.QuickStep: AppLockModel#formatedApp:com.oplus.logkit#0 isApplocked = false
04-29 10:01:20.751897  2810  2810 D Launcher.QuickStep: OplusTaskView#onTaskListVisibilityChanged: id =3412, visible = true, dispatchDrawVisible = true, alpha = 1.0
04-29 10:01:20.751916  2810  2810 D Launcher.QuickStep: AppLockModel#formatedApp:com.android.contacts#0 isApplocked = false
04-29 10:01:20.751938  2810  2810 D Launcher.QuickStep: OplusTaskView#onTaskListVisibilityChanged: id =3376, visible = true, dispatchDrawVisible = true, alpha = 1.0
04-29 10:01:20.751946  2810  2810 D Launcher.QuickStep: AppLockModel#formatedApp:com.tencent.mm#0 isApplocked = false
04-29 10:01:20.751982  2810  2810 D Launcher.QuickStep: OplusTaskThumbnailView#setThumbnail(), data: thumbnail=android.graphics.Bitmap@2041ff3, scale=1.0, rotation=0, orientation=1, insets=[0,110][0,0], mData null ? true, refreshNow=true, task: id=3376, wm=1, mTask=id=3376, wm=1
04-29 10:01:20.752220  2810  2810 D Launcher.QuickStep: RecentTasksList#getTasks(), loadKeysOnly=false, mChangeId=5625, mResultsUi: id=5625, keyOnly=false, size=17
04-29 10:01:20.752302  2810  2810 D Launcher: WorkspacePageIndicatorTransitionController#setPageIndicatorProperty startTransX = 0.0 , endTransX = 0.0 , startTransY = 0.0 , endTransY = 0.0
04-29 10:01:20.752562  2810  2810 D Launcher: OplusDepthController#handleInvalidSurface but surface is invalid, surface = Surface(name=null)/@0xe67f459, state = Background
04-29 10:01:20.752585  2810  2810 D Launcher: ToggleBarManager#toolbarAnimation, mPendingState = null
04-29 10:01:20.752593  2810  2810 D Launcher: ToggleStateToolbar#mainUiExitOrEnterToolbarAnimation, mainTargetAlpha = 0.0, backOpsTargetAlpha = 0.0
04-29 10:01:20.752600  2810  2810 D Launcher: ToggleToolbarAnimManager#mainUiExitOrEnterToolbarAnimation, mainTargetAlpha = 0.0, backOpsTargetAlpha = 0.0
04-29 10:01:20.752757  2810  2810 D Launcher: OplusDragLayer#setAlpha 0.0; caller = com.android.launcher3.DragLayerStateTranslationAnimation.setState:11 com.android.launcher3.DragLayerStateTranslationAnimation.setState:1 com.android.launcher3.statemanager.StateManager.goToState:28 com.android.launcher3.statemanager.StateManager.goToState:2 com.android.quickstep.BaseActivityInterface$DefaultAnimationFactory.initBackgroundStateUI:6 com.android.quickstep.LauncherActivityInterface.prepareRecentsUI:3 com.oplus.quickstep.gesture.OplusBaseSwipeUpHandler.onLauncherStart$lambda-7:1 com.oplus.quickstep.gesture.OplusBaseSwipeUpHandler.i0:0 com.oplus.quickstep.gesture.f.run:51 com.oplus.quickstep.gesture.OplusBaseSwipeUpHandler.onLauncherStart:20 
04-29 10:01:20.752769  2810  2810 D Launcher: StateManager#onStateTransitionEnd, new state=Background, last state=Normal
04-29 10:01:20.752855  2810  2810 D Launcher: OplusAllAppsContainerView#refreshBackgroundColor cur = Standard state = Background
04-29 10:01:20.752873  2810  2810 D Launcher: GuidePageManager#onStateTransitionComplete: LauncherState: 6
04-29 10:01:20.752880  2810  2810 D Launcher: GuidePageManager#setBackGesture enabled : true
04-29 10:01:20.752950  2810  2810 D Launcher: BatchDragViewManager#clearSelectedViews
04-29 10:01:20.752965  2810  2810 D b/223498680: LRV onStateTransitionComplete setFreezeVisibility=false, finalState=Background
04-29 10:01:20.752978  2810  2810 D Launcher: LetterIndexFastScrollHelper#reset 
04-29 10:01:20.752986  2810  2810 D Launcher: LetterIndexFastScrollHelper#setCanStartAnim false
04-29 10:01:20.753030  2810  2810 D Launcher.QuickStep: OplusClearAllPanelView#show(), visible=false, animate=false, invokeFrom=initBackgroundStateUI#setControlViewVisible, alpha=0.0 , targetState = Background
04-29 10:01:20.753050  2810  2810 D Launcher.QuickStep: DockView#toggleVisibility(): curState = Background, targetState = Background, mIsVertical = true, mIsRecentsViewPortrait = true, mIsInMultiWindowMode = false, mVisibilityAlpha=0.0, alpha = 1.0, visible = 4
04-29 10:01:20.753056  2810  2810 D Launcher.QuickStep: DockView#toggleVisibility() return, targetDisplayState is same with curDisplayState.
04-29 10:01:20.753274  2810  2810 D Launcher: OplusAllAppsContainerView#refreshBackgroundColor cur = Standard state = Background
04-29 10:01:20.753317  2810  2810 D Launcher.QuickStep: AbsSwipeUpHandler#maybeUpdateRecentsAttachedState: , animate=false, recentsAttachedToAppWindow = false, mContinuingLastGesture = false, mIsLikelyToStartNewTask = false
