04-29 10:01:20.688795  7089  7126 D cutils-dev: properties changed in otrace_seq_number_changed!
04-29 10:01:20.688874  1848  2124 V InputDispatcher: notifyMotion - id=2d6fbdd6 eventTime=71186176450000, deviceId=2, source=0x1002, displayId=0, policyFlags=0x0, action=0x0, actionButton=0x0, flags=0x0, metaState=0x0, buttonState=0x0, edgeFlags=0x0, xPrecision=10.000000, yPrecision=10.000000, xCursorPosition=nan, yCursorPosition=nan, downTime=71186176450000
04-29 10:01:20.688906  1848  2124 V InputDispatcher:   Pointer 0: id=0, toolType=1, x=544.200012, y=2710.600098, pressure=1.000000, size=0.043137, touchMajor=1.100000, touchMinor=1.100000, toolMajor=1.100000, toolMinor=1.100000, orientation=0.000000
04-29 10:01:20.689002  1848  2124 I OsenseResManagerService: osense native set notification: src 1000 type 0 p1 -1 p2 -1 p3 -1 p4 
04-29 10:01:20.689388  1265  1320 I MobileLogD: recv sublog_SCPLog=1 from 6
04-29 10:01:20.689506  1848  2124 I OsenseResManagerService: osense native set scene action: identity inputflinger handle 5507598134074328052 scene  action OSENSE_ACTION_TOUCH_BOOST timeout 150
04-29 10:01:20.689920  1848  2123 V InputDispatcher: dispatchMotion - eventTime=71186176450000, deviceId=2, source=0x1002, displayId=0, policyFlags=0x62000000, action=DOWN, actionButton=0x0, flags=0x0, metaState=0x0, buttonState=0x0,edgeFlags=0x0, xPrecision=10.000000, yPrecision=10.000000, downTime=71186176450000
04-29 10:01:20.689957  1848  2123 V InputDispatcher:   Pointer 0: id=0, toolType=1, x=544.200012, y=2710.600098, pressure=1.000000, size=0.043137, touchMajor=1.100000, touchMinor=1.100000, toolMajor=1.100000, toolMinor=1.100000, orientation=0.000000
04-29 10:01:20.690129  1071  1653 D VRR [OTI]: updateInputKey type: 2 [eMotionDown]
04-29 10:01:20.690255  1848  2123 W InputDispatcherExtImpl: MotionEvent action_down is in invalid region, x: 544.200012, y: 2710.600098
04-29 10:01:20.690316  1848  2123 W InputDispatcherExtImpl: MotionEvent action_down is in invalid region, x: 544.200012, y: 2710.600098
04-29 10:01:20.690373  1848  2123 V InputDispatcher: channel '[Gesture Monitor] swipe-up (server)' ~ eventTime=71186176450000, downTime=71186176450000
04-29 10:01:20.690383  1848  2123 V InputDispatcher: Pointer 0: id=0, toolType=1, x=544.200012, y=2710.600098
04-29 10:01:20.690504  1848  2123 V InputDispatcher: channel '[Gesture Monitor] edge-swipe (server)' ~ eventTime=71186176450000, downTime=71186176450000
04-29 10:01:20.690516  1848  2123 V InputDispatcher: Pointer 0: id=0, toolType=1, x=544.200012, y=2710.600098
04-29 10:01:20.690616  1848  2123 V InputDispatcher: channel '[Gesture Monitor] OplusExInputReceiver1 (server)' ~ eventTime=71186176450000, downTime=71186176450000
04-29 10:01:20.690626  1848  2123 V InputDispatcher: Pointer 0: id=0, toolType=1, x=544.200012, y=2710.600098
04-29 10:01:20.690694  1848  2123 V InputDispatcher: channel 'PointerEventDispatcher0 (server)' ~ eventTime=71186176450000, downTime=71186176450000
04-29 10:01:20.690701  1848  2123 V InputDispatcher: Pointer 0: id=0, toolType=1, x=544.200012, y=2710.600098
04-29 10:01:20.690686  2810  2810 I InputChannelCompat: onInputEvent: sequenceNumber = 388156
04-29 10:01:20.690844  2810  2810 D OrientationRectF: original: 544.2, 2710.6 new: 544.2, 2710.6 rect: RectF(0.0, 2695.0, 1240.0, 2772.0) rotation: 0 forceTransform: false contains: true this: RectF(0.0, 2695.0, 1240.0, 2772.0) rotation: 0
04-29 10:01:20.690917  2810  2810 D Launcher.QuickStep: OplusOrientationTouchTransformerImpl#onLastTouchRectChanged: mLastRectTouched = [0.0,2695.0][1240.0,2772.0]
04-29 10:01:20.690950  2810  2810 D Launcher.QuickStep: OplusBaseTouchInteractionService#onInputEvent(), ACTION_DOWN, x=544.2, y=2710.6, isOffsetState=false, displayRotation=0
04-29 10:01:20.690971  2810  2810 D Launcher.QuickStep: OplusOrientationTouchTransformerImpl#touchInValidSwipeRegions(), x=544.2, y=2710.6, rect=RectF(0.0, 2695.0, 1240.0, 2772.0) rotation: 0
04-29 10:01:20.691005  2810  2810 D Launcher.QuickStep: OplusBaseTouchInteractionService#onInputEvent(), ACTION_DOWN, canRespondGesture=true
04-29 10:01:20.691169  2810  2810 D Launcher: GestureState#updateRunningTask(), 3413
04-29 10:01:20.691188  2810  2810 D Launcher.QuickStep: OplusBaseTouchInteractionService#newConsumer
04-29 10:01:20.691691  1848  2525 I mtkpower_client: perf_lock_rel, hdl:79105, tid:2525
04-29 10:01:20.691688   971  1115 I libPowerHal: [perfLockAcq] idx:0 hdl:79107 hint:25 pid:971 tid:971 duration:10000 lock_user:mtkpower@1.0-se => ret_hdl:79107
04-29 10:01:20.691833   971  1115 I libPowerHal: [PE] MTKPOWER_HINT_APP_TOUCH update cmd:3408b00 param:1
04-29 10:01:20.691996  1848  1891 D TheiaRestorer: reportPointerEvent: MotionEvent { action=ACTION_DOWN, actionButton=0, id[0]=0, x[0]=544.2, y[0]=2710.6, toolType[0]=TOOL_TYPE_FINGER, buttonState=0, classification=NONE, metaState=0, flags=0x0, edgeFlags=0x0, pointerCount=1, historySize=0, eventTime=71186176, downTime=71186176, deviceId=2, source=0x1002, displayId=0, eventId=762297814 }
04-29 10:01:20.692596  2486  2486 D NoBackGesture: Start gesture: MotionEvent { action=ACTION_DOWN, actionButton=0, id[0]=0, x[0]=544.2, y[0]=2710.6, toolType[0]=TOOL_TYPE_FINGER, buttonState=0, classification=NONE, metaState=0, flags=0x0, edgeFlags=0x0, pointerCount=1, historySize=0, eventTime=71186176, downTime=71186176, deviceId=2, source=0x1002, displayId=0, eventId=762297814 }
04-29 10:01:20.692634  2486  2486 D NoBackGesture: Not in side gesture area
04-29 10:01:20.692665  2486  2486 D NoBackGesture: gestureBar animation: gestureBarNotHide = false, isCorrectHomeHandle = true
04-29 10:01:20.693043  1848  2525 I mtkpower_client: perf_lock_acq, hdl:79105, dur:0, num:6, tid:2525
04-29 10:01:20.693204   971   998 I mtkpower@impl: [check_work_req] i:0, msg:1 hdl:79105, wait
04-29 10:01:20.693571  2810  2810 D Launcher.QuickStep: OplusBaseRecentsAnimationDeviceState#canStartSystemGesture: navbarNotHidden = true, ignoreBarVisibility = true, isTaskListFrozen = false, isGestureNavbarHidden = true, isGestureBackHomeBack = false, isGameMistouchPreventionDisabled = false, mSystemUiStateFlags = |||||||||||||||||allow_gesture||||||||
04-29 10:01:20.694108 32020 32130 I DebugLoggerUI/DebugLoggerUIService: Receive adb command,, command=set_sublog_6_1, logCluster= 1
04-29 10:01:20.694220 32020 32130 I DebugLoggerUI/DebugLoggerUIService: -->dealWithAdbCommand(), logTypeCluster=1, command=set_sublog_6_1
04-29 10:01:20.694344 32020 32130 I LogHandler/AbstractLogInstance: -->getValueFromServer(), command = get_sublog_list
04-29 10:01:20.694630 32020 32130 I LogHandler/AbstractLogConnection: sendToServer() mServerName = mobilelogd data = get_sublog_list
04-29 10:01:20.694931  1848  2303 D OGG_Detector: D:done mCurrStatus: 0
04-29 10:01:20.695400   971   998 I mtkpower@impl: [check_work_req] i:0, msg:1 hdl:79105, wait
04-29 10:01:20.696094  2810  2810 D Launcher.QuickStep: OplusBaseTouchInteractionService#newConsumer(), canStartSystemGesture=true, forceStartGesture=false, isIgnoreHomeKey=false, isGestureDisabled=false, isNavBarDisabled=false, isUserSetupCompleted=true, isValidGestureState=true, isInGesturesGuide=false, isStartingMultipleTasks=false
04-29 10:01:20.696239  2810  2810 D Launcher.QuickStep: OplusBaseTouchInteractionService#newConsumer(), skipCheckGestureAvailable=false, isGestureValid=false, isValidGestureState=true
04-29 10:01:20.696258  2810  2810 D Launcher.QuickStep: SpecialSceneHelper#isUsedSpecialInputConsumer = 1
04-29 10:01:20.696362  2810  2810 D Launcher.QuickStep: OplusBaseTouchInteractionService#newBaseConsumer: isResumed=false, isRecentsAnimationRunning=false, endTarget=null, runningTask=3413, isInExitFocusMode=false, useSpecialInputConsumer=false, canOverview=false, forceOverview=false
04-29 10:01:20.696438  2810  2810 D Launcher.QuickStep: SpecialSceneHelper#isZoomWindowShown: windowMode = 1
04-29 10:01:20.696422  1265  1320 D MobileLogD: write sublog_SCPLog=1,1 to client 6 
04-29 10:01:20.696476  2810  2810 D Launcher.QuickStep: SpecialSceneHelper#isOtherFallbackHome: activityType = 1, topActivity = ComponentInfo{com.oplus.logkit/com.oplus.logkit.collect.activity.CollectActivity}, pkg = com.android.launcher
04-29 10:01:20.696492  2810  2810 D Launcher.QuickStep: SpecialSceneHelper#isForceExludedTask: pkg = com.oplus.logkit, className = com.oplus.logkit.collect.activity.CollectActivity
04-29 10:01:20.696535  2810  2810 D Launcher.QuickStep: OplusBaseTouchInteractionService#useSpecialInputConsumer(), useSpecialInputConsumer=false, runningTaskId=3413
04-29 10:01:20.696532  1265  1320 D MobileLogD: write to client over
04-29 10:01:20.696578  2810  2810 D Launcher.QuickStep: OplusBaseTouchInteractionService#isInExitFocusMode: inExitFocusMode = false
04-29 10:01:20.696696   971  1115 I libPowerHal: [perfLockRel] hdl:79105, idx:3
04-29 10:01:20.696740   971  1115 I libPowerHal: [setClusterHardFreq] system_server: hard userlimit set cpu freq: -1 -1 -1 -1 -1 -1
04-29 10:01:20.696743  2810  2810 D Launcher.QuickStep: OplusOtherActivityInputConsumer#init: forceNotInterceptEvent = false, lastGestureToNewTask = false
04-29 10:01:20.696790  2810  2810 D Launcher.QuickStep: OplusBaseTouchInteractionService#onInputEvent(), ACTION_DOWN, Consumer=TYPE_OTHER_ACTIVITY
04-29 10:01:20.696860  2810  2810 D Launcher.QuickStep: GestureFailedStatisticHelper#sendGestureFailedEventIfNeed()
04-29 10:01:20.696886  2810  2810 D Launcher.QuickStep: GestureFailedStatisticHelper#sendTimeOutEventIfNeed: timeOutCountPortrait = 1, timeOutCountLandscape = 0
04-29 10:01:20.696899   971  1115 I libPowerHal: [setClusterFreq]  set cpu_ctrl cpufreq: -1 -1 -1 -1 -1 -1 
04-29 10:01:20.696912  2810  2810 D Launcher.QuickStep: GestureFailedStatisticHelper#sendTimeOutEventIfNeed: speedFailedCountPortrait = 0, speedFailedCountLandscape = 0
04-29 10:01:20.696924  2810  2810 D Launcher.QuickStep: GestureFailedStatisticHelper#sendMoveDistanceFailedEventIfNeed:, moveDistanceFailedCountPortrait = 2, moveDistanceFailedCountLandscape = 0
04-29 10:01:20.697022  2810  2810 D Launcher.QuickStep: OplusOtherActivityInputConsumer#startTouchTrackingForWindowAnimation(), isRecentsAnimRunning=false, mIsDeferredDownTarget=false
04-29 10:01:20.697050  2810  2810 D Launcher: LauncherBooster#enterSchedAssistScene
04-29 10:01:20.699160  1848  2525 I mtkpower_client: ret_hdl:79108
04-29 10:01:20.699840  2810  2810 D Launcher: DisplayDensityUtils#getDefaultDisplayContext=560,oriDensity=3.5,sDefaultDensityDpi=560,applicationInvertedScale=1.0, {560dpi always-compat}
04-29 10:01:20.700015  2810  2810 D Launcher.QuickStep: RecentsOrientedState#init: smallestScreenWidthDp = 354, densityDpi = 560, DENSITY_DEVICE_STABLE = 560, originalSmallestWidth = 354
04-29 10:01:20.700069  2810  2810 D Launcher.QuickStep: OplusRecentsOrientedStateImpl#current RecentsOrientedState: [this=OplusRecentsOrientedStateImpl@42205047 mOrientationHandler=PortraitPagedViewHandler@258727784 mDisplayRotation=0 mTouchRotation=0 mRecentsActivityRotation=0 mRecentsRotation=-1 isRecentsActivityRotationAllowed=false mSystemRotation=false mStateId=37255 mFlags=291])
04-29 10:01:20.700097  2810  2810 D Launcher.QuickStep: OplusRecentsOrientedStateImpl#current RecentsOrientedState: [this=OplusRecentsOrientedStateImpl@42205047 mOrientationHandler=PortraitPagedViewHandler@258727784 mDisplayRotation=0 mTouchRotation=0 mRecentsActivityRotation=0 mRecentsRotation=-1 isRecentsActivityRotationAllowed=false mSystemRotation=false mStateId=37255 mFlags=291])
04-29 10:01:20.700177  2810  2810 D Launcher.QuickStep: OplusRecentsOrientedStateImpl#current RecentsOrientedState: [this=OplusRecentsOrientedStateImpl@42205047 mOrientationHandler=PortraitPagedViewHandler@258727784 mDisplayRotation=0 mTouchRotation=0 mRecentsActivityRotation=0 mRecentsRotation=-1 isRecentsActivityRotationAllowed=false mSystemRotation=false mStateId=37255 mFlags=291])
04-29 10:01:20.700650   971  1115 I libPowerHal: [perfLockAcq] idx:3 hdl:79108 hint:-1 pid:1848 tid:2525 duration:0 lock_user:system_server => ret_hdl:79108
04-29 10:01:20.700686   971  1115 I libPowerHal: [setClusterFreq] scn:system_server set cpu hard_freq[2] min:-1 max:2850000
04-29 10:01:20.700694   971  1115 I libPowerHal: [setClusterHardFreq] system_server: hard userlimit set cpu freq: -1 -1 -1 -1 -1 2850000
04-29 10:01:20.700768   971  1115 I libPowerHal: [setClusterFreq]  set cpu_ctrl cpufreq: -1 -1 -1 -1 -1 2850000 
04-29 10:01:20.701130   971  1115 I libPowerHal: [PE] system_server update cmd:2004100, param:0
04-29 10:01:20.701312  2810  2810 D Launcher.QuickStep: OplusRecentsOrientedStateImpl#current RecentsOrientedState: [this=OplusRecentsOrientedStateImpl@42205047 mOrientationHandler=PortraitPagedViewHandler@258727784 mDisplayRotation=0 mTouchRotation=0 mRecentsActivityRotation=0 mRecentsRotation=-1 isRecentsActivityRotationAllowed=false mSystemRotation=false mStateId=4487 mFlags=35])
04-29 10:01:20.701593  2810  2810 D Launcher.QuickStep: OplusRecentsOrientedStateImpl#current RecentsOrientedState: [this=OplusRecentsOrientedStateImpl@42205047 mOrientationHandler=PortraitPagedViewHandler@258727784 mDisplayRotation=0 mTouchRotation=0 mRecentsActivityRotation=0 mRecentsRotation=-1 isRecentsActivityRotationAllowed=false mSystemRotation=false mStateId=4487 mFlags=35])
04-29 10:01:20.701719  2810  2810 D Launcher: DisplayDensityUtils#getDefaultDisplayContext=560,oriDensity=3.5,sDefaultDensityDpi=560,applicationInvertedScale=1.0, {560dpi always-compat}
04-29 10:01:20.701900  2810  2810 D Launcher.QuickStep: OplusBaseActivityInterface#calculateTaskSize(), outRect=[262,483][978,2084], DeviceProfile{largeScreen=false, rotationHint=0, pyLand=false, land=false, mw=false, vb=false, seascape=false, aw=1240, ah=2662, w=1240, h=2772, insets=[0,110][0,0]}, taskMargin=56, proactiveRowAndMargin=224, horizontalPadding=262, overviewActionsHeight = 210, horizontalPadding = 262, overviewTaskThumbnailTopMarginPx = 175
04-29 10:01:20.702040  2810  2810 D Launcher.QuickStep: OplusRecentsOrientedStateImpl#current RecentsOrientedState: [this=OplusRecentsOrientedStateImpl@42205047 mOrientationHandler=PortraitPagedViewHandler@258727784 mDisplayRotation=0 mTouchRotation=0 mRecentsActivityRotation=0 mRecentsRotation=-1 isRecentsActivityRotationAllowed=false mSystemRotation=false mStateId=4487 mFlags=35])
04-29 10:01:20.702097  2810  2810 D Launcher.QuickStep: TranslationYProperty#recalculateBaseCoefficient: old = 18, baseCoefficient = 18
04-29 10:01:20.702146  2810  2810 D Launcher.QuickStep: OplusRecentsOrientedStateImpl#current RecentsOrientedState: [this=OplusRecentsOrientedStateImpl@42205047 mOrientationHandler=PortraitPagedViewHandler@258727784 mDisplayRotation=0 mTouchRotation=0 mRecentsActivityRotation=0 mRecentsRotation=-1 isRecentsActivityRotationAllowed=false mSystemRotation=false mStateId=4487 mFlags=35])
04-29 10:01:20.702402  2810  2810 D Launcher.QuickStep: OplusBaseSwipeUpHandler#canSupportedRapidReaction: com.oplus.logkit/.activity.MainActivity
04-29 10:01:20.702548  2810  2810 D Launcher.QuickStep: OplusBaseSwipeUpHandler#updateGestureState: type = 0, newState = false
04-29 10:01:20.703128   971  1115 I libPowerHal: [perfLockAcq] idx:5 hdl:79109 hint:-1 pid:971 tid:1056 duration:70 lock_user:mtkpower@1.0-se => ret_hdl:79109
04-29 10:01:20.703480   971  1115 I libPowerHal: [setClusterFreq] mtkpower@1.0-se set cpufreq[0] min:1000000 max:-1 cpufreq[1] min:1300000 max:-1 cpufreq[2] min:-1 max:-1 
04-29 10:01:20.703638   971  1115 I libPowerHal: [setClusterFreq]  set cpu_ctrl cpufreq: 1000000 -1 1300000 -1 -1 2850000 
04-29 10:01:20.703707   971  1115 I libPowerHal: [PE] mtkpower@1.0-se update cmd:1404100, param:1
04-29 10:01:20.703734   971  1115 I libPowerHal: [PE] mtkpower@1.0-se update cmd:1404300, param:1
04-29 10:01:20.703957  2810  2810 D Launcher.QuickStep: RapidReactionUtils#unsupport base component com.oplus.logkit/.activity.MainActivity
04-29 10:01:20.703982  2810  2810 D Launcher.QuickStep: OplusBaseSwipeUpHandler#updateGestureState: type = 0, newState = false
04-29 10:01:20.708331   971  1115 I libPowerHal: [PE] mtkpower@1.0-se update cmd:1408100, param:30
04-29 10:01:20.708409   971  1115 I libPowerHal: [PE] mtkpower@1.0-se update cmd:1408300, param:0
04-29 10:01:20.709335  2810  2810 D b/231312158: getDeviceProfile -
04-29 10:01:20.709335  2810  2810 D b/231312158: config: port winConfig={ mBounds=Rect(0, 0 - 1240, 2772) mAppBounds=Rect(0, 110 - 1240, 2772) mMaxBounds=Rect(0, 0 - 1240, 2772) mDisplayRotation=ROTATION_0 mWindowingMode=fullscreen mDisplayWindowingMode=fullscreen mActivityType=undefined mAlwaysOnTop=undefined mRotation=ROTATION_0}
04-29 10:01:20.709335  2810  2810 D b/231312158: application config: port winConfig={ mBounds=Rect(0, 0 - 1240, 2772) mAppBounds=Rect(0, 110 - 1240, 2772) mMaxBounds=Rect(0, 0 - 1240, 2772) mDisplayRotation=ROTATION_0 mWindowingMode=fullscreen mDisplayWindowingMode=fullscreen mActivityType=undefined mAlwaysOnTop=undefined mRotation=ROTATION_0}
04-29 10:01:20.709335  2810  2810 D b/231312158: displayMetrics: DisplayMetrics{density=3.5, width=1240, height=2662, scaledDensity=3.5, xdpi=449.942, ydpi=448.463}
04-29 10:01:20.709335  2810  2810 D b/231312158: rotation: 0
04-29 10:01:20.709335  2810  2810 D b/231312158: DisplayController.Info:
04-29 10:01:20.709335  2810  2810 D b/231312158:   id=local:4627039422300187648
04-29 10:01:20.709335  2810  2810 D b/231312158:   rotation=0
04-29 10:01:20.709335  2810  2810 D b/231312158:   fontScale=1.0
04-29 10:01:20.709335  2810  2810 D b/231312158:   densityDpi=560
04-29 10:01:20.709335  2810  2810 D b/231312158:   navigationMode=NO_BUTTON
04-29 10:01:20.709335  2810  2810 D b/231312158:   currentSize=Point(1240, 2772)
04-29 10:01:20.709335  2810  2810 D b/231312158:   supportedBounds={WindowBounds{bounds=Rect(0, 0 - 1240, 2772), insets=Rect(0, 110 - 0, 0), availableSize=Point(1240, 2662)}, WindowBounds{bounds=Rect(0, 0 - 2772, 1240), insets=Rect(0, 110 - 110, 0), availableSize=Point(2662, 1130)}, WindowBounds{bounds=Rect(0, 0 - 2772, 1240), insets=Rect(110, 0 - 0, 0), availableSize=Point(2662, 1240)}}
04-29 10:01:20.709335  2810  2810 D b/231312158: 
04-29 10:01:20.709335  2810  2810 D b/231312158: caller: com.oplus.quickstep.gesture.OplusBaseSwipeUpHandler.<init>:15 com.android.quickstep.LauncherSwipeHandlerV2.<init>:1 com.android.quickstep.OplusLauncherSwipeHandlerV2Impl.<init>:1 com.android.quickstep.OplusBaseTouchInteractionService.mLauncherSwipeHandlerFactory$lambda-0:8 com.android.quickstep.OplusBaseTouchInteractionService.g:0 com.android.quickstep.e0.newHandler:8 com.android.quickstep.inputconsumers.OplusOtherActivityInputConsumer.startTouchTrackingForWindowAnimation:10 com.android.quickstep.inputconsumers.OtherActivityInputConsumer.onMotionEvent:79 com.android.quickstep.inputconsumers.OplusOtherActivityInputConsumer.onMotionEvent:60 com.android.quickstep.OplusBaseTouchInteractionService.onInputEvent:93 
04-29 10:01:20.709425  2810  2810 D Launcher.QuickStep: OplusBaseSwipeUpHandler#updateGestureState: type = 1, newState = false
04-29 10:01:20.709478  2810  2810 D Launcher.QuickStep: OplusBaseSwipeUpHandler#init: transitionFromMenuKey = false, isButtonNavMode=false, forceToRecents=false, mGoHomeRegion = [248.0,0.0][992.0,2217.6]
04-29 10:01:20.709507  2810  2810 D Launcher.QuickStep: RecentTasksList#getTasks(), loadKeysOnly=false, mChangeId=5625, mResultsUi: id=-1, keyOnly=false, size=0
04-29 10:01:20.709579  2810  2810 D Launcher.QuickStep: ActivityTracker#registerCallback: activity = com.android.launcher.Launcher@ddb539
04-29 10:01:20.709621  2810  2810 D Launcher.QuickStep: OplusBaseSwipeUpHandler#onActivityInit: mActivity = null, activity = com.android.launcher.Launcher@ddb539, alreadyOnHome = false
04-29 10:01:20.709666  2810  2810 D Launcher.QuickStep: OplusRecentsOrientedStateImpl#current RecentsOrientedState: [this=OplusRecentsOrientedStateImpl@109869903 mOrientationHandler=PortraitPagedViewHandler@258727784 mDisplayRotation=0 mTouchRotation=0 mRecentsActivityRotation=0 mRecentsRotation=0 isRecentsActivityRotationAllowed=false mSystemRotation=false mStateId=37248 mFlags=291])
04-29 10:01:20.709676  2810  2932 D Launcher: LauncherBooster#setUx: pid = 2932, open = true
04-29 10:01:20.709699  2810  2932 D Launcher: LauncherBooster#notify uifirst, scene=setUx, pkg=com.android.launcher, type=6, pid=2932, renderTid=0, uxValue=132, flag=4, needNotify=true, uiFirstmanager null ? false
04-29 10:01:20.709714  2810  2810 D Launcher.QuickStep: OplusRecentsOrientedStateImpl#current RecentsOrientedState: [this=OplusRecentsOrientedStateImpl@42205047 mOrientationHandler=PortraitPagedViewHandler@258727784 mDisplayRotation=0 mTouchRotation=0 mRecentsActivityRotation=0 mRecentsRotation=-1 isRecentsActivityRotationAllowed=false mSystemRotation=false mStateId=4487 mFlags=35])
04-29 10:01:20.709723  2810  2810 D Launcher.QuickStep: TranslationYProperty#recalculateBaseCoefficient: old = 18, baseCoefficient = 18
04-29 10:01:20.709744  2810  2810 D Launcher.QuickStep: OplusRecentsOrientedStateImpl#current RecentsOrientedState: [this=OplusRecentsOrientedStateImpl@42205047 mOrientationHandler=PortraitPagedViewHandler@258727784 mDisplayRotation=0 mTouchRotation=0 mRecentsActivityRotation=0 mRecentsRotation=-1 isRecentsActivityRotationAllowed=false mSystemRotation=false mStateId=4487 mFlags=35])
04-29 10:01:20.709797  2810  2810 D MultiStateCallback: [14245926] Adding [STATE_LAUNCHER_PRESENT (1)] to [ (0)]
04-29 10:01:20.709834  2810  2810 D Launcher.QuickStep: BaseDraggingActivity#runOnceOnStart: action = com.android.quickstep.c@b3db467
04-29 10:01:20.709853  2810  2810 D Launcher.QuickStep: OplusRecentsView#onGestureAnimationStart()
04-29 10:01:20.709879  2810  2810 D Launcher.QuickStep: OplusRecentsOrientedStateImpl#current RecentsOrientedState: [this=OplusRecentsOrientedStateImpl@109869903 mOrientationHandler=PortraitPagedViewHandler@258727784 mDisplayRotation=0 mTouchRotation=0 mRecentsActivityRotation=0 mRecentsRotation=0 isRecentsActivityRotationAllowed=false mSystemRotation=false mStateId=4480 mFlags=35])
04-29 10:01:20.709900  2810  2810 D Launcher.QuickStep: OplusRecentsOrientedStateImpl#current RecentsOrientedState: [this=OplusRecentsOrientedStateImpl@109869903 mOrientationHandler=PortraitPagedViewHandler@258727784 mDisplayRotation=0 mTouchRotation=0 mRecentsActivityRotation=0 mRecentsRotation=0 isRecentsActivityRotationAllowed=false mSystemRotation=false mStateId=4480 mFlags=35])
04-29 10:01:20.709915  2810  2810 D Launcher.QuickStep: OplusRecentsOrientedStateImpl#current RecentsOrientedState: [this=OplusRecentsOrientedStateImpl@109869903 mOrientationHandler=PortraitPagedViewHandler@258727784 mDisplayRotation=0 mTouchRotation=0 mRecentsActivityRotation=0 mRecentsRotation=0 isRecentsActivityRotationAllowed=false mSystemRotation=false mStateId=4480 mFlags=35])
04-29 10:01:20.709975  2810  2932 D Launcher.QuickStep: RecentTasksList#getTasks(), loadKeysOnly=false, mChangeId=5625, mResultsBg: id=-1, keyOnly=false, size=0
04-29 10:01:20.710039  2810  2810 D Launcher.QuickStep: OplusRecentsView#updateSizeAndPadding: rotation: 0, mTempRect=[262,308][978,2084], mTaskTopMargin=175, mInsets=[0,110][0,0], widthPx=1240, heightPx=2772
04-29 10:01:20.710442  2810  2810 D Launcher.QuickStep: OplusTaskThumbnailView#onContentProtectStateChanged: isContentProtection=false, isContentProtect=false, animate=false
04-29 10:01:20.710508  2810  2810 D Launcher.QuickStep: OplusTaskThumbnailView#bind: pkg=com.oplus.logkit, colorBackground=0, lighting=false, protect=false
04-29 10:01:20.710810  2810  2810 D Launcher.QuickStep: RecentsView#setCurrentTask(), old=-1, new=216
04-29 10:01:20.710894  2810  2810 D Launcher.QuickStep: OplusRecentsView#setRunningTaskHidden(), old=false, isHidden=true, runningTask null ? false, mContentAlpha=0.0
04-29 10:01:20.710929  2810  2810 D Launcher.QuickStep: CleanedTaskRecorder#setRunningTaskId: 3413
04-29 10:01:20.710979  2810  2810 D Launcher.QuickStep: OplusRecentsView#setCurrentPage(), current=0, next=-1, inTransition=false, mOrientationHandlerChanged=false, mGestureAnimationStarted=true, mGestureActive = true, lastLoadTaskDataCenterIndex = 0, reloadVisibleTaskData = false
04-29 10:01:20.712673  2810  2810 D Launcher: PagedView# mCurrentPage ref validateNewPage this = com.android.quickstep.views.LauncherRecentsView{4e76214 I.ED..... ......ID 0,0-1240,2772 #7f0a03a3 app:id/overview_panel viewInfo = } newPage = 0  call = com.android.launcher3.PagedView.setCurrentPage:3 com.android.launcher.OplusPagedViewImpl.setCurrentPage:1 com.android.launcher3.PagedView.setCurrentPage:1 com.android.quickstep.views.OplusRecentsViewImpl.setCurrentPage:14 com.android.quickstep.views.RecentsView.showCurrentTask:29 com.android.quickstep.views.RecentsView.onGestureAnimationStart:7 com.android.quickstep.views.OplusRecentsViewImpl.onGestureAnimationStart:4 com.android.quickstep.AbsSwipeUpHandler.notifyGestureAnimationStartToRecents:8  
04-29 10:01:20.712713  2810  2810 D Launcher.QuickStep: OplusRecentsView#forceFinishScroller()
04-29 10:01:20.712758  2810  2810 D Launcher.QuickStep: OplusRecentsView#setCurrentPage(), reloadVisibleTaskData=false, ScrollForPage=11580
04-29 10:01:20.712776  2810  2810 D Launcher.QuickStep: OplusRecentsView#setRunningTaskHidden(), old=true, isHidden=false, runningTask null ? false, mContentAlpha=0.0
04-29 10:01:20.712919  2810  2810 D Launcher.QuickStep: OplusRecentsView#updateGridProperties(), taskCount=17, showAsGrid()=false, isTaskDismissal=false ,mOverviewGridEnabled=false 
04-29 10:01:20.713086  2810  2810 D Launcher.QuickStep: RecentsView#reloadIfNeeded(), com.android.quickstep.views.RecentsView.showCurrentTask:34 com.android.quickstep.views.RecentsView.onGestureAnimationStart:7 com.android.quickstep.views.OplusRecentsViewImpl.onGestureAnimationStart:4 com.android.quickstep.AbsSwipeUpHandler.notifyGestureAnimationStartToRecents:8 com.android.quickstep.AbsSwipeUpHandler.setupRecentsViewUi:3 
04-29 10:01:20.713113  2810  2810 D Launcher.QuickStep: RecentTasksList#getTasks(), loadKeysOnly=false, mChangeId=5625, mResultsUi: id=-1, keyOnly=false, size=0
04-29 10:01:20.713138  2810  2810 D Launcher.QuickStep: OplusRecentsView#setRunningTaskHidden(), old=false, isHidden=true, runningTask null ? false, mContentAlpha=0.0
04-29 10:01:20.713272  2810  2810 D Launcher.QuickStep: OplusBaseSwipeUpHandler#linkRecentsViewScroll: ignore add current scroll change listener, because the transitionFromMenuKey is false and the canSupportedRapidReaction is false
04-29 10:01:20.713297  2810  2810 D MultiStateCallback: [14245926] Adding [STATE_LAUNCHER_BIND_TO_SERVICE (8)] to [STATE_LAUNCHER_PRESENT (1)]
04-29 10:01:20.713315  2810  2810 D Launcher: RecentsBooster#openCpu: false, isGestureRunning = false
04-29 10:01:20.713339  2810  2810 D Launcher: LauncherBooster#notify uifirst, scene=InRecentsView, pkg=com.android.launcher, type=4, pid=2810, renderTid=0, uxValue=2, flag=4, needNotify=true, uiFirstmanager null ? false
04-29 10:01:20.713527  2810  2810 D Launcher.QuickStep: TaskAnimationManager#finishRunningRecentsAnimation: false
04-29 10:01:20.713610  2810  2810 D MultiStateCallback: [132287360] Adding [STATE_RECENTS_ANIMATION_INITIALIZED (4)] to [ (0)]
04-29 10:01:20.713707  2810  2810 D InputEventReceiver: Input log is disabled
04-29 10:01:20.713729  2810  3159 D Launcher: LauncherBooster#setUx: pid = 3159, open = true
04-29 10:01:20.713810  2810  2810 I InputChannelCompat: onInputEvent: InputChannelCompatcom.android.systemui.shared.system.InputChannelCompat$InputEventReceiver$1
04-29 10:01:20.713810  2810  2810 I InputChannelCompat: InputChannelCompat mInputChannel: [Gesture Monitor] swipe-up (client)
04-29 10:01:20.713810  2810  2810 I InputChannelCompat: InputChannelCompat mSeqMap: {388156=1029480}
04-29 10:01:20.713810  2810  2810 I InputChannelCompat: InputChannelCompat mReceiverPtr:
04-29 10:01:20.713810  2810  2810 I InputChannelCompat: InputChannelCompat  mInputConsumer:
04-29 10:01:20.713810  2810  2810 I InputChannelCompat: InputChannelCompat    mResampleTouch = true
04-29 10:01:20.713810  2810  2810 I InputChannelCompat: InputChannelCompat    mChannel = [Gesture Monitor] swipe-up (client)
04-29 10:01:20.713810  2810  2810 I InputChannelCompat: InputChannelCompat    mMsgDeferred: false
04-29 10:01:20.713810  2810  2810 I InputChannelCompat: InputChannelCompat    Batches:
04-29 10:01:20.713810  2810  2810 I InputChannelCompat: InputChannelCompat        <empty>
04-29 10:01:20.713810  2810  2810 I InputChannelCompat: InputChannelCompat    mSeqChains:
04-29 10:01:20.713810  2810  2810 I InputChannelCompat: InputChannelCompat        <empty>
04-29 10:01:20.713810  2810  2810 I InputChannelCompat: InputChannelCompat    mConsumeTimes:
04-29 10:01:20.713810  2810  2810 I InputChannelCompat: InputChannelCompat        seq = 1029480 consumeTime = 71186178456550
04-29 10:01:20.713810  2810  2810 I InputChannelCompat: InputChannelCompat  mBatchedInputEventPending: false
04-29 10:01:20.713810  2810  2810 I InputChannelCompat: InputChannelCompat  mOutboundQueue:
04-29 10:01:20.713810  2810  2810 I InputChannelCompat: InputChannelCompat    <empty>
04-29 10:01:20.713810  2810  2810 I InputChannelCompat: InputChannelCompat  
04-29 10:01:20.713846  2810  3159 D Launcher: LauncherBooster#notify uifirst, scene=setUx, pkg=com.android.launcher, type=6, pid=3159, renderTid=0, uxValue=132, flag=4, needNotify=true, uiFirstmanager null ? false
04-29 10:01:20.713939  2810  3159 D Launcher.QuickStep: OplusBaseTaskAnimationManager#startRecentsAnimation: execute start recents activity 
04-29 10:01:20.716202  1848  4867 V SensorManager: call sensorServiceCommonInterface name: setScreenShotDisable
04-29 10:01:20.716271  1848  4867 D SensorService: SensorService sensorServiceCommonInterface = setScreenShotDisable
04-29 10:01:20.716287  1848  4867 D SensorServiceExtImpl: sensorServiceCommonInterface funcName = setScreenShotDisable, flag = 0, status = 0
04-29 10:01:20.716295  1848  4867 D FusionLightNextGen: setScreenShotDisable setScreenShotAllow as false to prevent SF jank.
04-29 10:01:20.716489   971   999 I mtkpower@impl: [setMode] type:5, enabled:1
04-29 10:01:20.717305  1071  1149 D OplusLayer: Layer() sequence=32872, name=Surface(name=Task=2)/@0x70e7991 - animation-leash of recents_animation#32872
04-29 10:01:20.717843  1848  1891 D OplusUidPurStatsSerivce: onUidImportance: 10181, 100
04-29 10:01:20.717880  1848  1893 D OplusUIFirst_FB: com.oplus.logkit moveToTop:[]
04-29 10:01:20.717911  1848  1893 D OplusUIFirst_FB: List of ThreadOp: size=0 []
04-29 10:01:20.718055  1848  1893 D OplusUIFirst_FB: com.oplus.logkit boost hint: 24478
04-29 10:01:20.718096  1848  1893 D OplusUIFirst_FB: handleParaSwitch com.oplus.logkit null null 0
04-29 10:01:20.720402  4757  4758 E IHansComunication: HANS printMessageBody: RCV message: type = 0,port = 86870,caller_pid = 1848,caller_uid = 1000,target_pid = 27400,target_uid = 10205,pkg_cmd = -1,rpc = android.app.IUidObserver/4
04-29 10:01:20.720810  2712  3676 D cutils-dev: properties changed in otrace_seq_number_changed!
04-29 10:01:20.721620  1848  2567 I OplusHansManager : prevent start 27400 | 10205 com.google.android.gsf android.app.IUidObserver / 4 from 1848 1000 t: binder  r: hans
04-29 10:01:20.721720  1071  1149 D OplusLayer: Layer() sequence=32873, name=Surface(name=Task=3413)/@0x722aad6 - animation-leash of recents_animation#32873
04-29 10:01:20.723356  2810  2932 D Launcher.QuickStep: OplusRecentTasksListImpl#loadTasksInBackground(), QuickStartup, bundle=Bundle[mParcelledData.dataSize=52]
04-29 10:01:20.723418  1848  1893 D OplusUIFirst_FB: com.android.launcher toForeOps: []
04-29 10:01:20.723444  1848  1893 D OplusUIFirst_FB: List of ThreadOp: size=0 []
04-29 10:01:20.723959  2810  2932 D Launcher.QuickStep: OplusRecentTasksListImpl#checkTaskIsLandscape: screenOrientation=5
04-29 10:01:20.724016  2810  2932 D Launcher.QuickStep: OplusPrivacyManager#isContentProtectOpened: pkg = com.android.settings, isOpened = false
04-29 10:01:20.724035  2810  2932 D Launcher.QuickStep: OplusRecentTasksListImpl#loadTasksInBackground(), task1 = [id=3335 windowingMode=1 user=0 lastActiveTime=137722342, displayId=0] null, task2 = null
04-29 10:01:20.724048  2810  2932 D Launcher.QuickStep: OplusRecentTasksListImpl#checkTaskIsLandscape: screenOrientation=-1
04-29 10:01:20.724060  2810  2932 D Launcher.QuickStep: OplusPrivacyManager#isContentProtectOpened: pkg = com.tencent.mobileqq, isOpened = false
04-29 10:01:20.724072  2810  2932 D Launcher.QuickStep: OplusRecentTasksListImpl#loadTasksInBackground(), task1 = [id=3350 windowingMode=1 user=0 lastActiveTime=139410258, displayId=-1] null, task2 = null
04-29 10:01:20.724077  2810  2932 D Launcher.QuickStep: OplusRecentTasksListImpl#checkTaskIsLandscape: screenOrientation=1
04-29 10:01:20.724085  2810  2932 D Launcher.QuickStep: OplusPrivacyManager#isContentProtectOpened: pkg = com.google.android.apps.searchlite, isOpened = false
04-29 10:01:20.724097  2810  2932 D Launcher.QuickStep: OplusRecentTasksListImpl#loadTasksInBackground(), task1 = [id=3357 windowingMode=1 user=0 lastActiveTime=140050888, displayId=0] null, task2 = null
04-29 10:01:20.724102  2810  2932 D Launcher.QuickStep: OplusRecentTasksListImpl#checkTaskIsLandscape: screenOrientation=-1
04-29 10:01:20.724108  2810  2932 D Launcher.QuickStep: OplusPrivacyManager#isContentProtectOpened: pkg = org.thunderdog.challegram, isOpened = false
04-29 10:01:20.724163  2810  2932 D Launcher.QuickStep: OplusRecentTasksListImpl#loadTasksInBackground(), task1 = [id=3359 windowingMode=1 user=0 lastActiveTime=140063336, displayId=0] null, task2 = null
04-29 10:01:20.724171  2810  2932 D Launcher.QuickStep: OplusRecentTasksListImpl#checkTaskIsLandscape: screenOrientation=1
04-29 10:01:20.724188  2810  2932 D Launcher.QuickStep: OplusPrivacyManager#isContentProtectOpened: pkg = com.google.android.apps.searchlite, isOpened = false
04-29 10:01:20.724197  2810  2932 D Launcher.QuickStep: OplusRecentTasksListImpl#loadTasksInBackground(), task1 = [id=3360 windowingMode=1 user=0 lastActiveTime=140151020, displayId=0] null, task2 = null
04-29 10:01:20.724204  2810  2932 D Launcher.QuickStep: OplusRecentTasksListImpl#checkTaskIsLandscape: screenOrientation=1
04-29 10:01:20.724217  2810  2932 D Launcher.QuickStep: OplusPrivacyManager#isContentProtectOpened: pkg = com.google.android.apps.searchlite, isOpened = false
04-29 10:01:20.724226  2810  2932 D Launcher.QuickStep: OplusRecentTasksListImpl#loadTasksInBackground(), task1 = [id=3381 windowingMode=1 user=0 lastActiveTime=148532264, displayId=0] null, task2 = null
04-29 10:01:20.724231  2810  2932 D Launcher.QuickStep: OplusRecentTasksListImpl#checkTaskIsLandscape: screenOrientation=-1
04-29 10:01:20.724236  2810  2932 D Launcher.QuickStep: OplusPrivacyManager#isContentProtectOpened: pkg = com.coloros.filemanager, isOpened = false
04-29 10:01:20.724243  2810  2932 D Launcher.QuickStep: OplusRecentTasksListImpl#loadTasksInBackground(), task1 = [id=3386 windowingMode=1 user=0 lastActiveTime=154617381, displayId=-1] null, task2 = null
04-29 10:01:20.724247  2810  2932 D Launcher.QuickStep: OplusRecentTasksListImpl#checkTaskIsLandscape: screenOrientation=-1
04-29 10:01:20.724255  2810  2932 D Launcher.QuickStep: OplusPrivacyManager#isContentProtectOpened: pkg = org.videolan.vlc, isOpened = false
04-29 10:01:20.724263  2810  2932 D Launcher.QuickStep: OplusRecentTasksListImpl#loadTasksInBackground(), task1 = [id=3387 windowingMode=1 user=0 lastActiveTime=175684680, displayId=-1] null, task2 = null
04-29 10:01:20.724268  2810  2932 D Launcher.QuickStep: OplusRecentTasksListImpl#checkTaskIsLandscape: screenOrientation=7
04-29 10:01:20.724281  2810  2932 D Launcher.QuickStep: OplusPrivacyManager#isContentProtectOpened: pkg = com.cloudflare.onedotonedotonedotone, isOpened = false
04-29 10:01:20.724289  2810  2932 D Launcher.QuickStep: OplusRecentTasksListImpl#loadTasksInBackground(), task1 = [id=3380 windowingMode=1 user=0 lastActiveTime=175766334, displayId=0] null, task2 = null
04-29 10:01:20.724293  2810  2932 D Launcher.QuickStep: OplusRecentTasksListImpl#checkTaskIsLandscape: screenOrientation=-1
04-29 10:01:20.724298  2810  2932 D Launcher.QuickStep: OplusPrivacyManager#isContentProtectOpened: pkg = pl.solidexplorer2, isOpened = false
04-29 10:01:20.724305  2810  2932 D Launcher.QuickStep: OplusRecentTasksListImpl#loadTasksInBackground(), task1 = [id=3398 windowingMode=1 user=0 lastActiveTime=183608024, displayId=0] null, task2 = null
04-29 10:01:20.724309  2810  2932 D Launcher.QuickStep: OplusRecentTasksListImpl#checkTaskIsLandscape: screenOrientation=3
04-29 10:01:20.724315  2810  2932 D Launcher.QuickStep: OplusPrivacyManager#isContentProtectOpened: pkg = com.teamtalk.im, isOpened = false
04-29 10:01:20.724327  2810  2932 D Launcher.QuickStep: OplusRecentTasksListImpl#loadTasksInBackground(), task1 = [id=3404 windowingMode=1 user=0 lastActiveTime=183760766, displayId=0] null, task2 = null
04-29 10:01:20.724333  2810  2932 D Launcher.QuickStep: OplusRecentTasksListImpl#checkTaskIsLandscape: screenOrientation=-1
04-29 10:01:20.724343  2810  2932 D Launcher.QuickStep: OplusPrivacyManager#isContentProtectOpened: pkg = com.github.android, isOpened = false
04-29 10:01:20.724353  2810  2932 D Launcher.QuickStep: OplusRecentTasksListImpl#loadTasksInBackground(), task1 = [id=3401 windowingMode=1 user=0 lastActiveTime=187654443, displayId=0] null, task2 = null
04-29 10:01:20.724358  2810  2932 D Launcher.QuickStep: OplusRecentTasksListImpl#checkTaskIsLandscape: screenOrientation=3
04-29 10:01:20.724365  2810  2932 D Launcher.QuickStep: OplusPrivacyManager#isContentProtectOpened: pkg = com.heytap.browser, isOpened = false
04-29 10:01:20.724370  2810  2932 D Launcher.QuickStep: OplusRecentTasksListImpl#loadTasksInBackground(), task1 = [id=3403 windowingMode=1 user=0 lastActiveTime=187877546, displayId=0] null, task2 = null
04-29 10:01:20.724375  2810  2932 D Launcher.QuickStep: OplusRecentTasksListImpl#checkTaskIsLandscape: screenOrientation=3
04-29 10:01:20.724380  2810  2932 D Launcher.QuickStep: OplusPrivacyManager#isContentProtectOpened: pkg = com.android.mms, isOpened = false
04-29 10:01:20.724387  2810  2932 D Launcher.QuickStep: OplusRecentTasksListImpl#loadTasksInBackground(), task1 = [id=3407 windowingMode=1 user=0 lastActiveTime=188467924, displayId=0] null, task2 = null
04-29 10:01:20.724392  2810  2932 D Launcher.QuickStep: OplusRecentTasksListImpl#checkTaskIsLandscape: screenOrientation=-1
04-29 10:01:20.724400  2810  2932 D Launcher.QuickStep: OplusPrivacyManager#isPaymentProtectComponent: pkg = com.tencent.mm, topComponent = com.tencent.mm.ui.LauncherUI
04-29 10:01:20.724409  2810  2932 D Launcher.QuickStep: OplusRecentTasksListImpl#checkIfContentProtected(), pkg = com.tencent.mm, key = com.tencent.mm, isAppSupportPaymentProtect = true, isPaymentProtect = false, isContentProtect = false, [id=3376 windowingMode=1 user=0 lastActiveTime=189011501, displayId=0] null
04-29 10:01:20.724414  2810  2932 D Launcher.QuickStep: OplusPrivacyManager#isContentProtectOpened: pkg = com.tencent.mm, isOpened = false
04-29 10:01:20.724422  2810  2932 D Launcher.QuickStep: OplusRecentTasksListImpl#loadTasksInBackground(), task1 = [id=3376 windowingMode=1 user=0 lastActiveTime=189011501, displayId=0] null, task2 = null
04-29 10:01:20.724427  2810  2932 D Launcher.QuickStep: OplusRecentTasksListImpl#checkTaskIsLandscape: screenOrientation=3
04-29 10:01:20.724436  2810  2932 D Launcher.QuickStep: OplusPrivacyManager#isContentProtectOpened: pkg = com.android.contacts, isOpened = false
04-29 10:01:20.724444  2810  2932 D Launcher.QuickStep: OplusRecentTasksListImpl#loadTasksInBackground(), task1 = [id=3412 windowingMode=1 user=0 lastActiveTime=189053896, displayId=0] null, task2 = null
04-29 10:01:20.724448  2810  2932 D Launcher.QuickStep: OplusRecentTasksListImpl#checkTaskIsLandscape: screenOrientation=3
04-29 10:01:20.724459  2810  2932 D Launcher.QuickStep: OplusPrivacyManager#isContentProtectOpened: pkg = com.oplus.logkit, isOpened = false
04-29 10:01:20.724466  2810  2932 D Launcher.QuickStep: OplusRecentTasksListImpl#loadTasksInBackground(), task1 = [id=3413 windowingMode=1 user=0 lastActiveTime=189069167, displayId=0] null, task2 = null
04-29 10:01:20.724474  2810  2932 D Launcher.QuickStep: OplusRecentTasksListImpl#loadTasksInBackground(), rawTaskCount=17, allTasksCount=17, requestId=5625, loadKeysOnly=false
04-29 10:01:20.724534  2810  2932 D Launcher: LauncherBooster#setUx: pid = 2932, open = false
04-29 10:01:20.724566  2810  2932 D Launcher: LauncherBooster#notify uifirst, scene=setUx, pkg=com.android.launcher, type=6, pid=2932, renderTid=0, uxValue=4, flag=4, needNotify=true, uiFirstmanager null ? false
04-29 10:01:20.724654  2810  2932 D Launcher: LauncherBooster#setUx: pid = 2932, open = true
04-29 10:01:20.724687  2810  2932 D Launcher: LauncherBooster#notify uifirst, scene=setUx, pkg=com.android.launcher, type=6, pid=2932, renderTid=0, uxValue=132, flag=4, needNotify=true, uiFirstmanager null ? false
04-29 10:01:20.724731  2810  2932 D Launcher.QuickStep: RecentTasksList#getTasks(), loadKeysOnly=false, mChangeId=5625, mResultsBg: id=5625, keyOnly=false, size=17
04-29 10:01:20.724794  2810  2932 D Launcher: LauncherBooster#setUx: pid = 2932, open = false
04-29 10:01:20.724815  2810  2932 D Launcher: LauncherBooster#notify uifirst, scene=setUx, pkg=com.android.launcher, type=6, pid=2932, renderTid=0, uxValue=4, flag=4, needNotify=true, uiFirstmanager null ? false
04-29 10:01:20.725588  2810  2810 D Launcher.QuickStep: OplusRecentsView#applyLoadPlan(), tasks.size=17
04-29 10:01:20.725659  2810  2810 D DockIconView: updatePaintFilter: mBitmapShader = null,mul=204,alpha=1.0,mDimAlpha=0.2
04-29 10:01:20.725675  2810  2810 D DockIconView: updatePaintFilter: mBitmapShader = null,mul=204,alpha=1.0,mDimAlpha=0.2
04-29 10:01:20.725682  2810  2810 D DockIconView: updatePaintFilter: mBitmapShader = null,mul=204,alpha=1.0,mDimAlpha=0.2
04-29 10:01:20.725687  2810  2810 D DockIconView: updatePaintFilter: mBitmapShader = null,mul=204,alpha=1.0,mDimAlpha=0.2
04-29 10:01:20.725694  2810  2810 D DockIconView: updatePaintFilter: mBitmapShader = null,mul=204,alpha=1.0,mDimAlpha=0.2
04-29 10:01:20.725699  2810  2810 D DockIconView: updatePaintFilter: mBitmapShader = null,mul=204,alpha=1.0,mDimAlpha=0.2
04-29 10:01:20.725703  2810  2810 D DockIconView: updatePaintFilter: mBitmapShader = null,mul=204,alpha=1.0,mDimAlpha=0.2
04-29 10:01:20.725708  2810  2810 D DockIconView: updatePaintFilter: mBitmapShader = null,mul=204,alpha=1.0,mDimAlpha=0.2
04-29 10:01:20.725774  2810  2810 D DockIconView: updatePaintFilter: mBitmapShader = null,mul=204,alpha=1.0,mDimAlpha=0.2
04-29 10:01:20.725789  2810  2810 D DockIconView: updatePaintFilter: mBitmapShader = null,mul=204,alpha=1.0,mDimAlpha=0.2
04-29 10:01:20.725798  2810  2810 D DockIconView: updatePaintFilter: mBitmapShader = null,mul=204,alpha=1.0,mDimAlpha=0.2
04-29 10:01:20.725812  2810  2810 D Launcher.QuickStep: DockView#applyLoadPlan: task icon size= 17
04-29 10:01:20.725978  2486  2486 I AutoHideController: suspendAutoHide: removeAutoHide
04-29 10:01:20.727893  1848  4867 D OplusOsenseCommonManager: updateVisibleWindow...uid:10181, pkgName:com.android.launcher, isAdded:true
04-29 10:01:20.727980  2810  5662 D VRI[Launcher]: dispatchAppVisibility visible:true
04-29 10:01:20.727979  6396 23983 D VRI[]   : dispatchAppVisibility visible:true
04-29 10:01:20.729134  8257  8282 D cutils-dev: properties changed in otrace_seq_number_changed!
04-29 10:01:20.730081  2826  2906 D cutils-dev: properties changed in otrace_seq_number_changed!
04-29 10:01:20.730470 13462 13462 D OplusWallpaperServiceHelper: isNightMode is false
04-29 10:01:20.730663 13462 13462 I OplusWallpaperServiceHelper: getDarkModeWallpaperWindowAlpha. nightMode = false
04-29 10:01:20.732194  1071  1071 D OplusLayer: setFlags sequence=185, flags[0x00000000], mask[0x00000001], newFlags[0x00000000], name=com.wx.desktop.wallpaper.LiveWallpaperService#185
04-29 10:01:20.732229  1071  1071 D OplusLayer: setFlags sequence=50, flags[0x00000000], mask[0x00000001], newFlags[0x00000000], name=ActivityRecord{81a6093 u0 com.android.launcher/.Launcher}#50
04-29 10:01:20.732234  1071  1071 D OplusLayer: setFlags sequence=48, flags[0x00000000], mask[0x00000001], newFlags[0x00000000], name=Task=1#48
04-29 10:01:20.732238  1071  1071 D OplusLayer: setFlags sequence=32766, flags[0x00000000], mask[0x00000001], newFlags[0x00000000], name=ActivityRecord{98c826f u0 com.oplus.logkit/.activity.MainActivity}#32766
04-29 10:01:20.732245  1071  1071 D OplusLayer: setFlags sequence=49, flags[0x00000000], mask[0x00000001], newFlags[0x00000000], name=Task=2#49
04-29 10:01:20.732541  6245  6265 D cutils-dev: properties changed in otrace_seq_number_changed!
04-29 10:01:20.733470 28752 29585 D cutils-dev: properties changed in otrace_seq_number_changed!
04-29 10:01:20.733795  7089 10668 V DeepThinker: ProcessManager: onForegroundActivitiesChanged pid:2810, uid:10181, foregroundActivities:true
04-29 10:01:20.733826  1071  1149 D OplusLayer: Layer() sequence=32874, name=Surface(name=WallpaperWindowToken{c40069c token=android.os.Binder@d642370})/@0x12fe38a - animation-leash of window_animation#32874
04-29 10:01:20.734035  3634  9459 D OplusAtlas.OplusAtlasEventDispatch: setEvent:atlas_event_on_foreground_activities_changed info:pid:2810,uid:10181,hasForegroundActivities:1
04-29 10:01:20.734195  3634  8655 D OplusAtlas.OplusAudioScene: callback success event:atlas_event_on_foreground_activities_changed eventInfo:pid:2810,uid:10181,hasForegroundActivities:1
04-29 10:01:20.734250 10182 10214 D cutils-dev: properties changed in otrace_seq_number_changed!
04-29 10:01:20.734402  3634  9408 D OplusAtlas.OplusMessageHandler: handleMessage: Msg { when=0 what=2 obj=com.oplus.atlas.OplusAtlasEvent@fb3eaaa target=com.oplus.atlas.OplusMessageHandler$MyHandler }
04-29 10:01:20.736557  2810  3159 D Launcher: LauncherBooster#setUx: pid = 3159, open = false
04-29 10:01:20.736618  2810  3159 D Launcher: LauncherBooster#notify uifirst, scene=setUx, pkg=com.android.launcher, type=6, pid=3159, renderTid=0, uxValue=4, flag=4, needNotify=true, uiFirstmanager null ? false
04-29 10:01:20.737300  2810  5662 D ActivityManagerWrapper: startRecentsActivity()--onAnimationStart()
04-29 10:01:20.738241  4757  4758 E IHansComunication: HANS printMessageBody: RCV message: type = 0,port = 86870,caller_pid = 1848,caller_uid = 1000,target_pid = 27400,target_uid = 10205,pkg_cmd = -1,rpc = android.app.IUidObserver/4
04-29 10:01:20.738304  4757  4758 E IHansComunication: HANS printMessageBody: RCV message: type = 0,port = 86870,caller_pid = 1848,caller_uid = 1000,target_pid = 27400,target_uid = 10205,pkg_cmd = -1,rpc = android.app.IUidObserver/4
04-29 10:01:20.738313  4757  4758 E IHansComunication: HANS printMessageBody: RCV message: type = 0,port = 86870,caller_pid = 1248,caller_uid = 1047,target_pid = 31164,target_uid = 10373,pkg_cmd = -1,rpc = android.hardware.ICameraServiceListener/5
04-29 10:01:20.738619  1848  2567 I OplusHansManager : prevent start 27400 | 10205 com.google.android.gsf android.app.IUidObserver / 4 from 1848 1000 t: binder  r: hans
04-29 10:01:20.738677  1848  2567 I OplusHansManager : prevent start 27400 | 10205 com.google.android.gsf android.app.IUidObserver / 4 from 1848 1000 t: binder  r: hans
04-29 10:01:20.738728  1848  2567 I OplusHansManager : prevent start 31164 | 10373 com.douban.frodo android.hardware.ICameraServiceListener / 5 from 1248 1047 t: binder  r: hans
04-29 10:01:20.739022  2810  2810 D DockIconView: onIconListVisibilityChanged: mTask = [id=3413 windowingMode=1 user=0 lastActiveTime=189069167, displayId=0] null,alpha=1.0,l=0,t=0,r=0,b=0
04-29 10:01:20.739090  2810  2810 D DockIconView: onIconListVisibilityChanged: mTask = [id=3412 windowingMode=1 user=0 lastActiveTime=189053896, displayId=0] null,alpha=1.0,l=3175,t=0,r=3315,b=140
04-29 10:01:20.739106  2810  2810 D DockIconView: onIconListVisibilityChanged: mTask = [id=3376 windowingMode=1 user=0 lastActiveTime=189011501, displayId=0] null,alpha=1.0,l=3000,t=0,r=3140,b=140
04-29 10:01:20.739117  2810  2810 D DockIconView: onIconListVisibilityChanged: mTask = [id=3407 windowingMode=1 user=0 lastActiveTime=188467924, displayId=0] null,alpha=1.0,l=2825,t=0,r=2965,b=140
04-29 10:01:20.739133  2810  2810 D DockIconView: onIconListVisibilityChanged: mTask = [id=3403 windowingMode=1 user=0 lastActiveTime=187877546, displayId=0] null,alpha=1.0,l=2650,t=0,r=2790,b=140
04-29 10:01:20.739142  2810 10327 D Launcher.QuickStep: TaskIconCache#getCacheEntry: taskId = 3413 , icon is null : true
04-29 10:01:20.739207  2810  2810 D DockIconView: onIconListVisibilityChanged: mTask = [id=3401 windowingMode=1 user=0 lastActiveTime=187654443, displayId=0] null,alpha=1.0,l=2475,t=0,r=2615,b=140
04-29 10:01:20.739228  2810  2810 D DockIconView: onIconListVisibilityChanged: mTask = [id=3404 windowingMode=1 user=0 lastActiveTime=183760766, displayId=0] null,alpha=1.0,l=2300,t=0,r=2440,b=140
04-29 10:01:20.739241  2810  2810 D DockIconView: onIconListVisibilityChanged: mTask = [id=3398 windowingMode=1 user=0 lastActiveTime=183608024, displayId=0] null,alpha=1.0,l=2125,t=0,r=2265,b=140
04-29 10:01:20.739252  2810  2810 D DockIconView: onIconListVisibilityChanged: mTask = [id=3380 windowingMode=1 user=0 lastActiveTime=175766334, displayId=0] null,alpha=1.0,l=1950,t=0,r=2090,b=140
04-29 10:01:20.739258  2810  2810 D DockIconView: onIconListVisibilityChanged: mTask = [id=3387 windowingMode=1 user=0 lastActiveTime=175684680, displayId=-1] null,alpha=1.0,l=1775,t=0,r=1915,b=140
04-29 10:01:20.739267  2810  2810 D DockIconView: onIconListVisibilityChanged: mTask = [id=3386 windowingMode=1 user=0 lastActiveTime=154617381, displayId=-1] null,alpha=1.0,l=1600,t=0,r=1740,b=140
