04-29 10:01:19.390440  6396  6396 D LogUtils: logSwitchObserver onChange content://com.oplus.pantanal.ums.decision/log_switch_status?log_switch_status=1
04-29 10:01:19.390544  6396  6396 D LogUtils: seedlingsdk oppoRefreshLogSwitch sDebuggable : true
04-29 10:01:19.391657  1848  1893 D EyeProtect: AnimationManager:Calculate rate is 1.0 my rate is 0.00525 color temperature change is  false
04-29 10:01:19.392228  1848  1893 W SettingsProvider: notifyForSettingsChange delay for eyeprotect_display_cct, value: 6138, delta: 9, lastNotifyTimestamp: 71184871, minInterval: 10
04-29 10:01:19.392449  1848  1893 E EyeProtect: EyeProtectManager:setColorMatrix: 1.0,0.0,0.0,0.0,0.0,0.975,0.0,0.0,0.0,0.0,0.912,0.0,0.0,0.0,0.0,1.0
04-29 10:01:19.393601  2486  2612 D SystemUi--: updateLevel(), debugState = 1, sNormal = true
04-29 10:01:19.395676 32050 32050 I OplusThemeManager: updateExtraConfigForUxIcon changes = 2004910079; callers:oplus.android.OplusCommonInjector.applyConfigurationToResourcesForResourcesManager:95 android.app.ResourcesManagerExtImpl.applyConfigurationToResources:105 android.app.ResourcesManager.applyConfigurationToResources:1447 android.app.ActivityThread.handleBindApplication:7010 android.app.ActivityThread.-$$Nest$mhandleBindApplication:0 android.app.ActivityThread$H.handleMessage:2296 android.os.Handler.dispatchMessage:106 android.os.Looper.loopOnce:240 android.os.Looper.loop:351 android.app.ActivityThread.main:8399 
04-29 10:01:19.397008  2778  2778 D ReflectionHelper: null callDeclaredMethod : android.telecom.Log.oplusRefreshLogSwitch
04-29 10:01:19.397393 21231 21231 D OplusLog_main: isOplusDebugEnable = true
04-29 10:01:19.397436  1848  1893 D EyeProtect: AnimationManager:Calculate rate is 1.0 my rate is 0.00525 color temperature change is  false
04-29 10:01:19.397598  1848  1893 W SettingsProvider: notifyForSettingsChange delay for eyeprotect_display_cct, value: 6137, delta: 4, lastNotifyTimestamp: 71184881, minInterval: 10
04-29 10:01:19.397778 32050 32050 W libc    : Access denied finding property "ro.odm.prev.product.name"
04-29 10:01:19.397957 32050 32050 W libc    : Access denied finding property "ro.vendor.oplus.gundam"
04-29 10:01:19.398493 32050 32050 D LoadedApk: mApplicationInfo overrideDisplayId:null
04-29 10:01:19.398765  2778  2778 I TelecomFramework: TelecomFramework: OPLUS_PANIC = true, OPLUS_PHONE_LOG_SWITCH = false
04-29 10:01:19.399375  2486  2486 D LogUtils: logSwitchObserver onChange content://com.oplus.pantanal.ums.decision/log_switch_status?log_switch_status=1
04-29 10:01:19.399413  2486  2486 D LogUtils: seedlingsdk oppoRefreshLogSwitch sDebuggable : true
04-29 10:01:19.401698   953   953 I hwcomposer: [HWCDisplay] (0) setColorTransform hint:1 ok:1 Transform Ioctl 1  
04-29 10:01:19.403075   953   953 I hwcomposer: [HWCDisplay] setColorTransformForJob ccorr_state=0->0 hint=1 force_disable_color=0 linear=0  
04-29 10:01:19.404872 10182 10915 D COSA->CosaDBManager: [m] getPackageConfig default enter 
04-29 10:01:19.405683  2712  2712 D A2dpService: calling  a2dp  enable verbose log, setting dbg to true
04-29 10:01:19.406770  1848  1893 D EyeProtect: AnimationManager:Calculate rate is 1.0 my rate is 0.00525 color temperature change is  false
04-29 10:01:19.407036  1848  1893 W SettingsProvider: notifyForSettingsChange delay for eyeprotect_display_cct, value: 6136, delta: 3, lastNotifyTimestamp: 71184891, minInterval: 10
04-29 10:01:19.408875 10182 10915 D COSA->DefaultPackageInfo: [m] getDefaultPackageConfig 
04-29 10:01:19.409785 32115 32115 D Debuglog: path: /data/debuglogger/connsyslog, 232/232
04-29 10:01:19.411076  2712  2712 I oplus_bt_dual_sync: stack_down_sync_action: type=2, len=8
04-29 10:01:19.412850   953  1613 I hwcomposer: [DRMDEV] create blob id of color transform[success] mode=1 f=0 mat=2048    0    0    0   0 1997    0    0   0    0 1868    0   0    0    0 2048  
04-29 10:01:19.413970  1848  1893 D EyeProtect: AnimationManager:Calculate rate is 1.0 my rate is 0.00525 color temperature change is  false
04-29 10:01:19.414142  1848  1893 W SettingsProvider: notifyForSettingsChange delay for eyeprotect_display_cct, value: 6135, delta: 1, lastNotifyTimestamp: 71184901, minInterval: 10
04-29 10:01:19.416220  2810  2931 D Launcher.LogUtils: Launcher VersionInfo (VersionName_CommitId_Date): 13.1.01_f050aaf_230411
04-29 10:01:19.416497 32020 32020 V GraphicsEnvironment: ANGLE Developer option for 'com.debug.loggerui' set to: 'default'
04-29 10:01:19.416892  2712  2712 I oplus_bt_stack_common: enable_stack_and_snoop_log -- reinit module
04-29 10:01:19.416977 32020 32020 V GraphicsEnvironment: ANGLE GameManagerService for com.debug.loggerui: false
04-29 10:01:19.419817  2712  2712 E oplus_bt_snoop: is_oplus_btsnoop_enabled: is_oplus_btsnoop_enabled = 0
04-29 10:01:19.419847  2712  2712 E oplus_bt_snoop: is_oplus_btsnoop_enabled: check always on prop
04-29 10:01:19.419873  2712  2712 E oplus_bt_snoop: is_oplus_btsnoop_cache_mode: is_oplus_btsnoop_cache_mode = 1
04-29 10:01:19.419908  2712  2712 I bt_stack: [INFO:btsnoop_ext.cc(503)] change_snoop_mode: Snoop Logs fully enabled
04-29 10:01:19.421748  2712  3245 I mtk.bt.logtool-cmd-handler: command received: deep_stop
04-29 10:01:19.421785  2712  3245 I mtk.bt.logtool-controller: set_is_hci_log_enabled: update to disabled!
04-29 10:01:19.421794  2712  3245 I bt_log_snoop_config: OnBtLogStateChanged: OnBtLogStateChanged : new size (2048) vs current size (2048).
04-29 10:01:19.421799  2712  3245 I bt_log_snoop_twrite: OnBtLogStateChanged: OnBtLogStateChanged normal: new state: off vs current state: on.
04-29 10:01:19.421808  2712  3245 I bt_log_snoop_twrite: Stop: Stop: BtSnoopImpl Stop
04-29 10:01:19.421869  2712  3245 I bt_log_snoop_twrite: Stop: Stop: BtSnoopHelper Stop
04-29 10:01:19.422061  2712  3331 I bt_log_file_controller: StopLogging: StopLogging
04-29 10:01:19.422080 32020 32020 D NetworkSecurityConfig: No Network Security Config specified, using platform default
04-29 10:01:19.422073  2712  3331 I bt_log_writer: Close: Close
04-29 10:01:19.422414  3722  3730 W oros.alarmclock: Reducing the number of considered missed Gc histogram windows from 1096 to 100
04-29 10:01:19.422485  1848  1893 D EyeProtect: AnimationManager:Calculate rate is 1.0 my rate is 0.00525 color temperature change is  false
04-29 10:01:19.422772  1848  1893 W SettingsProvider: notifyForSettingsChange ignore for eyeprotect_display_cct, value: 6134, delta: -1, lastNotifyTimestamp: 71184911, minInterval: 10
04-29 10:01:19.423104  2712  3331 I bt_log_file_controller: Rename: Rename try from /data/bt_log/CsLog_2023_0427_053028/BT_HCI_2023_0427_053028.cfa.curf to /data/bt_log/CsLog_2023_0427_053028/BT_HCI_2023_0427_053028.cfa
04-29 10:01:19.423520  2712  3331 W bt_log_file_controller: Rename: Rename from /data/bt_log/CsLog_2023_0427_053028/BT_HCI_2023_0427_053028.cfa.curf to /data/bt_log/CsLog_2023_0427_053028/BT_HCI_2023_0427_053028.cfa
04-29 10:01:19.423549  2712  3331 E oplus_bt_snoop: is_oplus_btsnoop_enabled: is_oplus_btsnoop_enabled = 0
04-29 10:01:19.423552  2712  3331 E oplus_bt_snoop: is_oplus_btsnoop_enabled: check always on prop
04-29 10:01:19.423561  2712  3331 E oplus_bt_snoop: is_oplus_btsnoop_cache_mode: is_oplus_btsnoop_cache_mode = 1
04-29 10:01:19.423878  2712  2712 I bt_stack: [INFO:btsnoop_ext.cc(240)] set_hci_on set_hci_on 0 ret 1
04-29 10:01:19.424078  2712  3331 W bt_osi_thread: run_thread: run_thread: thread id 3331, thread name bt_log_snoop_hel exited
04-29 10:01:19.424186 32020 32020 D NetworkSecurityConfig: No Network Security Config specified, using platform default
04-29 10:01:19.424448  2712  3245 I bt_logs_stats: ~LogStatistics: ~LogStatistics, teardowning
04-29 10:01:19.426218  2712  3329 W bt_osi_thread: run_thread: run_thread: thread id 3329, thread name bt_log_cleaner exited
04-29 10:01:19.427804 32020 32020 I DebugLoggerUI/MyApplication: -->onCreate()
04-29 10:01:19.427917  2712  3246 I bt_stack: [INFO:btsnoop_ext.cc(124)]  on socket onMessageReceived
04-29 10:01:19.428179  1848  1869 I AppFeature->provider: com.oplus.cosa query feature:com.oplus.cosa.default. from app_feature table.
04-29 10:01:19.429118  2486  2657 D SystemUi--Statusbar: NetworkController.MobileSignalController(2)-->onMobileStatusChanged= updateTelephony=false mobileStatus=[activityIn=true,activityOut=true,dataSim=true,carrierNetworkChangeMode=false,dataState=2,serviceState=mVoiceRegState=0(IN_SERVICE), mDataRegState=0(IN_SERVICE),signalStrength=3,telephonyDisplayInfo=TelephonyDisplayInfo {network=NR, override=NONE}]
04-29 10:01:19.429283  2486  2657 D SystemUi--Statusbar: MobileControllerEx(2)-->updateTelephonyDisplayInfo: slotId = 1,networkType = 20, overrideNetworkType = 0, nrState = 3
04-29 10:01:19.429941 32020 32020 D OplusActivityManager: get AMS extension: android.os.BinderProxy@183c106
04-29 10:01:19.429947  2486  2657 D SystemUi--Statusbar: MobileControllerEx-->inHideVolteList slotId:1,isInHideVolteList:false
04-29 10:01:19.429968  2486  2657 D SystemUi--Statusbar: OplusNetworkControllerExImpl-->slot:1,shouldShowVolte isVolteMobileType:true
04-29 10:01:19.430560  1848  1893 D EyeProtect: AnimationManager:Calculate rate is 1.0 my rate is 0.00525 color temperature change is  false
04-29 10:01:19.430675  1848  1893 W SettingsProvider: notifyForSettingsChange delay for eyeprotect_display_cct, value: 6133, delta: 7, lastNotifyTimestamp: 71184911, minInterval: 10
04-29 10:01:19.431318  2778  2778 D DcsNetworkControl: onDataActivity: direction: 3
04-29 10:01:19.431487  2778  2778 D DcsNetworkControl: onDataActivity: direction: 3
04-29 10:01:19.431607 10182 10915 I COSA->Utils: [m] com.oplus.cosa.default. getDefaultPackageConfig: -
04-29 10:01:19.431641 10182 10915 D COSA->DefaultPackageInfo: [m] default Info from asset package_default_config.json
04-29 10:01:19.433045  2486  2657 D SystemUi--Statusbar: OplusNetworkControllerExImpl-->updateVolteOrVowifiIcon: slotId = 1,simInsert1 = true,simInsert2 = true,simStateIMSI1 = true,simStateIMSI2 = true,simStateLoaded = true,simStateLoaded = true,shouldShowVolte1 = true,shouldShowVolte2 = true,shouldShowVowifi1 = false,shouldShowVowifi2 = false,isVolteSwitchOn = true,voiceCapable = true,videoCapable = true,imsRegistered = true,registerTech = 0,isWfcCallingEnabledbyUser = false,roaming = false
04-29 10:01:19.433351 32020 32020 I DebugLoggerUI/LogReceiver:  -->onReceive(), action=com.debug.loggerui.ADB_CMD
04-29 10:01:19.434032 10182 10915 D COSA->DefaultPackageInfo: [m] parsePackageConfig, {
04-29 10:01:19.434032 10182 10915 D COSA->DefaultPackageInfo:   "featureFlag": "1",
04-29 10:01:19.434032 10182 10915 D COSA->DefaultPackageInfo:   "cpuConfig": "",
04-29 10:01:19.434032 10182 10915 D COSA->DefaultPackageInfo:   "gpuConfig": "",
04-29 10:01:19.434032 10182 10915 D COSA->DefaultPackageInfo:   "dynamicResolution": "",
04-29 10:01:19.434032 10182 10915 D COSA->DefaultPackageInfo:   "usagePowerRatio": "",
04-29 10:01:19.434032 10182 10915 D COSA->DefaultPackageInfo:   "ioConfig": "",
04-29 10:01:19.434032 10182 10915 D COSA->DefaultPackageInfo:   "memoryClear": "",
04-29 10:01:19.434032 10182 10915 D COSA->DefaultPackageInfo:   "frameBoost": "",
04-29 10:01:19.434032 10182 10915 D COSA->DefaultPackageInfo:   "refreshRate": "",
04-29 10:01:19.434032 10182 10915 D COSA->DefaultPackageInfo:   "gpaConfig": "",
04-29 10:01:19.434032 10182 10915 D COSA->DefaultPackageInfo:   "sdkConfig": "",
04-29 10:01:19.434032 10182 10915 D COSA->DefaultPackageInfo:   "other": "",
04-29 10:01:19.434032 10182 10915 D COSA->DefaultPackageInfo:   "launchBoost": ""
04-29 10:01:19.434032 10182 10915 D COSA->DefaultPackageInfo: }
04-29 10:01:19.434057  2486  2657 D SystemUi--Statusbar: MobileControllerEx(2)-->notifyListeners mobileState=connected=true,enabled=true,level=4,inetCondition=1,iconGroup=IconGroup(5G_PLUS),activityIn=true,activityOut=true,rssi=0,lastModified=04-29 10:01:19.429,dataSim=true,
04-29 10:01:19.434057  2486  2657 D SystemUi--Statusbar: 	dataConnected=true,roaming=false,isDefault=true,isEmergency=false,airplaneMode=false,carrierNetworkChangeMode=false,userSetup=true,dataState=2,defaultDataOff=false,
04-29 10:01:19.434057  2486  2657 D SystemUi--Statusbar: 	showQuickSettingsRatIcon=true,voiceServiceState=0,isInService=true,serviceState=serviceState={state=0,isEmergencyOnly=false,roaming=false,operatorNameAlphaShort=CU-GSM},signalStrength=signalStrength={isGsm=true,level=3},
04-29 10:01:19.434057  2486  2657 D SystemUi--Statusbar: 	displayInfo=TelephonyDisplayInfo {network=NR, override=NR_NSA},imsRegistered=true,voiceCapable=true,videoCapable=true
04-29 10:01:19.434088  2486  2657 D SystemUi--Statusbar: MobileControllerEx(2)-->notifyListeners dataDisabled=false Icons=IconGroup(5G_PLUS) icons.dataType=2131236454
04-29 10:01:19.434138  2486  2657 D SystemUi--Statusbar: MobileControllerEx(2)-->notifyListeners mConfig.alwaysShowDataRatIcon=true mobileDataIndicators=MobileDataIndicators[statusIcon=[visible=true,icon=2131236486,contentDescription=],qsIcon=[visible=true,icon=2131236486,contentDescription=],statusType=2131236454,qsType=2131236454,activityIn=true,activityOut=true,typeContentDescription=5G,typeContentDescriptionHtml=5G,subId=2,roaming=false,showTriangle=true]
04-29 10:01:19.434686 32020 32130 I DebugLoggerUI/DebugLoggerUIServiceManager: Service is init!
04-29 10:01:19.437461  2486  2486 D SystemUi--NavBar: NavigationBar-->onSystemBarAttributesChanged: newAppearance:0 nbModeChanged:false mNavigationBarMode:0 oldBehavior:1 newBehavior:1
04-29 10:01:19.437485 10182 10915 W COSA->BaseRuntimeFeature: [m] Feature flag is empty, disable by default
04-29 10:01:19.437530 10182 10915 D COSA->EtherClient: [m] feature not enable, do nothing
04-29 10:01:19.438284  4757  4758 E IHansComunication: HANS printMessageBody: RCV message: type = 0,port = 86870,caller_pid = 1848,caller_uid = 1000,target_pid = 14388,target_uid = 10364,pkg_cmd = -1,rpc = /1598311760
04-29 10:01:19.437567 10182 10915 V COSA->FeatureController: [m] feature: EtherClient cost [50]ms
04-29 10:01:19.438380 10182 10915 V COSA->FeatureController: [m] game setting change: log_state:0 CoolEx:CoolExFilterFeature
04-29 10:01:19.438424 10182 10915 V COSA->FeatureController: [m] feature: CoolEx:CoolExFilterFeature cost [0]ms
04-29 10:01:19.438451 10182 10915 V COSA->FeatureController: [m] game setting change: log_state:0 LightsFeature
04-29 10:01:19.438467 10182 10915 V COSA->FeatureController: [m] feature: LightsFeature cost [0]ms
04-29 10:01:19.438483 10182 10915 V COSA->FeatureController: [m] game setting change: log_state:0 DataCollectorFeature
04-29 10:01:19.438515 10182 10915 W COSA->DataCollectorFeature: [m] onSettingsChange  : log_state  0
04-29 10:01:19.438577 10182 10915 D COSA->DataCollectorFeature: [m] log switch true  false
04-29 10:01:19.438794  1848  1893 D EyeProtect: AnimationManager:Calculate rate is 1.0 my rate is 0.00525 color temperature change is  false
04-29 10:01:19.438595 10182 10915 V COSA->FeatureController: [m] feature: DataCollectorFeature cost [0]ms
04-29 10:01:19.438954  1848  1893 W SettingsProvider: notifyForSettingsChange delay for eyeprotect_display_cct, value: 6132, delta: 5, lastNotifyTimestamp: 71184921, minInterval: 10
04-29 10:01:19.439010 10182 10915 V COSA->FeatureController: [m] game setting change: log_state:0 Shock->GameShockFeature
04-29 10:01:19.439040 10182 10915 V COSA->FeatureController: [m] feature: Shock->GameShockFeature cost [0]ms
04-29 10:01:19.439057 10182 10915 V COSA->FeatureController: [m] game setting change: log_state:0 TgpaWrapperFeature
04-29 10:01:19.439165 10182 10915 V COSA->FeatureController: [m] feature: TgpaWrapperFeature cost [0]ms
04-29 10:01:19.439196  1848  2567 I OplusHansManager : prevent start 14388 | 10364 org.videolan.vlc  / 1598311760 from 1848 1000 t: binder  r: hans
04-29 10:01:19.439209 10182 10915 V COSA->FeatureController: [m] game setting change: log_state:0 GameOptFeature
04-29 10:01:19.439233 10182 10915 V COSA->FeatureController: [m] feature: GameOptFeature cost [0]ms
04-29 10:01:19.439248 10182 10915 V COSA->FeatureController: [m] game setting change: log_state:0 LinkBoostFeature
04-29 10:01:19.439272 10182 10915 W LinkBoostFeature: onSettingsChange  : log_state  0
04-29 10:01:19.439291 10182 10915 V COSA->FeatureController: [m] feature: LinkBoostFeature cost [0]ms
04-29 10:01:19.439604 10182 10915 V COSA->FeatureController: [m] game setting change: log_state:0 BaseRuntimeFeature
04-29 10:01:19.439997 10182 10915 V COSA->FeatureController: [m] feature: BaseRuntimeFeature cost [0]ms
04-29 10:01:19.440024 10182 10915 V COSA->FeatureController: [m] game setting change: log_state:0 FrameInsertFeature
04-29 10:01:19.440053 10182 10915 V COSA->FeatureController: [m] feature: FrameInsertFeature cost [0]ms
04-29 10:01:19.440072 10182 10915 V COSA->GameInfoCenter: [m] handle 101 cost: 69
04-29 10:01:19.442227 32020 32020 I DebugLoggerUI/LogReceiver:  -->onReceive(), action=com.debug.loggerui.ADB_CMD
04-29 10:01:19.443420  1848  1848 D EyeProtect: AiCurveManager:decisionDataUsage front average lux is  137.9  back average lux is   5.0
04-29 10:01:19.443455  1848  1848 D EyeProtect: AiCurveManager:decisionDataUsage use front data 
04-29 10:01:19.443502  1848  4302 D OplusOsenseCommonManager: updateAppState...appStatusId:14, uid:10190, pkgName:com.debug.loggerui, isAdded:true
04-29 10:01:19.444729  7089 10668 I DeepThinker: ProcessManager: onForegroundServicesChanged pid:32020, uid:10190, foregroundServiceType:0
04-29 10:01:19.444851  1848  2485 D Osense-OfreezerPolicy: notifyAppStatus:IntegratedData{mResId=14, mTime=1682733679443, mInfo=Bundle[{pkgName=com.debug.loggerui, uid=10190, isAdded=true}]}
04-29 10:01:19.446207  1848  1891 D SensorService: onUidStateChanged uid = 10190, state = UID_STATE_ACTIVE
04-29 10:01:19.447081  4757  4758 E IHansComunication: HANS printMessageBody: RCV message: type = 0,port = 86870,caller_pid = 1848,caller_uid = 1000,target_pid = 27400,target_uid = 10205,pkg_cmd = -1,rpc = android.app.IUidObserver/4
04-29 10:01:19.447396  1848  1893 D EyeProtect: AnimationManager:Calculate rate is 1.0 my rate is 0.00525 color temperature change is  false
04-29 10:01:19.447548  1848  1893 W SettingsProvider: notifyForSettingsChange delay for eyeprotect_display_cct, value: 6131, delta: 4, lastNotifyTimestamp: 71184931, minInterval: 10
04-29 10:01:19.447755  2860 27465 D Epona->LoggingInterceptor: CallerPackage:com.oplus.deepthinker ,componentName:android.app.ActivityManager ,actionName:getRunningAppProcesses
04-29 10:01:19.447772  1848  2567 I OplusHansManager : prevent start 27400 | 10205 com.google.android.gsf android.app.IUidObserver / 4 from 1848 1000 t: binder  r: hans
04-29 10:01:19.447975  4757  4758 E IHansComunication: HANS printMessageBody: RCV message: type = 0,port = 86870,caller_pid = 1248,caller_uid = 1047,target_pid = 31164,target_uid = 10373,pkg_cmd = -1,rpc = android.hardware.ICameraServiceListener/5
04-29 10:01:19.448295  1848  2567 I OplusHansManager : prevent start 31164 | 10373 com.douban.frodo android.hardware.ICameraServiceListener / 5 from 1248 1047 t: binder  r: hans
04-29 10:01:19.448418  4757  4758 E IHansComunication: HANS printMessageBody: RCV message: type = 0,port = 86870,caller_pid = 1248,caller_uid = 1047,target_pid = 31164,target_uid = 10373,pkg_cmd = -1,rpc = android.hardware.ICameraServiceListener/5
04-29 10:01:19.448815 32050 32050 W .oplus.onetrace: ClassLoaderContext classpath element mismatch. expected=/system/system_ext/framework/vendor.oplus.hardware.charger-V1.0-java.jar, found=/system_ext/framework/vendor.oplus.hardware.charger-V1.0-java.jar (PCL[]{PCL[/system/system_ext/framework/vendor.oplus.hardware.charger-V1.0-java.jar*3573740266]} | PCL[]{PCL[/system_ext/framework/vendor.oplus.hardware.charger-V1.0-java.jar*3573740266]})
04-29 10:01:19.448826  2860 27465 D Shield  : Caller : [com.oplus.deepthinker] verity skip, Component : [android.app.ActivityManager] ActionName : [getRunningAppProcesses]
04-29 10:01:19.450012  1848  2567 I OplusHansManager : prevent start 31164 | 10373 com.douban.frodo android.hardware.ICameraServiceListener / 5 from 1248 1047 t: binder  r: hans
04-29 10:01:19.450277  2486  2486 D SystemUi--Statusbar: StatusBarSignalPolicy-->MobileIconStates: [MobileIconState(subId=1, strengthId=2131236486, showTriangle=true, roaming=false, typeId=2131236454, visible=true , wifiVisible: false , dataConnect:false , isDefault:true), MobileIconState(subId=2, strengthId=2131236486, showTriangle=true, roaming=false, typeId=2131236454, visible=true , wifiVisible: false , dataConnect:true , isDefault:true)]
04-29 10:01:19.450373  2486  2486 D SystemUi--Statusbar: StatusBarSignalPolicyExt-->updateVolteIcon: volteIconId= com.android.systemui:drawable/stat_signal_volte_sim_both, visible = true
04-29 10:01:19.450446  2486  2486 D SystemUi--Statusbar: StatusBarSignalPolicyExt-->updateVoWifiIcon: vowifiIconId = (null), visible = false
04-29 10:01:19.451691  2860 27465 D Epona->CallProviderInterceptor: Caller(com.oplus.deepthinker) call component(android.app.ActivityManager) action(getRunningAppProcesses) response:(Successful=true, Message=)
04-29 10:01:19.453122 32020 32020 I DebugLoggerUI/LogReceiver:  -->onReceive(), action=com.debug.loggerui.ADB_CMD
04-29 10:01:19.453236 32050 32050 W .oplus.onetrace: ClassLoaderContext shared library size mismatch. Expected=0, found=1 (PCL[] | PCL[]{PCL[/system_ext/framework/vendor.oplus.hardware.charger-V1.0-java.jar*3573740266]})
04-29 10:01:19.453820 32020 32020 I DebugLoggerUI/LogReceiver:  -->onReceive(), action=com.debug.loggerui.ADB_CMD
04-29 10:01:19.454344 32020 32020 I DebugLoggerUI/LogReceiver:  -->onReceive(), action=com.debug.loggerui.ADB_CMD
04-29 10:01:19.454929 32020 32020 I DebugLoggerUI/LogReceiver:  -->onReceive(), action=com.debug.loggerui.ADB_CMD
04-29 10:01:19.456225  1848  1893 D EyeProtect: AnimationManager:Calculate rate is 1.0 my rate is 0.00525 color temperature change is  false
04-29 10:01:19.456770  1848  1893 W SettingsProvider: notifyForSettingsChange delay for eyeprotect_display_cct, value: 6130, delta: 3, lastNotifyTimestamp: 71184941, minInterval: 10
04-29 10:01:19.459603 32020 32020 I DebugLoggerUI/LogReceiver:  -->onReceive(), action=com.debug.loggerui.ADB_CMD
04-29 10:01:19.460712 32020 32020 I DebugLoggerUI/LogReceiver:  -->onReceive(), action=com.debug.loggerui.ADB_CMD
04-29 10:01:19.462388 32020 32020 I DebugLoggerUI/LogReceiver:  -->onReceive(), action=com.debug.loggerui.ADB_CMD
04-29 10:01:19.463112 32020 32020 I DebugLoggerUI/LogReceiver:  -->onReceive(), action=com.debug.loggerui.ADB_CMD
04-29 10:01:19.463470 32020 32020 I DebugLoggerUI/LogReceiver:  -->onReceive(), action=com.debug.loggerui.ADB_CMD
04-29 10:01:19.463569  1848  1893 D EyeProtect: AnimationManager:Calculate rate is 1.0 my rate is 0.00525 color temperature change is  false
04-29 10:01:19.463731  1848  1893 W SettingsProvider: notifyForSettingsChange delay for eyeprotect_display_cct, value: 6129, delta: 0, lastNotifyTimestamp: 71184951, minInterval: 10
04-29 10:01:19.465190 32020 32020 I DebugLoggerUI/LogReceiver:  -->onReceive(), action=com.debug.loggerui.ADB_CMD
04-29 10:01:19.465575  7089 10668 I DeepThinker: RunningProcessManager: binder:7089_E wait for update = 20ms
04-29 10:01:19.465710  7089 10668 I DeepThinker: ConferenceScene: onForegroundServiceStateChanged 32020 10190 0 fg_stateMachinesuid is null
04-29 10:01:19.465784  7089  8566 I DeepThinker: DispatcherPolicy: onBaseEvent EventId=10022	ID_FOREGROUND_SERVICE_CHANGED	TimeStamp =1682733679465	Intent =null	Content =null	Pid =32020	PkgName =com.debug.loggerui	ExtraDta =Bundle[{foreground_service_type=0}]
04-29 10:01:19.467752 32020 32020 I DebugLoggerUI/LogReceiver:  -->onReceive(), action=com.debug.loggerui.ADB_CMD
04-29 10:01:19.468178 32020 32020 I DebugLoggerUI/LogReceiver:  -->onReceive(), action=com.debug.loggerui.ADB_CMD
04-29 10:01:19.469505 32020 32020 I DebugLoggerUI/DebugLoggerUIService: -->onCreate()
04-29 10:01:19.471770  1848  1893 D EyeProtect: AnimationManager:Calculate rate is 1.0 my rate is 0.00525 color temperature change is  false
04-29 10:01:19.471880  1848  1893 W SettingsProvider: notifyForSettingsChange ignore for eyeprotect_display_cct, value: 6128, delta: -2, lastNotifyTimestamp: 71184961, minInterval: 10
04-29 10:01:19.474327  1848  1848 D EyeProtect: AiCurveManager:decisionDataUsage front average lux is  137.9  back average lux is   5.0
04-29 10:01:19.474352  1848  1848 D EyeProtect: AiCurveManager:decisionDataUsage use front data 
04-29 10:01:19.478503  2486  2486 D OplusMultiUserManager: getMultiSystemUserIdNoCheck res: -10000
04-29 10:01:19.478968  2486  2486 D OplusMultiUserManager: getMultiSystemUserIdNoCheck res: -10000
04-29 10:01:19.480064  2486  2486 D SystemUi--Notification: NotificationEntryManage-->EMPTY_NOTIFICATION-->onNotificationPosted isTitleEmpty: true isTextEmpty: true isUpdateToInflatedNotif: false key: 0|com.oplus.olc|0|null|1000
04-29 10:01:19.480306  1848  1893 D EyeProtect: AnimationManager:Calculate rate is 1.0 my rate is 0.00525 color temperature change is  false
04-29 10:01:19.480610  1848  1893 W SettingsProvider: notifyForSettingsChange delay for eyeprotect_display_cct, value: 6127, delta: 7, lastNotifyTimestamp: 71184961, minInterval: 10
04-29 10:01:19.481798  4757  4758 E IHansComunication: HANS printMessageBody: RCV message: type = 0,port = 86870,caller_pid = 1248,caller_uid = 1047,target_pid = 31164,target_uid = 10373,pkg_cmd = -1,rpc = android.hardware.ICameraServiceListener/5
04-29 10:01:19.482025  1848  2567 I OplusHansManager : prevent start 31164 | 10373 com.douban.frodo android.hardware.ICameraServiceListener / 5 from 1248 1047 t: binder  r: hans
04-29 10:01:19.484001 31594 31594 D LogKit.LogCoreService: onStartCommand
04-29 10:01:19.484347 31594 31594 D LogKit.LogCoreService: notifyLogStateChanged
04-29 10:01:19.484843 24478 31756 D LogKit.LogServiceHelper: registerLogServiceState onLoggingStateChanged isLogging=true
04-29 10:01:19.484980 32020 32020 I DebugLoggerUI/DebugLoggerUIService: Version name=6.2.0
04-29 10:01:19.484989 24478 31756 D LogKit.LogCategoryRepository: onLoggingStateChanged, isLogging = true
04-29 10:01:19.485159 32050 32050 V GraphicsEnvironment: ANGLE Developer option for 'com.oplus.onetrace' set to: 'default'
04-29 10:01:19.485451 32020 32020 I DebugLoggerUI/ServiceStatusManager: statusChanged : ONCREATE_DONE, old status = null
04-29 10:01:19.485473 24478 31756 D LogKit.LogServiceHelper: registerLogServiceState onLoggingStateChanged isLogging=true
04-29 10:01:19.485506 24478 31756 D LogKit.LogCategoryRepository: onLoggingStateChanged, isLogging = true
04-29 10:01:19.485525 32020 32020 W DebugLoggerUI/ServiceStatusManager: Notification is disabled, does not show any notification.
04-29 10:01:19.485537 32020 32020 I DebugLoggerUI/ServiceStatusManager: setNotificationsEnabledForPackage() enabled ? false
04-29 10:01:19.485708 24478 31756 D LogKit.LogServiceHelper: registerLogServiceState onLoggingStateChanged isLogging=true
04-29 10:01:19.485738 24478 31756 D LogKit.LogCategoryRepository: onLoggingStateChanged, isLogging = true
04-29 10:01:19.485957 32050 32050 V GraphicsEnvironment: ANGLE GameManagerService for com.oplus.onetrace: false
04-29 10:01:19.486753 31636 31650 W .oplus.uxdesign: Cleared Reference was only reachable from finalizer (only reported once)
04-29 10:01:19.486910 32020 32020 I DebugLoggerUI/ServiceStatusManager: setNotificationsEnabledForPackage() enabled = false, applicationInfo.uid = 10190
04-29 10:01:19.487278 32020 32020 I DebugLoggerUI/ServiceStatusManager: mChannel is null or can not find!
04-29 10:01:19.487915 32050 32050 D NetworkSecurityConfig: No Network Security Config specified, using platform default
04-29 10:01:19.488095 32050 32050 D NetworkSecurityConfig: No Network Security Config specified, using platform default
04-29 10:01:19.488249 32020 32020 I DebugLoggerUI: isAutoTest()-> Monkey running flag is false, isUserAMonkey=false
04-29 10:01:19.488460 32020 32020 D CompatibilityChangeReporter: Compat change id reported: 160794467; UID 10190; state: ENABLED
04-29 10:01:19.488551  1848  1893 D EyeProtect: AnimationManager:Calculate rate is 1.0 my rate is 0.00525 color temperature change is  false
04-29 10:01:19.488792 32020 32020 W DebugLoggerUI/ServiceStatusManager: showServiceNotification(), context = DebugLoggerUIService ...
04-29 10:01:19.488820  1848  1893 W SettingsProvider: notifyForSettingsChange delay for eyeprotect_display_cct, value: 6126, delta: 5, lastNotifyTimestamp: 71184971, minInterval: 10
04-29 10:01:19.488958  1848  1893 E EyeProtect: EyeProtectManager:setColorMatrix: 1.0,0.0,0.0,0.0,0.0,0.975,0.0,0.0,0.0,0.0,0.911,0.0,0.0,0.0,0.0,1.0
04-29 10:01:19.490364 32020 32020 W DebugLoggerUI/ServiceStatusManager: Notification is disabled, does not show any notification.
04-29 10:01:19.490401 32020 32020 I DebugLoggerUI/ServiceStatusManager: setNotificationsEnabledForPackage() enabled ? false
04-29 10:01:19.490534 32020 32020 I DebugLoggerUI/ServiceStatusManager: setNotificationsEnabledForPackage() enabled = false, applicationInfo.uid = 10190
04-29 10:01:19.490794 32020 32020 I DebugLoggerUI/DebugLoggerUIServiceManager: Service is init!
04-29 10:01:19.492452  2789  3422 I Athena  : CommonAction: 22,4050,126,3104,5631,45,533,405,2934,3832,1482,2072,1.4412904,22
04-29 10:01:19.492490   953   953 I hwcomposer: [HWCDisplay] (0) setColorTransform hint:1 ok:1 Transform Ioctl 1  
04-29 10:01:19.492770  2486  2486 D InterruptionStateProvider: No heads up: unimportant notification: 0|com.oplus.olc|0|null|1000
04-29 10:01:19.493109  2486  2612 D SystemUi--Notification: NotificationStatisticUtil-->Notification--statistics--notification post:UserHandle{0}com.oplus.olc0
04-29 10:01:19.493200  2486  2586 D PeopleSpaceWidgetMgr: Sbn doesn't contain valid PeopleTileKey: null/0/com.oplus.olc
04-29 10:01:19.493861   953   953 I hwcomposer: [HWCDisplay] setColorTransformForJob ccorr_state=0->0 hint=1 force_disable_color=0 linear=0  
04-29 10:01:19.494475  7089  8566 I DeepThinker: DispatcherPolicy: onBaseEvent EventId=36	INPUT_NOTIFICATION	TimeStamp =1682733679494	Intent =null	Content =null	Pid =31594	PkgName =com.oplus.olc	ExtraDta =Bundle[mParcelledData.dataSize=760]
04-29 10:01:19.494647  7089  8566 I DeepThinker: BaseScene: NotificationScene : updateScene =  {31594,-1,com.oplus.olc}
04-29 10:01:19.494688  7089  8566 I DeepThinker: AppSceneEventManager: notifyEventResult eventType=106, pkgName=com.oplus.olc, pid=31594, eventTypeState=2
04-29 10:01:19.494721  7089  8566 I DeepThinker: EventHubService#EventHubBinderServer: broadcastEvent onEventStateChanged 27383558
04-29 10:01:19.496295 32020 32020 I DebugLoggerUI/DebugLoggerUIService: -->onStartCommand()
04-29 10:01:19.496373  1848  4302 I AppFeature->provider: com.oplus.onetrace query feature:os.tool.onetrace.performance.ottrace from app_feature table.
04-29 10:01:19.496589  1848  1893 D EyeProtect: AnimationManager:Calculate rate is 1.0 my rate is 0.00525 color temperature change is  false
04-29 10:01:19.496812  1848  1893 W SettingsProvider: notifyForSettingsChange delay for eyeprotect_display_cct, value: 6125, delta: 3, lastNotifyTimestamp: 71184981, minInterval: 10
04-29 10:01:19.497995 32020 32020 I DebugLoggerUI/LogConfig: -->checkConfig()
04-29 10:01:19.498563  2486  2486 D InterruptionStateProvider: No heads up: unimportant notification: 0|com.oplus.olc|1|null|1000
04-29 10:01:19.498690  2486  2612 D SystemUi--Notification: NotificationStatisticUtil-->Notification--statistics--notification post:UserHandle{0}com.oplus.olc1
04-29 10:01:19.498784  2486  2586 D PeopleSpaceWidgetMgr: Sbn doesn't contain valid PeopleTileKey: null/0/com.oplus.olc
04-29 10:01:19.498919  1848  4302 I AppFeature->provider: com.oplus.onetrace query feature:os.tool.onetrace.liteos.performance.ottrace from app_feature table.
04-29 10:01:19.499437  7089  8566 I DeepThinker: DispatcherPolicy: onBaseEvent EventId=36	INPUT_NOTIFICATION	TimeStamp =1682733679499	Intent =null	Content =null	Pid =31594	PkgName =com.oplus.olc	ExtraDta =Bundle[mParcelledData.dataSize=760]
04-29 10:01:19.499547 32050 32050 E AppFeatureProviderUtils: getBoolean: getStringForFeature return null
04-29 10:01:19.499626  7089  8566 I DeepThinker: BaseScene: NotificationScene : updateScene =  {31594,-1,com.oplus.olc}
04-29 10:01:19.500255  7089  8566 I DeepThinker: AppSceneEventManager: notifyEventResult eventType=106, pkgName=com.oplus.olc, pid=31594, eventTypeState=2
04-29 10:01:19.500346  7089  8566 I DeepThinker: EventHubService#EventHubBinderServer: broadcastEvent onEventStateChanged 27383558
04-29 10:01:19.501711  2486  2486 D OplusMultiUserManager: getMultiSystemUserIdNoCheck res: -10000
04-29 10:01:19.503297 32050 32146 W System.err: java.io.FileNotFoundException: CORE-LOG-2_2023-04-29_10-01-19: open failed: EROFS (Read-only file system)
04-29 10:01:19.503615 32050 32146 W System.err: 	at libcore.io.IoBridge.open(IoBridge.java:574)
04-29 10:01:19.503675 32050 32146 W System.err: 	at java.io.RandomAccessFile.<init>(RandomAccessFile.java:289)
04-29 10:01:19.503787 32050 32146 W System.err: 	at c1.b.<init>(MappedByteBufferWriter.java:13)
04-29 10:01:19.503831 32050 32146 W System.err: 	at e1.g.<init>(DebugTool.java:9)
04-29 10:01:19.503880 32050 32146 W System.err: 	at e1.e.c(CoreLog.java:19)
04-29 10:01:19.503873   953  1613 I hwcomposer: [DRMDEV] create blob id of color transform[success] mode=1 f=0 mat=2048    0    0    0   0 1997    0    0   0    0 1866    0   0    0    0 2048  
04-29 10:01:19.503933 32050 32146 W System.err: 	at e1.e.i(CoreLog.java:4)
04-29 10:01:19.503977 32050 32146 W System.err: 	at e1.e.a(CoreLog.java:1)
04-29 10:01:19.504015 32050 32146 W System.err: 	at e1.c.run(R8$$SyntheticClass:9)
04-29 10:01:19.504055 32050 32146 W System.err: 	at android.os.Handler.handleCallback(Handler.java:942)
04-29 10:01:19.504095 32050 32146 W System.err: 	at android.os.Handler.dispatchMessage(Handler.java:99)
04-29 10:01:19.504173 32050 32146 W System.err: 	at android.os.Looper.loopOnce(Looper.java:240)
04-29 10:01:19.504221 32050 32146 W System.err: 	at android.os.Looper.loop(Looper.java:351)
04-29 10:01:19.504261 32050 32146 W System.err: 	at android.os.HandlerThread.run(HandlerThread.java:67)
04-29 10:01:19.504385 32050 32146 W System.err: Caused by: android.system.ErrnoException: open failed: EROFS (Read-only file system)
04-29 10:01:19.504433 32050 32146 W System.err: 	at libcore.io.Linux.open(Native Method)
04-29 10:01:19.504475 32050 32146 W System.err: 	at libcore.io.ForwardingOs.open(ForwardingOs.java:563)
04-29 10:01:19.504514 32050 32146 W System.err: 	at libcore.io.BlockGuardOs.open(BlockGuardOs.java:274)
04-29 10:01:19.504554 32050 32146 W System.err: 	at libcore.io.ForwardingOs.open(ForwardingOs.java:563)
04-29 10:01:19.504594 32050 32146 W System.err: 	at android.app.ActivityThread$AndroidOs.open(ActivityThread.java:8272)
04-29 10:01:19.504659 32050 32146 W System.err: 	at libcore.io.IoBridge.open(IoBridge.java:560)
04-29 10:01:19.504698 32050 32146 W System.err: 	... 12 more
04-29 10:01:19.505038  1848  1893 D EyeProtect: AnimationManager:Calculate rate is 1.0 my rate is 0.00525 color temperature change is  false
04-29 10:01:19.505197  1848  1893 W SettingsProvider: notifyForSettingsChange delay for eyeprotect_display_cct, value: 6124, delta: 2, lastNotifyTimestamp: 71184991, minInterval: 10
04-29 10:01:19.505266  2486  2486 D InterruptionStateProvider: No heads up: unimportant notification: 0|com.oplus.olc|1|null|1000
04-29 10:01:19.505324  2486  2486 D SystemUi--Notification: NotificationStatisticUtil-->filter duplicate notice.
04-29 10:01:19.505561 32020 32143 I DebugLoggerUI/DebugLoggerUIService:  mNativeStateHandler receive message, what=3, arg1=0, arg2=0
04-29 10:01:19.505646 32020 32143 I DebugLoggerUI/DebugLoggerUIService: initLogsForBootup(), mIsDoingInitLogs = false
04-29 10:01:19.505798  2486  2586 D PeopleSpaceWidgetMgr: Sbn doesn't contain valid PeopleTileKey: null/0/com.oplus.olc
04-29 10:01:19.505986 28864 28944 I [0]DCS-StrategyManager: isNeedUpload: cache, type: 2006, appID: 20082, logTag: 20082, eventID: notification_post
04-29 10:01:19.511015  2778  3496 D PhoneInterfaceManager: [PhoneIntfMgr] QueryTelephonyChecker-getDataNetworkTypeForSubscriber: packageName = com.oplus.statistics.rom, isGrant = true
04-29 10:01:19.511275 32144 32144 D Debuglog: path: /cache/recovery, 8/240
04-29 10:01:19.512887 32020 32149 I DebugLoggerUI/TagLog/LogFilesManager: -->checkDoFileManager
04-29 10:01:19.512915 32020 32149 I DebugLoggerUI: isTaglogEnable ? false
04-29 10:01:19.513304 32020 32148 I DebugLoggerUI/TagLog/TagLogManager: -->mTaglogManagerHandler msg.what = 8
04-29 10:01:19.513320  1848  1893 D EyeProtect: AnimationManager:Calculate rate is 1.0 my rate is 0.00525 color temperature change is  false
04-29 10:01:19.513410 32020 32020 I DebugLoggerUI/ServiceStatusManager: statusChanged : ONSTARTCOMMAND_DONE, old status = ONCREATE_DONE
04-29 10:01:19.513585  1848  1893 W SettingsProvider: notifyForSettingsChange delay for eyeprotect_display_cct, value: 6123, delta: 0, lastNotifyTimestamp: 71185001, minInterval: 10
04-29 10:01:19.516061 32050 32146 W System.err: java.io.IOException: Permission denied
04-29 10:01:19.516282 32050 32146 W System.err: 	at sun.nio.ch.FileChannelImpl.map0(Native Method)
04-29 10:01:19.516300 32050 32146 W System.err: 	at sun.nio.ch.FileChannelImpl.map(FileChannelImpl.java:984)
04-29 10:01:19.516312 32050 32146 W System.err: 	at c1.b.<init>(MappedByteBufferWriter.java:26)
04-29 10:01:19.516322 32050 32146 W System.err: 	at e1.g.<init>(DebugTool.java:9)
04-29 10:01:19.516337 32050 32146 W System.err: 	at e1.e.c(CoreLog.java:19)
04-29 10:01:19.516348 32050 32146 W System.err: 	at e1.e.i(CoreLog.java:4)
04-29 10:01:19.516359 32050 32146 W System.err: 	at e1.e.a(CoreLog.java:1)
04-29 10:01:19.516369 32050 32146 W System.err: 	at e1.c.run(R8$$SyntheticClass:9)
04-29 10:01:19.516381 32050 32146 W System.err: 	at android.os.Handler.handleCallback(Handler.java:942)
04-29 10:01:19.516391 32050 32146 W System.err: 	at android.os.Handler.dispatchMessage(Handler.java:99)
04-29 10:01:19.516402 32050 32146 W System.err: 	at android.os.Looper.loopOnce(Looper.java:240)
04-29 10:01:19.516416 32050 32146 W System.err: 	at android.os.Looper.loop(Looper.java:351)
04-29 10:01:19.516428 32050 32146 W System.err: 	at android.os.HandlerThread.run(HandlerThread.java:67)
04-29 10:01:19.517464 32020 32155 W LogHandler/LogSocketConnection: Exception happens when connect to ABSTRACT socket server : com.mediatek.mdlogger.socket,retry as RESERVED
04-29 10:01:19.517654 32020 32155 W LogHandler/LogSocketConnection: Exception happens when connect to RESERVED socket server : com.mediatek.mdlogger.socket
04-29 10:01:19.522181  1848  1893 D EyeProtect: AnimationManager:Calculate rate is 1.0 my rate is 0.00525 color temperature change is  false
04-29 10:01:19.522586  1848  1893 W SettingsProvider: notifyForSettingsChange ignore for eyeprotect_display_cct, value: 6122, delta: -1, lastNotifyTimestamp: 71185011, minInterval: 10
04-29 10:01:19.526348 32020 32148 W DebugLoggerUI/TagLog/DBManager: getNotCompleteTaglogList = null
04-29 10:01:19.526887 32020 32148 I DebugLoggerUI/TagLog/TagLogManager: -->resumeTag(), no taglog need resume, just return!
04-29 10:01:19.527923 32020 32148 I DebugLoggerUI/TagLog/ExceptionMonitor: startExceptionMonitor is not running, start it!
04-29 10:01:19.528242 32020 32148 I DebugLoggerUI/TagLog/ExceptionMonitor: Start file monitor for /data/aee_exp/file_tree.txt
04-29 10:01:19.529960  1848  1893 D EyeProtect: AnimationManager:Calculate rate is 1.0 my rate is 0.00525 color temperature change is  false
04-29 10:01:19.530270  1848  1893 W SettingsProvider: notifyForSettingsChange delay for eyeprotect_display_cct, value: 6121, delta: 7, lastNotifyTimestamp: 71185011, minInterval: 10
04-29 10:01:19.531461 32020 32148 I DebugLoggerUI/TagLog/ExceptionMonitor: Start file monitor for /data/vendor/aee_exp/file_tree.txt
04-29 10:01:19.535935  2486  2657 D SystemUi--Statusbar: NetworkController.MobileSignalController(1)-->onMobileStatusChanged= updateTelephony=true mobileStatus=[activityIn=false,activityOut=false,dataSim=false,carrierNetworkChangeMode=false,dataState=0,serviceState=mVoiceRegState=0(IN_SERVICE), mDataRegState=0(IN_SERVICE),signalStrength=3,telephonyDisplayInfo=TelephonyDisplayInfo {network=NR, override=NONE}]
04-29 10:01:19.536090  2486  2657 D SystemUi--Statusbar: MobileControllerEx(1)-->updateTelephonyDisplayInfo: slotId = 0,networkType = 20, overrideNetworkType = 0, nrState = 3
04-29 10:01:19.538038  1848  2080 D FusionLightNextGen: process type = 33171070, lux = 133, time_delta = 100, pwm_turbo = 0, brightness = 1645, r = 17775, g = 11578, b = 7593, c = 31544
04-29 10:01:19.538054  2486  2657 D SystemUi--Statusbar: NetworkController.MobileSignalController(1)-->updateTelephonySignalStrength: hasService=true isDataDisabled =false slot= 0 ss=SignalStrength:{mCdma=CellSignalStrengthCdma: cdmaDbm=2147483647 cdmaEcio=2147483647 evdoDbm=2147483647 evdoEcio=2147483647 evdoSnr=2147483647 level=0,mGsm=CellSignalStrengthGsm: rssi=2147483647 ber=2147483647 mTa=2147483647 mLevel=0,mWcdma=CellSignalStrengthWcdma: ss=2147483647 ber=2147483647 rscp=2147483647 ecno=2147483647 level=0,mTdscdma=CellSignalStrengthTdscdma: rssi=2147483647 ber=2147483647 rscp=2147483647 level=0,mLte=CellSignalStrengthLte: rssi=2147483647 rsrp=2147483647 rsrq=2147483647 rssnr=2147483647 cqiTableIndex=2147483647 cqi=2147483647 ta=2147483647 level=0 parametersUseForLevel=0,mNr=CellSignalStrengthNr:{ csiRsrp = 2147483647 csiRsrq = 2147483647 csiCqiTableIndex = 2147483647 csiCqiReport = [] ssRsrp = -71 ssRsrq = -11 ssSinr = 17 level = 3 parametersUseForLevel = 0 },primary=CellSignalStrengthNr}, phoneId=0, mMtkLevel=0, mMtkRsrpOnly=false, mMtkLteRsrpThreshold=null, mMtkLteRssnrThreshold=null displayInfo=TelephonyDisplayInfo {network=NR, override=NR_NSA}
04-29 10:01:19.538066  1848  2080 D FusionLightNextGen: process end reported = 1 outEvent->light = 133.000000 mLastBrightLevel = 1645
04-29 10:01:19.538224  1848  1893 D EyeProtect: AnimationManager:Calculate rate is 1.0 my rate is 0.00525 color temperature change is  false
04-29 10:01:19.538491  1848  1893 W SettingsProvider: notifyForSettingsChange delay for eyeprotect_display_cct, value: 6120, delta: 5, lastNotifyTimestamp: 71185021, minInterval: 10
04-29 10:01:19.538792  1848  1848 D EyeProtect: AiCurveManager:decisionDataUsage front average lux is  137.2  back average lux is   5.0
04-29 10:01:19.538826  1848  1848 D EyeProtect: AiCurveManager:decisionDataUsage use front data 
04-29 10:01:19.539697  2486  2657 D SystemUi--Statusbar: OplusNetworkControllerExImpl-->getSignalStrengthLevel: slotId = 0, osLevel[0] = 4, osLevel[1] = 4, cardType = 1
04-29 10:01:19.541003 32020 32180 I DebugLoggerUI/TagLog/TagLogManager: syncHistoryInfoToDB() : historyPath = /data/vendor/aee_exp/file_tree.txt
04-29 10:01:19.541933 32020 32179 I DebugLoggerUI/TagLog/TagLogManager: syncHistoryInfoToDB() : historyPath = /data/aee_exp/file_tree.txt
04-29 10:01:19.542045 32020 32179 W DebugLoggerUI/Utils: fileTree is null or does not exist!
04-29 10:01:19.542307 32020 32180 W System.err: java.io.FileNotFoundException: /data/vendor/aee_exp/file_tree.txt: open failed: EACCES (Permission denied)
04-29 10:01:19.542366 32020 32180 W System.err: 	at libcore.io.IoBridge.open(IoBridge.java:574)
04-29 10:01:19.542374 32020 32180 W System.err: 	at java.io.FileInputStream.<init>(FileInputStream.java:160)
04-29 10:01:19.542379 32020 32180 W System.err: 	at java.io.FileReader.<init>(FileReader.java:75)
04-29 10:01:19.542385 32020 32180 W System.err: 	at com.debug.loggerui.utils.Utils.getLogFolderFromFileTree(Utils.java:1918)
04-29 10:01:19.542390 32020 32180 W System.err: 	at com.debug.loggerui.taglog.TagLogManager.syncHistoryInfoToDB(TagLogManager.java:281)
04-29 10:01:19.542395 32020 32180 W System.err: 	at com.debug.loggerui.taglog.TagLogManager$1.run(TagLogManager.java:262)
04-29 10:01:19.542399 32020 32180 W System.err: 	at java.lang.Thread.run(Thread.java:1012)
04-29 10:01:19.542404 32020 32180 W System.err: 	at java.util.concurrent.ThreadPoolExecutor.runWorker(ThreadPoolExecutor.java:1137)
04-29 10:01:19.542410 32020 32180 W System.err: 	at java.util.concurrent.ThreadPoolExecutor$Worker.run(ThreadPoolExecutor.java:637)
04-29 10:01:19.542414 32020 32180 W System.err: 	at java.lang.Thread.run(Thread.java:1012)
04-29 10:01:19.542446 32020 32180 W System.err: Caused by: android.system.ErrnoException: open failed: EACCES (Permission denied)
04-29 10:01:19.542454 32020 32180 W System.err: 	at libcore.io.Linux.open(Native Method)
04-29 10:01:19.542460 32020 32180 W System.err: 	at libcore.io.ForwardingOs.open(ForwardingOs.java:563)
04-29 10:01:19.542464 32020 32180 W System.err: 	at libcore.io.BlockGuardOs.open(BlockGuardOs.java:274)
04-29 10:01:19.542468 32020 32180 W System.err: 	at libcore.io.ForwardingOs.open(ForwardingOs.java:563)
04-29 10:01:19.542473 32020 32180 W System.err: 	at android.app.ActivityThread$AndroidOs.open(ActivityThread.java:8272)
04-29 10:01:19.542478 32020 32180 W System.err: 	at libcore.io.IoBridge.open(IoBridge.java:560)
04-29 10:01:19.542482 32020 32180 W System.err: 	... 9 more
04-29 10:01:19.542494 32020 32180 I DebugLoggerUI/Utils: <--getPathFromFileTree() fileTree = /data/vendor/aee_exp/file_tree.txt, fileList.size = 0
04-29 10:01:19.543046 32020 32179 I DebugLoggerUI/TagLog/TagLogManager: no db infors at /data/aee_exp/file_tree.txt
04-29 10:01:19.543215 32020 32180 I DebugLoggerUI/TagLog/TagLogManager: no db infors at /data/vendor/aee_exp/file_tree.txt
04-29 10:01:19.545546  2486  2657 D SystemUi--Statusbar: OplusNetworkControllerExImpl-->updateDataConnected:slotId = 0,dataSim = false,dataConnect = false
04-29 10:01:19.545830  2486  2657 D SystemUi--Statusbar: MobileControllerEx(1)-->updateMobileGenimi slotId:0
04-29 10:01:19.546495  1848  1893 D EyeProtect: AnimationManager:Calculate rate is 1.0 my rate is 0.00525 color temperature change is  false
04-29 10:01:19.546787  1848  1893 W SettingsProvider: notifyForSettingsChange delay for eyeprotect_display_cct, value: 6119, delta: 3, lastNotifyTimestamp: 71185031, minInterval: 10
04-29 10:01:19.546859  2486  2657 D SystemUi--Statusbar: MobileControllerEx-->inHideVolteList slotId:0,isInHideVolteList:false
04-29 10:01:19.546887  2486  2657 D SystemUi--Statusbar: OplusNetworkControllerExImpl-->slot:0,shouldShowVolte isVolteMobileType:true
04-29 10:01:19.547013  1848  1893 W SettingsProvider: notifyForSettingsChange ignore for eyeprotect_display_cct, value: 6119, delta: -7, lastNotifyTimestamp: 71185041, minInterval: 10
04-29 10:01:19.547030  2486  2657 D SystemUi--Statusbar: OplusNetworkControllerExImpl-->updateVolteOrVowifiIcon: slotId = 0,simInsert1 = true,simInsert2 = true,simStateIMSI1 = true,simStateIMSI2 = true,simStateLoaded = true,simStateLoaded = true,shouldShowVolte1 = true,shouldShowVolte2 = true,shouldShowVowifi1 = false,shouldShowVowifi2 = false,isVolteSwitchOn = true,voiceCapable = true,videoCapable = true,imsRegistered = true,registerTech = 0,isWfcCallingEnabledbyUser = false,roaming = false
04-29 10:01:19.547112  1848  1893 D EyeProtect: AnimationManager:setCCT:6119    ,mode:0
04-29 10:01:19.548332  2486  2657 D SystemUi--Statusbar: MobileControllerEx(1)-->notifyListeners mobileState=connected=true,enabled=true,level=4,inetCondition=1,iconGroup=IconGroup(5G_PLUS),activityIn=false,activityOut=false,rssi=0,lastModified=04-29 10:01:19.545,dataSim=false,
04-29 10:01:19.548332  2486  2657 D SystemUi--Statusbar: 	dataConnected=false,roaming=false,isDefault=true,isEmergency=false,airplaneMode=false,carrierNetworkChangeMode=false,userSetup=true,dataState=0,defaultDataOff=false,
04-29 10:01:19.548332  2486  2657 D SystemUi--Statusbar: 	showQuickSettingsRatIcon=false,voiceServiceState=0,isInService=true,serviceState=serviceState={state=0,isEmergencyOnly=false,roaming=false,operatorNameAlphaShort=},signalStrength=signalStrength={isGsm=true,level=3},
04-29 10:01:19.548332  2486  2657 D SystemUi--Statusbar: 	displayInfo=TelephonyDisplayInfo {network=NR, override=NR_NSA},imsRegistered=true,voiceCapable=true,videoCapable=true
04-29 10:01:19.548433  2486  2657 D SystemUi--Statusbar: MobileControllerEx(1)-->notifyListeners dataDisabled=false Icons=IconGroup(5G_PLUS) icons.dataType=2131236454
04-29 10:01:19.548500  2486  2657 D SystemUi--Statusbar: MobileControllerEx(1)-->notifyListeners mConfig.alwaysShowDataRatIcon=true mobileDataIndicators=MobileDataIndicators[statusIcon=[visible=true,icon=2131236486,contentDescription=],qsIcon=,statusType=2131236454,qsType=0,activityIn=false,activityOut=false,typeContentDescription=5G,typeContentDescriptionHtml=5G,subId=1,roaming=false,showTriangle=true]
04-29 10:01:19.552030 32050 32173 W ProfileLoaderTask: The content of column:xml is empty!
04-29 10:01:19.553250  2486  2486 D SystemUi--Statusbar: StatusBarSignalPolicy-->MobileIconStates: [MobileIconState(subId=1, strengthId=2131236486, showTriangle=true, roaming=false, typeId=2131236454, visible=true , wifiVisible: false , dataConnect:false , isDefault:true), MobileIconState(subId=2, strengthId=2131236486, showTriangle=true, roaming=false, typeId=2131236454, visible=true , wifiVisible: false , dataConnect:true , isDefault:true)]
04-29 10:01:19.554098 32050 32174 W ProfileLoaderTask: The content of column:xml is empty!
04-29 10:01:19.554313  2486  2486 D SystemUi--Statusbar: StatusBarSignalPolicyExt-->updateVolteIcon: volteIconId= com.android.systemui:drawable/stat_signal_volte_sim_both, visible = true
04-29 10:01:19.554366  2486  2486 D SystemUi--Statusbar: StatusBarSignalPolicyExt-->updateVoWifiIcon: vowifiIconId = (null), visible = false
04-29 10:01:19.557642 32020 32020 I DebugLoggerUI/ServiceStatusManager: getAllRunningLogTypes() runningTypes.Size = 0
